Archive member included to satisfy reference by file (symbol)

c:/st/stm32cubeide_1.3.0/stm32cubeide/plugins/com.st.stm32cube.ide.mcu.externaltools.gnu-tools-for-stm32.7-2018-q2-update.win32_1.0.0.201904181610/tools/bin/../lib/gcc/arm-none-eabi/7.3.1/../../../../arm-none-eabi/lib/thumb/v7-m\libc_nano.a(lib_a-errno.o)
                              Core/Src/syscalls.o (__errno)
c:/st/stm32cubeide_1.3.0/stm32cubeide/plugins/com.st.stm32cube.ide.mcu.externaltools.gnu-tools-for-stm32.7-2018-q2-update.win32_1.0.0.201904181610/tools/bin/../lib/gcc/arm-none-eabi/7.3.1/../../../../arm-none-eabi/lib/thumb/v7-m\libc_nano.a(lib_a-exit.o)
                              c:/st/stm32cubeide_1.3.0/stm32cubeide/plugins/com.st.stm32cube.ide.mcu.externaltools.gnu-tools-for-stm32.7-2018-q2-update.win32_1.0.0.201904181610/tools/bin/../lib/gcc/arm-none-eabi/7.3.1/../../../../arm-none-eabi/lib/thumb/v7-m/crt0.o (exit)
c:/st/stm32cubeide_1.3.0/stm32cubeide/plugins/com.st.stm32cube.ide.mcu.externaltools.gnu-tools-for-stm32.7-2018-q2-update.win32_1.0.0.201904181610/tools/bin/../lib/gcc/arm-none-eabi/7.3.1/../../../../arm-none-eabi/lib/thumb/v7-m\libc_nano.a(lib_a-impure.o)
                              c:/st/stm32cubeide_1.3.0/stm32cubeide/plugins/com.st.stm32cube.ide.mcu.externaltools.gnu-tools-for-stm32.7-2018-q2-update.win32_1.0.0.201904181610/tools/bin/../lib/gcc/arm-none-eabi/7.3.1/../../../../arm-none-eabi/lib/thumb/v7-m\libc_nano.a(lib_a-exit.o) (_global_impure_ptr)
c:/st/stm32cubeide_1.3.0/stm32cubeide/plugins/com.st.stm32cube.ide.mcu.externaltools.gnu-tools-for-stm32.7-2018-q2-update.win32_1.0.0.201904181610/tools/bin/../lib/gcc/arm-none-eabi/7.3.1/../../../../arm-none-eabi/lib/thumb/v7-m\libc_nano.a(lib_a-init.o)
                              c:/st/stm32cubeide_1.3.0/stm32cubeide/plugins/com.st.stm32cube.ide.mcu.externaltools.gnu-tools-for-stm32.7-2018-q2-update.win32_1.0.0.201904181610/tools/bin/../lib/gcc/arm-none-eabi/7.3.1/../../../../arm-none-eabi/lib/thumb/v7-m/crt0.o (__libc_init_array)
c:/st/stm32cubeide_1.3.0/stm32cubeide/plugins/com.st.stm32cube.ide.mcu.externaltools.gnu-tools-for-stm32.7-2018-q2-update.win32_1.0.0.201904181610/tools/bin/../lib/gcc/arm-none-eabi/7.3.1/../../../../arm-none-eabi/lib/thumb/v7-m\libc_nano.a(lib_a-memcpy-stub.o)
                              APP/userapp.o (memcpy)
c:/st/stm32cubeide_1.3.0/stm32cubeide/plugins/com.st.stm32cube.ide.mcu.externaltools.gnu-tools-for-stm32.7-2018-q2-update.win32_1.0.0.201904181610/tools/bin/../lib/gcc/arm-none-eabi/7.3.1/../../../../arm-none-eabi/lib/thumb/v7-m\libc_nano.a(lib_a-memset.o)
                              c:/st/stm32cubeide_1.3.0/stm32cubeide/plugins/com.st.stm32cube.ide.mcu.externaltools.gnu-tools-for-stm32.7-2018-q2-update.win32_1.0.0.201904181610/tools/bin/../lib/gcc/arm-none-eabi/7.3.1/../../../../arm-none-eabi/lib/thumb/v7-m/crt0.o (memset)
c:/st/stm32cubeide_1.3.0/stm32cubeide/plugins/com.st.stm32cube.ide.mcu.externaltools.gnu-tools-for-stm32.7-2018-q2-update.win32_1.0.0.201904181610/tools/bin/../lib/gcc/arm-none-eabi/7.3.1/thumb/v7-m\libgcc.a(_arm_addsubdf3.o)
                              APP/useruart.o (__aeabi_ui2d)
c:/st/stm32cubeide_1.3.0/stm32cubeide/plugins/com.st.stm32cube.ide.mcu.externaltools.gnu-tools-for-stm32.7-2018-q2-update.win32_1.0.0.201904181610/tools/bin/../lib/gcc/arm-none-eabi/7.3.1/thumb/v7-m\libgcc.a(_arm_muldivdf3.o)
                              APP/useruart.o (__aeabi_dmul)
c:/st/stm32cubeide_1.3.0/stm32cubeide/plugins/com.st.stm32cube.ide.mcu.externaltools.gnu-tools-for-stm32.7-2018-q2-update.win32_1.0.0.201904181610/tools/bin/../lib/gcc/arm-none-eabi/7.3.1/thumb/v7-m\libgcc.a(_arm_fixunsdfsi.o)
                              APP/useruart.o (__aeabi_d2uiz)

Allocating common symbols
Common symbol       size              file

hUsbDeviceFS        0x2c4             USB_DEVICE/App/usb_device.o
hdma_usart2_rx      0x44              Core/Src/main.o
htim4               0x40              Core/Src/stm32f1xx_hal_timebase_tim.o
hi2c1               0x54              Core/Src/main.o
uwTick              0x4               Drivers/STM32F1xx_HAL_Driver/Src/stm32f1xx_hal.o
pFlash              0x20              Drivers/STM32F1xx_HAL_Driver/Src/stm32f1xx_hal_flash.o
UserRxBufferFS      0x3e8             USB_DEVICE/App/usbd_cdc_if.o
i2c_rx_buff         0x3e8             APP/useri2c.o
hdma_usart2_tx      0x44              Core/Src/main.o
UserTxBufferFS      0x3e8             USB_DEVICE/App/usbd_cdc_if.o
w25qxx              0x28              3rdparty/w25qxx/w25qxx.o
hspi1               0x58              Core/Src/main.o
huart2              0x40              Core/Src/main.o
hpcd_USB_FS         0x26c             USB_DEVICE/Target/usbd_conf.o
USBD_StrDesc        0x200             USB_DEVICE/App/usbd_desc.o
uart_rx_buff        0x3e8             APP/useruart.o

Discarded input sections

[...]
Memory Configuration

Name             Origin             Length             Attributes
RAM              0x0000000020000000 0x0000000000005000 xrw
FLASH            0x0000000008000000 0x0000000000010000 xr
*default*        0x0000000000000000 0xffffffffffffffff

Linker script and memory map

LOAD c:/st/stm32cubeide_1.3.0/stm32cubeide/plugins/com.st.stm32cube.ide.mcu.externaltools.gnu-tools-for-stm32.7-2018-q2-update.win32_1.0.0.201904181610/tools/bin/../lib/gcc/arm-none-eabi/7.3.1/thumb/v7-m/crti.o
LOAD c:/st/stm32cubeide_1.3.0/stm32cubeide/plugins/com.st.stm32cube.ide.mcu.externaltools.gnu-tools-for-stm32.7-2018-q2-update.win32_1.0.0.201904181610/tools/bin/../lib/gcc/arm-none-eabi/7.3.1/thumb/v7-m/crtbegin.o
LOAD c:/st/stm32cubeide_1.3.0/stm32cubeide/plugins/com.st.stm32cube.ide.mcu.externaltools.gnu-tools-for-stm32.7-2018-q2-update.win32_1.0.0.201904181610/tools/bin/../lib/gcc/arm-none-eabi/7.3.1/../../../../arm-none-eabi/lib/thumb/v7-m/crt0.o
LOAD 3rdparty/EEPROM24xx/eeprom24xx.o
LOAD 3rdparty/w25qxx/w25qxx.o
LOAD APP/userapp.o
LOAD APP/useri2c.o
LOAD APP/userspi.o
LOAD APP/useruart.o
LOAD Core/Src/main.o
LOAD Core/Src/stm32f1xx_hal_msp.o
LOAD Core/Src/stm32f1xx_hal_timebase_tim.o
LOAD Core/Src/stm32f1xx_it.o
LOAD Core/Src/syscalls.o
LOAD Core/Src/sysmem.o
LOAD Core/Src/system_stm32f1xx.o
LOAD Core/Startup/startup_stm32f103c8tx.o
LOAD Drivers/STM32F1xx_HAL_Driver/Src/stm32f1xx_hal.o
LOAD Drivers/STM32F1xx_HAL_Driver/Src/stm32f1xx_hal_cortex.o
LOAD Drivers/STM32F1xx_HAL_Driver/Src/stm32f1xx_hal_dma.o
LOAD Drivers/STM32F1xx_HAL_Driver/Src/stm32f1xx_hal_exti.o
LOAD Drivers/STM32F1xx_HAL_Driver/Src/stm32f1xx_hal_flash.o
LOAD Drivers/STM32F1xx_HAL_Driver/Src/stm32f1xx_hal_flash_ex.o
LOAD Drivers/STM32F1xx_HAL_Driver/Src/stm32f1xx_hal_gpio.o
LOAD Drivers/STM32F1xx_HAL_Driver/Src/stm32f1xx_hal_gpio_ex.o
LOAD Drivers/STM32F1xx_HAL_Driver/Src/stm32f1xx_hal_i2c.o
LOAD Drivers/STM32F1xx_HAL_Driver/Src/stm32f1xx_hal_pcd.o
LOAD Drivers/STM32F1xx_HAL_Driver/Src/stm32f1xx_hal_pcd_ex.o
LOAD Drivers/STM32F1xx_HAL_Driver/Src/stm32f1xx_hal_pwr.o
LOAD Drivers/STM32F1xx_HAL_Driver/Src/stm32f1xx_hal_rcc.o
LOAD Drivers/STM32F1xx_HAL_Driver/Src/stm32f1xx_hal_rcc_ex.o
LOAD Drivers/STM32F1xx_HAL_Driver/Src/stm32f1xx_hal_spi.o
LOAD Drivers/STM32F1xx_HAL_Driver/Src/stm32f1xx_hal_tim.o
LOAD Drivers/STM32F1xx_HAL_Driver/Src/stm32f1xx_hal_tim_ex.o
LOAD Drivers/STM32F1xx_HAL_Driver/Src/stm32f1xx_hal_uart.o
LOAD Drivers/STM32F1xx_HAL_Driver/Src/stm32f1xx_ll_usb.o
LOAD Middlewares/ST/STM32_USB_Device_Library/Class/CDC/Src/usbd_cdc.o
LOAD Middlewares/ST/STM32_USB_Device_Library/Core/Src/usbd_core.o
LOAD Middlewares/ST/STM32_USB_Device_Library/Core/Src/usbd_ctlreq.o
LOAD Middlewares/ST/STM32_USB_Device_Library/Core/Src/usbd_ioreq.o
LOAD USB_DEVICE/App/usb_device.o
LOAD USB_DEVICE/App/usbd_cdc_if.o
LOAD USB_DEVICE/App/usbd_desc.o
LOAD USB_DEVICE/Target/usbd_conf.o
START GROUP
LOAD c:/st/stm32cubeide_1.3.0/stm32cubeide/plugins/com.st.stm32cube.ide.mcu.externaltools.gnu-tools-for-stm32.7-2018-q2-update.win32_1.0.0.201904181610/tools/bin/../lib/gcc/arm-none-eabi/7.3.1/../../../../arm-none-eabi/lib/thumb/v7-m\libstdc++_nano.a
LOAD c:/st/stm32cubeide_1.3.0/stm32cubeide/plugins/com.st.stm32cube.ide.mcu.externaltools.gnu-tools-for-stm32.7-2018-q2-update.win32_1.0.0.201904181610/tools/bin/../lib/gcc/arm-none-eabi/7.3.1/../../../../arm-none-eabi/lib/thumb/v7-m\libsupc++_nano.a
END GROUP
LOAD c:/st/stm32cubeide_1.3.0/stm32cubeide/plugins/com.st.stm32cube.ide.mcu.externaltools.gnu-tools-for-stm32.7-2018-q2-update.win32_1.0.0.201904181610/tools/bin/../lib/gcc/arm-none-eabi/7.3.1/../../../../arm-none-eabi/lib/thumb/v7-m\libstdc++_nano.a
LOAD c:/st/stm32cubeide_1.3.0/stm32cubeide/plugins/com.st.stm32cube.ide.mcu.externaltools.gnu-tools-for-stm32.7-2018-q2-update.win32_1.0.0.201904181610/tools/bin/../lib/gcc/arm-none-eabi/7.3.1/../../../../arm-none-eabi/lib/thumb/v7-m\libm.a
LOAD c:/st/stm32cubeide_1.3.0/stm32cubeide/plugins/com.st.stm32cube.ide.mcu.externaltools.gnu-tools-for-stm32.7-2018-q2-update.win32_1.0.0.201904181610/tools/bin/../lib/gcc/arm-none-eabi/7.3.1/../../../../arm-none-eabi/lib/thumb/v7-m\libc_nano.a
START GROUP
LOAD c:/st/stm32cubeide_1.3.0/stm32cubeide/plugins/com.st.stm32cube.ide.mcu.externaltools.gnu-tools-for-stm32.7-2018-q2-update.win32_1.0.0.201904181610/tools/bin/../lib/gcc/arm-none-eabi/7.3.1/thumb/v7-m\libgcc.a
LOAD c:/st/stm32cubeide_1.3.0/stm32cubeide/plugins/com.st.stm32cube.ide.mcu.externaltools.gnu-tools-for-stm32.7-2018-q2-update.win32_1.0.0.201904181610/tools/bin/../lib/gcc/arm-none-eabi/7.3.1/../../../../arm-none-eabi/lib/thumb/v7-m\libc_nano.a
END GROUP
START GROUP
LOAD c:/st/stm32cubeide_1.3.0/stm32cubeide/plugins/com.st.stm32cube.ide.mcu.externaltools.gnu-tools-for-stm32.7-2018-q2-update.win32_1.0.0.201904181610/tools/bin/../lib/gcc/arm-none-eabi/7.3.1/thumb/v7-m\libgcc.a
LOAD c:/st/stm32cubeide_1.3.0/stm32cubeide/plugins/com.st.stm32cube.ide.mcu.externaltools.gnu-tools-for-stm32.7-2018-q2-update.win32_1.0.0.201904181610/tools/bin/../lib/gcc/arm-none-eabi/7.3.1/../../../../arm-none-eabi/lib/thumb/v7-m\libc_nano.a
LOAD c:/st/stm32cubeide_1.3.0/stm32cubeide/plugins/com.st.stm32cube.ide.mcu.externaltools.gnu-tools-for-stm32.7-2018-q2-update.win32_1.0.0.201904181610/tools/bin/../lib/gcc/arm-none-eabi/7.3.1/../../../../arm-none-eabi/lib/thumb/v7-m\libnosys.a
END GROUP
START GROUP
LOAD c:/st/stm32cubeide_1.3.0/stm32cubeide/plugins/com.st.stm32cube.ide.mcu.externaltools.gnu-tools-for-stm32.7-2018-q2-update.win32_1.0.0.201904181610/tools/bin/../lib/gcc/arm-none-eabi/7.3.1/thumb/v7-m\libgcc.a
LOAD c:/st/stm32cubeide_1.3.0/stm32cubeide/plugins/com.st.stm32cube.ide.mcu.externaltools.gnu-tools-for-stm32.7-2018-q2-update.win32_1.0.0.201904181610/tools/bin/../lib/gcc/arm-none-eabi/7.3.1/../../../../arm-none-eabi/lib/thumb/v7-m\libc_nano.a
LOAD c:/st/stm32cubeide_1.3.0/stm32cubeide/plugins/com.st.stm32cube.ide.mcu.externaltools.gnu-tools-for-stm32.7-2018-q2-update.win32_1.0.0.201904181610/tools/bin/../lib/gcc/arm-none-eabi/7.3.1/../../../../arm-none-eabi/lib/thumb/v7-m\libnosys.a
END GROUP
LOAD c:/st/stm32cubeide_1.3.0/stm32cubeide/plugins/com.st.stm32cube.ide.mcu.externaltools.gnu-tools-for-stm32.7-2018-q2-update.win32_1.0.0.201904181610/tools/bin/../lib/gcc/arm-none-eabi/7.3.1/thumb/v7-m/crtend.o
LOAD c:/st/stm32cubeide_1.3.0/stm32cubeide/plugins/com.st.stm32cube.ide.mcu.externaltools.gnu-tools-for-stm32.7-2018-q2-update.win32_1.0.0.201904181610/tools/bin/../lib/gcc/arm-none-eabi/7.3.1/thumb/v7-m/crtn.o
                0x0000000020005000                _estack = (ORIGIN (RAM) + LENGTH (RAM))
                0x0000000000000200                _Min_Heap_Size = 0x200
                0x0000000000000400                _Min_Stack_Size = 0x400

.isr_vector     0x0000000008000000      0x10c
                0x0000000008000000                . = ALIGN (0x4)
 *(.isr_vector)
 .isr_vector    0x0000000008000000      0x10c Core/Startup/startup_stm32f103c8tx.o
                0x0000000008000000                g_pfnVectors
                0x000000000800010c                . = ALIGN (0x4)

.text           0x000000000800010c     0xbcf8
                0x000000000800010c                . = ALIGN (0x4)
 *(.text)
 .text          0x000000000800010c       0x40 c:/st/stm32cubeide_1.3.0/stm32cubeide/plugins/com.st.stm32cube.ide.mcu.externaltools.gnu-tools-for-stm32.7-2018-q2-update.win32_1.0.0.201904181610/tools/bin/../lib/gcc/arm-none-eabi/7.3.1/thumb/v7-m/crtbegin.o
 .text          0x000000000800014c      0x378 c:/st/stm32cubeide_1.3.0/stm32cubeide/plugins/com.st.stm32cube.ide.mcu.externaltools.gnu-tools-for-stm32.7-2018-q2-update.win32_1.0.0.201904181610/tools/bin/../lib/gcc/arm-none-eabi/7.3.1/thumb/v7-m\libgcc.a(_arm_addsubdf3.o)
                0x000000000800014c                __aeabi_drsub
                0x0000000008000154                __aeabi_dsub
                0x0000000008000154                __subdf3
                0x0000000008000158                __aeabi_dadd
                0x0000000008000158                __adddf3
                0x00000000080003d0                __floatunsidf
                0x00000000080003d0                __aeabi_ui2d
                0x00000000080003f0                __floatsidf
                0x00000000080003f0                __aeabi_i2d
                0x0000000008000414                __aeabi_f2d
                0x0000000008000414                __extendsfdf2
                0x0000000008000458                __floatundidf
                0x0000000008000458                __aeabi_ul2d
                0x0000000008000468                __floatdidf
                0x0000000008000468                __aeabi_l2d
 .text          0x00000000080004c4      0x424 c:/st/stm32cubeide_1.3.0/stm32cubeide/plugins/com.st.stm32cube.ide.mcu.externaltools.gnu-tools-for-stm32.7-2018-q2-update.win32_1.0.0.201904181610/tools/bin/../lib/gcc/arm-none-eabi/7.3.1/thumb/v7-m\libgcc.a(_arm_muldivdf3.o)
                0x00000000080004c4                __aeabi_dmul
                0x00000000080004c4                __muldf3
                0x0000000008000718                __divdf3
                0x0000000008000718                __aeabi_ddiv
 .text          0x00000000080008e8       0x40 c:/st/stm32cubeide_1.3.0/stm32cubeide/plugins/com.st.stm32cube.ide.mcu.externaltools.gnu-tools-for-stm32.7-2018-q2-update.win32_1.0.0.201904181610/tools/bin/../lib/gcc/arm-none-eabi/7.3.1/thumb/v7-m\libgcc.a(_arm_fixunsdfsi.o)
                0x00000000080008e8                __aeabi_d2uiz
                0x00000000080008e8                __fixunsdfsi
 *(.text*)
 .text.EEPROM24XX_IsConnected
                0x0000000008000928       0x24 3rdparty/EEPROM24xx/eeprom24xx.o
                0x0000000008000928                EEPROM24XX_IsConnected
 .text.EEPROM24XX_Save_No_Page
                0x000000000800094c      0x1a4 3rdparty/EEPROM24xx/eeprom24xx.o
 .text.EEPROM24XX_Save
                0x0000000008000af0      0x140 3rdparty/EEPROM24xx/eeprom24xx.o
                0x0000000008000af0                EEPROM24XX_Save
 .text.EEPROM24XX_Load
                0x0000000008000c30      0x158 3rdparty/EEPROM24xx/eeprom24xx.o
                0x0000000008000c30                EEPROM24XX_Load
 .text.W25qxx_Spi
                0x0000000008000d88       0x2c 3rdparty/w25qxx/w25qxx.o
                0x0000000008000d88                W25qxx_Spi
 .text.W25qxx_ReadID
                0x0000000008000db4       0x6c 3rdparty/w25qxx/w25qxx.o
                0x0000000008000db4                W25qxx_ReadID
 .text.W25qxx_ReadUniqID
                0x0000000008000e20       0x6c 3rdparty/w25qxx/w25qxx.o
                0x0000000008000e20                W25qxx_ReadUniqID
 .text.W25qxx_WriteEnable
                0x0000000008000e8c       0x2c 3rdparty/w25qxx/w25qxx.o
                0x0000000008000e8c                W25qxx_WriteEnable
 .text.W25qxx_ReadStatusRegister
                0x0000000008000eb8       0x8c 3rdparty/w25qxx/w25qxx.o
                0x0000000008000eb8                W25qxx_ReadStatusRegister
 .text.W25qxx_WaitForWriteEnd
                0x0000000008000f44       0x54 3rdparty/w25qxx/w25qxx.o
                0x0000000008000f44                W25qxx_WaitForWriteEnd
 .text.W25qxx_Init
                0x0000000008000f98      0x190 3rdparty/w25qxx/w25qxx.o
                0x0000000008000f98                W25qxx_Init
 .text.W25qxx_EraseChip
                0x0000000008001128       0x5c 3rdparty/w25qxx/w25qxx.o
                0x0000000008001128                W25qxx_EraseChip
 .text.W25qxx_EraseSector
                0x0000000008001184       0xa8 3rdparty/w25qxx/w25qxx.o
                0x0000000008001184                W25qxx_EraseSector
 .text.W25qxx_EraseBlock
                0x000000000800122c       0xac 3rdparty/w25qxx/w25qxx.o
                0x000000000800122c                W25qxx_EraseBlock
 .text.W25qxx_SectorToPage
                0x00000000080012d8       0x28 3rdparty/w25qxx/w25qxx.o
                0x00000000080012d8                W25qxx_SectorToPage
 .text.W25qxx_BlockToPage
                0x0000000008001300       0x28 3rdparty/w25qxx/w25qxx.o
                0x0000000008001300                W25qxx_BlockToPage
 .text.W25qxx_IsEmptyPage
                0x0000000008001328      0x1d8 3rdparty/w25qxx/w25qxx.o
                0x0000000008001328                W25qxx_IsEmptyPage
 .text.W25qxx_IsEmptySector
                0x0000000008001500      0x1c4 3rdparty/w25qxx/w25qxx.o
                0x0000000008001500                W25qxx_IsEmptySector
 .text.W25qxx_IsEmptyBlock
                0x00000000080016c4      0x1c4 3rdparty/w25qxx/w25qxx.o
                0x00000000080016c4                W25qxx_IsEmptyBlock
 .text.W25qxx_WriteByte
                0x0000000008001888       0xa4 3rdparty/w25qxx/w25qxx.o
                0x0000000008001888                W25qxx_WriteByte
 .text.W25qxx_WritePage
                0x000000000800192c      0x100 3rdparty/w25qxx/w25qxx.o
                0x000000000800192c                W25qxx_WritePage
 .text.W25qxx_WriteSector
                0x0000000008001a2c       0xc0 3rdparty/w25qxx/w25qxx.o
                0x0000000008001a2c                W25qxx_WriteSector
 .text.W25qxx_WriteBlock
                0x0000000008001aec       0xc0 3rdparty/w25qxx/w25qxx.o
                0x0000000008001aec                W25qxx_WriteBlock
 .text.W25qxx_ReadByte
                0x0000000008001bac       0xa0 3rdparty/w25qxx/w25qxx.o
                0x0000000008001bac                W25qxx_ReadByte
 .text.W25qxx_ReadBytes
                0x0000000008001c4c       0xb0 3rdparty/w25qxx/w25qxx.o
                0x0000000008001c4c                W25qxx_ReadBytes
 .text.W25qxx_ReadPage
                0x0000000008001cfc       0xf4 3rdparty/w25qxx/w25qxx.o
                0x0000000008001cfc                W25qxx_ReadPage
 .text.W25qxx_ReadSector
                0x0000000008001df0       0xc0 3rdparty/w25qxx/w25qxx.o
                0x0000000008001df0                W25qxx_ReadSector
 .text.W25qxx_ReadBlock
                0x0000000008001eb0       0xc0 3rdparty/w25qxx/w25qxx.o
                0x0000000008001eb0                W25qxx_ReadBlock
 .text.init_user_call
                0x0000000008001f70       0x20 APP/userapp.o
                0x0000000008001f70                init_user_call
 .text.loop_user_call
                0x0000000008001f90      0x178 APP/userapp.o
                0x0000000008001f90                loop_user_call
 .text.cdc_receive_call
                0x0000000008002108      0x120 APP/userapp.o
                0x0000000008002108                cdc_receive_call
 .text.uart_receive_call
                0x0000000008002228       0x2c APP/userapp.o
                0x0000000008002228                uart_receive_call
 .text.i2c_cmd_process_call
                0x0000000008002254      0x1b8 APP/useri2c.o
                0x0000000008002254                i2c_cmd_process_call
 .text.U8A2U32  0x000000000800240c       0x38 APP/userspi.o
 .text.delay    0x0000000008002444       0x1e APP/userspi.o
                0x0000000008002444                delay
 *fill*         0x0000000008002462        0x2 
 .text.spi_transmitReceive
                0x0000000008002464       0x70 APP/userspi.o
                0x0000000008002464                spi_transmitReceive
 .text.spi_cmd_process_call
                0x00000000080024d4      0x5f4 APP/userspi.o
                0x00000000080024d4                spi_cmd_process_call
 .text.uart_transmit
                0x0000000008002ac8       0x70 APP/useruart.o
                0x0000000008002ac8                uart_transmit
 .text.uart_start_receive
                0x0000000008002b38       0x54 APP/useruart.o
                0x0000000008002b38                uart_start_receive
 .text.uart_finish_receive
                0x0000000008002b8c       0x78 APP/useruart.o
                0x0000000008002b8c                uart_finish_receive
 .text.HAL_UART_RxCpltCallback
                0x0000000008002c04       0x14 APP/useruart.o
                0x0000000008002c04                HAL_UART_RxCpltCallback
 .text.HAL_UART_RxHalfCpltCallback
                0x0000000008002c18       0x14 APP/useruart.o
                0x0000000008002c18                HAL_UART_RxHalfCpltCallback
 .text.main     0x0000000008002c2c       0xa4 Core/Src/main.o
                0x0000000008002c2c                main
 .text.SystemClock_Config
                0x0000000008002cd0       0xae Core/Src/main.o
                0x0000000008002cd0                SystemClock_Config
 *fill*         0x0000000008002d7e        0x2 
 .text.MX_I2C1_Init
                0x0000000008002d80       0x80 Core/Src/main.o
 .text.MX_SPI1_Init
                0x0000000008002e00       0x6c Core/Src/main.o
 .text.MX_USART2_UART_Init
                0x0000000008002e6c       0x54 Core/Src/main.o
 .text.MX_DMA_Init
                0x0000000008002ec0       0x4c Core/Src/main.o
 .text.MX_GPIO_Init
                0x0000000008002f0c       0x7c Core/Src/main.o
 .text.HAL_TIM_PeriodElapsedCallback
                0x0000000008002f88       0x24 Core/Src/main.o
                0x0000000008002f88                HAL_TIM_PeriodElapsedCallback
 .text.Error_Handler
                0x0000000008002fac        0xc Core/Src/main.o
                0x0000000008002fac                Error_Handler
 .text.HAL_MspInit
                0x0000000008002fb8       0x64 Core/Src/stm32f1xx_hal_msp.o
                0x0000000008002fb8                HAL_MspInit
 .text.HAL_I2C_MspInit
                0x000000000800301c       0x7c Core/Src/stm32f1xx_hal_msp.o
                0x000000000800301c                HAL_I2C_MspInit
 .text.HAL_SPI_MspInit
                0x0000000008003098       0x94 Core/Src/stm32f1xx_hal_msp.o
                0x0000000008003098                HAL_SPI_MspInit
 .text.HAL_UART_MspInit
                0x000000000800312c      0x168 Core/Src/stm32f1xx_hal_msp.o
                0x000000000800312c                HAL_UART_MspInit
 .text.HAL_InitTick
                0x0000000008003294       0xb0 Core/Src/stm32f1xx_hal_timebase_tim.o
                0x0000000008003294                HAL_InitTick
 .text.NMI_Handler
                0x0000000008003344        0xc Core/Src/stm32f1xx_it.o
                0x0000000008003344                NMI_Handler
 .text.HardFault_Handler
                0x0000000008003350        0x6 Core/Src/stm32f1xx_it.o
                0x0000000008003350                HardFault_Handler
 .text.MemManage_Handler
                0x0000000008003356        0x6 Core/Src/stm32f1xx_it.o
                0x0000000008003356                MemManage_Handler
 .text.BusFault_Handler
                0x000000000800335c        0x6 Core/Src/stm32f1xx_it.o
                0x000000000800335c                BusFault_Handler
 .text.UsageFault_Handler
                0x0000000008003362        0x6 Core/Src/stm32f1xx_it.o
                0x0000000008003362                UsageFault_Handler
 .text.SVC_Handler
                0x0000000008003368        0xc Core/Src/stm32f1xx_it.o
                0x0000000008003368                SVC_Handler
 .text.DebugMon_Handler
                0x0000000008003374        0xc Core/Src/stm32f1xx_it.o
                0x0000000008003374                DebugMon_Handler
 .text.PendSV_Handler
                0x0000000008003380        0xc Core/Src/stm32f1xx_it.o
                0x0000000008003380                PendSV_Handler
 .text.SysTick_Handler
                0x000000000800338c        0xc Core/Src/stm32f1xx_it.o
                0x000000000800338c                SysTick_Handler
 .text.DMA1_Channel6_IRQHandler
                0x0000000008003398       0x14 Core/Src/stm32f1xx_it.o
                0x0000000008003398                DMA1_Channel6_IRQHandler
 .text.DMA1_Channel7_IRQHandler
                0x00000000080033ac       0x14 Core/Src/stm32f1xx_it.o
                0x00000000080033ac                DMA1_Channel7_IRQHandler
 .text.USB_LP_CAN1_RX0_IRQHandler
                0x00000000080033c0       0x14 Core/Src/stm32f1xx_it.o
                0x00000000080033c0                USB_LP_CAN1_RX0_IRQHandler
 .text.TIM4_IRQHandler
                0x00000000080033d4       0x14 Core/Src/stm32f1xx_it.o
                0x00000000080033d4                TIM4_IRQHandler
 .text.USART2_IRQHandler
                0x00000000080033e8       0x24 Core/Src/stm32f1xx_it.o
                0x00000000080033e8                USART2_IRQHandler
 .text.SystemInit
                0x000000000800340c       0x68 Core/Src/system_stm32f1xx.o
                0x000000000800340c                SystemInit
 .text.Reset_Handler
                0x0000000008003474       0x48 Core/Startup/startup_stm32f103c8tx.o
                0x0000000008003474                Reset_Handler
 .text.Default_Handler
                0x00000000080034bc        0x2 Core/Startup/startup_stm32f103c8tx.o
                0x00000000080034bc                RTC_Alarm_IRQHandler
                0x00000000080034bc                EXTI2_IRQHandler
                0x00000000080034bc                TIM1_CC_IRQHandler
                0x00000000080034bc                PVD_IRQHandler
                0x00000000080034bc                EXTI3_IRQHandler
                0x00000000080034bc                EXTI0_IRQHandler
                0x00000000080034bc                I2C2_EV_IRQHandler
                0x00000000080034bc                ADC1_2_IRQHandler
                0x00000000080034bc                SPI1_IRQHandler
                0x00000000080034bc                TAMPER_IRQHandler
                0x00000000080034bc                DMA1_Channel4_IRQHandler
                0x00000000080034bc                USART3_IRQHandler
                0x00000000080034bc                RTC_IRQHandler
                0x00000000080034bc                CAN1_RX1_IRQHandler
                0x00000000080034bc                I2C1_EV_IRQHandler
                0x00000000080034bc                TIM3_IRQHandler
                0x00000000080034bc                RCC_IRQHandler
                0x00000000080034bc                TIM1_TRG_COM_IRQHandler
                0x00000000080034bc                DMA1_Channel1_IRQHandler
                0x00000000080034bc                Default_Handler
                0x00000000080034bc                EXTI15_10_IRQHandler
                0x00000000080034bc                EXTI9_5_IRQHandler
                0x00000000080034bc                SPI2_IRQHandler
                0x00000000080034bc                DMA1_Channel5_IRQHandler
                0x00000000080034bc                EXTI4_IRQHandler
                0x00000000080034bc                USB_HP_CAN1_TX_IRQHandler
                0x00000000080034bc                DMA1_Channel3_IRQHandler
                0x00000000080034bc                TIM1_UP_IRQHandler
                0x00000000080034bc                WWDG_IRQHandler
                0x00000000080034bc                TIM2_IRQHandler
                0x00000000080034bc                TIM1_BRK_IRQHandler
                0x00000000080034bc                EXTI1_IRQHandler
                0x00000000080034bc                I2C2_ER_IRQHandler
                0x00000000080034bc                DMA1_Channel2_IRQHandler
                0x00000000080034bc                CAN1_SCE_IRQHandler
                0x00000000080034bc                FLASH_IRQHandler
                0x00000000080034bc                USART1_IRQHandler
                0x00000000080034bc                I2C1_ER_IRQHandler
                0x00000000080034bc                USBWakeUp_IRQHandler
 *fill*         0x00000000080034be        0x2 
 .text.HAL_Init
                0x00000000080034c0       0x2c Drivers/STM32F1xx_HAL_Driver/Src/stm32f1xx_hal.o
                0x00000000080034c0                HAL_Init
 .text.HAL_IncTick
                0x00000000080034ec       0x24 Drivers/STM32F1xx_HAL_Driver/Src/stm32f1xx_hal.o
                0x00000000080034ec                HAL_IncTick
 .text.HAL_GetTick
                0x0000000008003510       0x14 Drivers/STM32F1xx_HAL_Driver/Src/stm32f1xx_hal.o
                0x0000000008003510                HAL_GetTick
 .text.HAL_Delay
                0x0000000008003524       0x44 Drivers/STM32F1xx_HAL_Driver/Src/stm32f1xx_hal.o
                0x0000000008003524                HAL_Delay
 .text.__NVIC_SetPriorityGrouping
                0x0000000008003568       0x48 Drivers/STM32F1xx_HAL_Driver/Src/stm32f1xx_hal_cortex.o
 .text.__NVIC_GetPriorityGrouping
                0x00000000080035b0       0x1c Drivers/STM32F1xx_HAL_Driver/Src/stm32f1xx_hal_cortex.o
 .text.__NVIC_EnableIRQ
                0x00000000080035cc       0x38 Drivers/STM32F1xx_HAL_Driver/Src/stm32f1xx_hal_cortex.o
 .text.__NVIC_SetPriority
                0x0000000008003604       0x54 Drivers/STM32F1xx_HAL_Driver/Src/stm32f1xx_hal_cortex.o
 .text.NVIC_EncodePriority
                0x0000000008003658       0x64 Drivers/STM32F1xx_HAL_Driver/Src/stm32f1xx_hal_cortex.o
 .text.HAL_NVIC_SetPriorityGrouping
                0x00000000080036bc       0x16 Drivers/STM32F1xx_HAL_Driver/Src/stm32f1xx_hal_cortex.o
                0x00000000080036bc                HAL_NVIC_SetPriorityGrouping
 .text.HAL_NVIC_SetPriority
                0x00000000080036d2       0x38 Drivers/STM32F1xx_HAL_Driver/Src/stm32f1xx_hal_cortex.o
                0x00000000080036d2                HAL_NVIC_SetPriority
 .text.HAL_NVIC_EnableIRQ
                0x000000000800370a       0x1c Drivers/STM32F1xx_HAL_Driver/Src/stm32f1xx_hal_cortex.o
                0x000000000800370a                HAL_NVIC_EnableIRQ
 *fill*         0x0000000008003726        0x2 
 .text.HAL_DMA_Init
                0x0000000008003728       0xb4 Drivers/STM32F1xx_HAL_Driver/Src/stm32f1xx_hal_dma.o
                0x0000000008003728                HAL_DMA_Init
 .text.HAL_DMA_Start_IT
                0x00000000080037dc       0xbe Drivers/STM32F1xx_HAL_Driver/Src/stm32f1xx_hal_dma.o
                0x00000000080037dc                HAL_DMA_Start_IT
 .text.HAL_DMA_Abort
                0x000000000800389a       0x74 Drivers/STM32F1xx_HAL_Driver/Src/stm32f1xx_hal_dma.o
                0x000000000800389a                HAL_DMA_Abort
 *fill*         0x000000000800390e        0x2 
 .text.HAL_DMA_Abort_IT
                0x0000000008003910       0xec Drivers/STM32F1xx_HAL_Driver/Src/stm32f1xx_hal_dma.o
                0x0000000008003910                HAL_DMA_Abort_IT
 .text.HAL_DMA_IRQHandler
                0x00000000080039fc      0x20c Drivers/STM32F1xx_HAL_Driver/Src/stm32f1xx_hal_dma.o
                0x00000000080039fc                HAL_DMA_IRQHandler
 .text.DMA_SetConfig
                0x0000000008003c08       0x5a Drivers/STM32F1xx_HAL_Driver/Src/stm32f1xx_hal_dma.o
 *fill*         0x0000000008003c62        0x2 
 .text.HAL_GPIO_Init
                0x0000000008003c64      0x2b4 Drivers/STM32F1xx_HAL_Driver/Src/stm32f1xx_hal_gpio.o
                0x0000000008003c64                HAL_GPIO_Init
 .text.HAL_GPIO_WritePin
                0x0000000008003f18       0x30 Drivers/STM32F1xx_HAL_Driver/Src/stm32f1xx_hal_gpio.o
                0x0000000008003f18                HAL_GPIO_WritePin
 .text.HAL_I2C_Init
                0x0000000008003f48      0x250 Drivers/STM32F1xx_HAL_Driver/Src/stm32f1xx_hal_i2c.o
                0x0000000008003f48                HAL_I2C_Init
 .text.HAL_I2C_Master_Transmit
                0x0000000008004198      0x1fc Drivers/STM32F1xx_HAL_Driver/Src/stm32f1xx_hal_i2c.o
                0x0000000008004198                HAL_I2C_Master_Transmit
 .text.HAL_I2C_Master_Receive
                0x0000000008004394      0x45c Drivers/STM32F1xx_HAL_Driver/Src/stm32f1xx_hal_i2c.o
                0x0000000008004394                HAL_I2C_Master_Receive
 .text.HAL_I2C_Mem_Write
                0x00000000080047f0      0x1f4 Drivers/STM32F1xx_HAL_Driver/Src/stm32f1xx_hal_i2c.o
                0x00000000080047f0                HAL_I2C_Mem_Write
 .text.HAL_I2C_Mem_Read
                0x00000000080049e4      0x46c Drivers/STM32F1xx_HAL_Driver/Src/stm32f1xx_hal_i2c.o
                0x00000000080049e4                HAL_I2C_Mem_Read
 .text.HAL_I2C_IsDeviceReady
                0x0000000008004e50      0x244 Drivers/STM32F1xx_HAL_Driver/Src/stm32f1xx_hal_i2c.o
                0x0000000008004e50                HAL_I2C_IsDeviceReady
 .text.I2C_MasterRequestWrite
                0x0000000008005094       0xec Drivers/STM32F1xx_HAL_Driver/Src/stm32f1xx_hal_i2c.o
 .text.I2C_MasterRequestRead
                0x0000000008005180      0x16c Drivers/STM32F1xx_HAL_Driver/Src/stm32f1xx_hal_i2c.o
 .text.I2C_RequestMemoryWrite
                0x00000000080052ec      0x114 Drivers/STM32F1xx_HAL_Driver/Src/stm32f1xx_hal_i2c.o
 .text.I2C_RequestMemoryRead
                0x0000000008005400      0x1a0 Drivers/STM32F1xx_HAL_Driver/Src/stm32f1xx_hal_i2c.o
 .text.I2C_WaitOnFlagUntilTimeout
                0x00000000080055a0       0xae Drivers/STM32F1xx_HAL_Driver/Src/stm32f1xx_hal_i2c.o
 .text.I2C_WaitOnMasterAddressFlagUntilTimeout
                0x000000000800564e       0xfe Drivers/STM32F1xx_HAL_Driver/Src/stm32f1xx_hal_i2c.o
 .text.I2C_WaitOnTXEFlagUntilTimeout
                0x000000000800574c       0x82 Drivers/STM32F1xx_HAL_Driver/Src/stm32f1xx_hal_i2c.o
 .text.I2C_WaitOnBTFFlagUntilTimeout
                0x00000000080057ce       0x82 Drivers/STM32F1xx_HAL_Driver/Src/stm32f1xx_hal_i2c.o
 .text.I2C_WaitOnRXNEFlagUntilTimeout
                0x0000000008005850       0xac Drivers/STM32F1xx_HAL_Driver/Src/stm32f1xx_hal_i2c.o
 .text.I2C_IsAcknowledgeFailed
                0x00000000080058fc       0x5c Drivers/STM32F1xx_HAL_Driver/Src/stm32f1xx_hal_i2c.o
 .text.HAL_PCD_Init
                0x0000000008005958      0x1c2 Drivers/STM32F1xx_HAL_Driver/Src/stm32f1xx_hal_pcd.o
                0x0000000008005958                HAL_PCD_Init
 .text.HAL_PCD_Start
                0x0000000008005b1a       0x4c Drivers/STM32F1xx_HAL_Driver/Src/stm32f1xx_hal_pcd.o
                0x0000000008005b1a                HAL_PCD_Start
 .text.HAL_PCD_IRQHandler
                0x0000000008005b66      0x21c Drivers/STM32F1xx_HAL_Driver/Src/stm32f1xx_hal_pcd.o
                0x0000000008005b66                HAL_PCD_IRQHandler
 .text.HAL_PCD_SetAddress
                0x0000000008005d82       0x4a Drivers/STM32F1xx_HAL_Driver/Src/stm32f1xx_hal_pcd.o
                0x0000000008005d82                HAL_PCD_SetAddress
 .text.HAL_PCD_EP_Open
                0x0000000008005dcc       0xc0 Drivers/STM32F1xx_HAL_Driver/Src/stm32f1xx_hal_pcd.o
                0x0000000008005dcc                HAL_PCD_EP_Open
 .text.HAL_PCD_EP_Close
                0x0000000008005e8c       0x84 Drivers/STM32F1xx_HAL_Driver/Src/stm32f1xx_hal_pcd.o
                0x0000000008005e8c                HAL_PCD_EP_Close
 .text.HAL_PCD_EP_Receive
                0x0000000008005f10       0x74 Drivers/STM32F1xx_HAL_Driver/Src/stm32f1xx_hal_pcd.o
                0x0000000008005f10                HAL_PCD_EP_Receive
 .text.HAL_PCD_EP_GetRxCount
                0x0000000008005f84       0x28 Drivers/STM32F1xx_HAL_Driver/Src/stm32f1xx_hal_pcd.o
                0x0000000008005f84                HAL_PCD_EP_GetRxCount
 .text.HAL_PCD_EP_Transmit
                0x0000000008005fac       0x72 Drivers/STM32F1xx_HAL_Driver/Src/stm32f1xx_hal_pcd.o
                0x0000000008005fac                HAL_PCD_EP_Transmit
 .text.HAL_PCD_EP_SetStall
                0x000000000800601e       0xb4 Drivers/STM32F1xx_HAL_Driver/Src/stm32f1xx_hal_pcd.o
                0x000000000800601e                HAL_PCD_EP_SetStall
 .text.HAL_PCD_EP_ClrStall
                0x00000000080060d2       0x9c Drivers/STM32F1xx_HAL_Driver/Src/stm32f1xx_hal_pcd.o
                0x00000000080060d2                HAL_PCD_EP_ClrStall
 *fill*         0x000000000800616e        0x2 
 .text.PCD_EP_ISR_Handler
                0x0000000008006170      0x534 Drivers/STM32F1xx_HAL_Driver/Src/stm32f1xx_hal_pcd.o
 .text.HAL_PCDEx_PMAConfig
                0x00000000080066a4       0x78 Drivers/STM32F1xx_HAL_Driver/Src/stm32f1xx_hal_pcd_ex.o
                0x00000000080066a4                HAL_PCDEx_PMAConfig
 .text.HAL_RCC_OscConfig
                0x000000000800671c      0x500 Drivers/STM32F1xx_HAL_Driver/Src/stm32f1xx_hal_rcc.o
                0x000000000800671c                HAL_RCC_OscConfig
 .text.HAL_RCC_ClockConfig
                0x0000000008006c1c      0x1d4 Drivers/STM32F1xx_HAL_Driver/Src/stm32f1xx_hal_rcc.o
                0x0000000008006c1c                HAL_RCC_ClockConfig
 .text.HAL_RCC_GetSysClockFreq
                0x0000000008006df0       0xc4 Drivers/STM32F1xx_HAL_Driver/Src/stm32f1xx_hal_rcc.o
                0x0000000008006df0                HAL_RCC_GetSysClockFreq
 .text.HAL_RCC_GetHCLKFreq
                0x0000000008006eb4       0x14 Drivers/STM32F1xx_HAL_Driver/Src/stm32f1xx_hal_rcc.o
                0x0000000008006eb4                HAL_RCC_GetHCLKFreq
 .text.HAL_RCC_GetPCLK1Freq
                0x0000000008006ec8       0x28 Drivers/STM32F1xx_HAL_Driver/Src/stm32f1xx_hal_rcc.o
                0x0000000008006ec8                HAL_RCC_GetPCLK1Freq
 .text.HAL_RCC_GetPCLK2Freq
                0x0000000008006ef0       0x28 Drivers/STM32F1xx_HAL_Driver/Src/stm32f1xx_hal_rcc.o
                0x0000000008006ef0                HAL_RCC_GetPCLK2Freq
 .text.HAL_RCC_GetClockConfig
                0x0000000008006f18       0x60 Drivers/STM32F1xx_HAL_Driver/Src/stm32f1xx_hal_rcc.o
                0x0000000008006f18                HAL_RCC_GetClockConfig
 .text.RCC_Delay
                0x0000000008006f78       0x3c Drivers/STM32F1xx_HAL_Driver/Src/stm32f1xx_hal_rcc.o
 .text.HAL_RCCEx_PeriphCLKConfig
                0x0000000008006fb4      0x16c Drivers/STM32F1xx_HAL_Driver/Src/stm32f1xx_hal_rcc_ex.o
                0x0000000008006fb4                HAL_RCCEx_PeriphCLKConfig
 .text.HAL_SPI_Init
                0x0000000008007120       0xc2 Drivers/STM32F1xx_HAL_Driver/Src/stm32f1xx_hal_spi.o
                0x0000000008007120                HAL_SPI_Init
 .text.HAL_SPI_Transmit
                0x00000000080071e2      0x268 Drivers/STM32F1xx_HAL_Driver/Src/stm32f1xx_hal_spi.o
                0x00000000080071e2                HAL_SPI_Transmit
 .text.HAL_SPI_Receive
                0x000000000800744a      0x212 Drivers/STM32F1xx_HAL_Driver/Src/stm32f1xx_hal_spi.o
                0x000000000800744a                HAL_SPI_Receive
 .text.HAL_SPI_TransmitReceive
                0x000000000800765c      0x344 Drivers/STM32F1xx_HAL_Driver/Src/stm32f1xx_hal_spi.o
                0x000000000800765c                HAL_SPI_TransmitReceive
 .text.SPI_WaitFlagStateUntilTimeout
                0x00000000080079a0       0xd4 Drivers/STM32F1xx_HAL_Driver/Src/stm32f1xx_hal_spi.o
 .text.SPI_EndRxTransaction
                0x0000000008007a74       0xa4 Drivers/STM32F1xx_HAL_Driver/Src/stm32f1xx_hal_spi.o
 .text.SPI_EndRxTxTransaction
                0x0000000008007b18       0x3c Drivers/STM32F1xx_HAL_Driver/Src/stm32f1xx_hal_spi.o
 .text.HAL_TIM_Base_Init
                0x0000000008007b54       0x56 Drivers/STM32F1xx_HAL_Driver/Src/stm32f1xx_hal_tim.o
                0x0000000008007b54                HAL_TIM_Base_Init
 .text.HAL_TIM_Base_MspInit
                0x0000000008007baa       0x12 Drivers/STM32F1xx_HAL_Driver/Src/stm32f1xx_hal_tim.o
                0x0000000008007baa                HAL_TIM_Base_MspInit
 .text.HAL_TIM_Base_Start_IT
                0x0000000008007bbc       0x46 Drivers/STM32F1xx_HAL_Driver/Src/stm32f1xx_hal_tim.o
                0x0000000008007bbc                HAL_TIM_Base_Start_IT
 .text.HAL_TIM_IRQHandler
                0x0000000008007c02      0x210 Drivers/STM32F1xx_HAL_Driver/Src/stm32f1xx_hal_tim.o
                0x0000000008007c02                HAL_TIM_IRQHandler
 .text.HAL_TIM_OC_DelayElapsedCallback
                0x0000000008007e12       0x12 Drivers/STM32F1xx_HAL_Driver/Src/stm32f1xx_hal_tim.o
                0x0000000008007e12                HAL_TIM_OC_DelayElapsedCallback
 .text.HAL_TIM_IC_CaptureCallback
                0x0000000008007e24       0x12 Drivers/STM32F1xx_HAL_Driver/Src/stm32f1xx_hal_tim.o
                0x0000000008007e24                HAL_TIM_IC_CaptureCallback
 .text.HAL_TIM_PWM_PulseFinishedCallback
                0x0000000008007e36       0x12 Drivers/STM32F1xx_HAL_Driver/Src/stm32f1xx_hal_tim.o
                0x0000000008007e36                HAL_TIM_PWM_PulseFinishedCallback
 .text.HAL_TIM_TriggerCallback
                0x0000000008007e48       0x12 Drivers/STM32F1xx_HAL_Driver/Src/stm32f1xx_hal_tim.o
                0x0000000008007e48                HAL_TIM_TriggerCallback
 *fill*         0x0000000008007e5a        0x2 
 .text.TIM_Base_SetConfig
                0x0000000008007e5c       0xc4 Drivers/STM32F1xx_HAL_Driver/Src/stm32f1xx_hal_tim.o
                0x0000000008007e5c                TIM_Base_SetConfig
 .text.HAL_TIMEx_CommutCallback
                0x0000000008007f20       0x12 Drivers/STM32F1xx_HAL_Driver/Src/stm32f1xx_hal_tim_ex.o
                0x0000000008007f20                HAL_TIMEx_CommutCallback
 .text.HAL_TIMEx_BreakCallback
                0x0000000008007f32       0x12 Drivers/STM32F1xx_HAL_Driver/Src/stm32f1xx_hal_tim_ex.o
                0x0000000008007f32                HAL_TIMEx_BreakCallback
 .text.HAL_UART_Init
                0x0000000008007f44       0x9a Drivers/STM32F1xx_HAL_Driver/Src/stm32f1xx_hal_uart.o
                0x0000000008007f44                HAL_UART_Init
 .text.HAL_UART_Transmit
                0x0000000008007fde      0x132 Drivers/STM32F1xx_HAL_Driver/Src/stm32f1xx_hal_uart.o
                0x0000000008007fde                HAL_UART_Transmit
 .text.HAL_UART_Receive_DMA
                0x0000000008008110      0x100 Drivers/STM32F1xx_HAL_Driver/Src/stm32f1xx_hal_uart.o
                0x0000000008008110                HAL_UART_Receive_DMA
 .text.HAL_UART_DMAStop
                0x0000000008008210       0xb6 Drivers/STM32F1xx_HAL_Driver/Src/stm32f1xx_hal_uart.o
                0x0000000008008210                HAL_UART_DMAStop
 *fill*         0x00000000080082c6        0x2 
 .text.HAL_UART_IRQHandler
                0x00000000080082c8      0x1f8 Drivers/STM32F1xx_HAL_Driver/Src/stm32f1xx_hal_uart.o
                0x00000000080082c8                HAL_UART_IRQHandler
 .text.HAL_UART_TxCpltCallback
                0x00000000080084c0       0x12 Drivers/STM32F1xx_HAL_Driver/Src/stm32f1xx_hal_uart.o
                0x00000000080084c0                HAL_UART_TxCpltCallback
 .text.HAL_UART_ErrorCallback
                0x00000000080084d2       0x12 Drivers/STM32F1xx_HAL_Driver/Src/stm32f1xx_hal_uart.o
                0x00000000080084d2                HAL_UART_ErrorCallback
 .text.UART_DMAReceiveCplt
                0x00000000080084e4       0x68 Drivers/STM32F1xx_HAL_Driver/Src/stm32f1xx_hal_uart.o
 .text.UART_DMARxHalfCplt
                0x000000000800854c       0x1c Drivers/STM32F1xx_HAL_Driver/Src/stm32f1xx_hal_uart.o
 .text.UART_DMAError
                0x0000000008008568       0x94 Drivers/STM32F1xx_HAL_Driver/Src/stm32f1xx_hal_uart.o
 .text.UART_WaitOnFlagUntilTimeout
                0x00000000080085fc       0x94 Drivers/STM32F1xx_HAL_Driver/Src/stm32f1xx_hal_uart.o
 .text.UART_EndTxTransfer
                0x0000000008008690       0x2a Drivers/STM32F1xx_HAL_Driver/Src/stm32f1xx_hal_uart.o
 .text.UART_EndRxTransfer
                0x00000000080086ba       0x3a Drivers/STM32F1xx_HAL_Driver/Src/stm32f1xx_hal_uart.o
 .text.UART_DMAAbortOnError
                0x00000000080086f4       0x28 Drivers/STM32F1xx_HAL_Driver/Src/stm32f1xx_hal_uart.o
 .text.UART_Transmit_IT
                0x000000000800871c       0xaa Drivers/STM32F1xx_HAL_Driver/Src/stm32f1xx_hal_uart.o
 .text.UART_EndTransmit_IT
                0x00000000080087c6       0x30 Drivers/STM32F1xx_HAL_Driver/Src/stm32f1xx_hal_uart.o
 .text.UART_Receive_IT
                0x00000000080087f6      0x102 Drivers/STM32F1xx_HAL_Driver/Src/stm32f1xx_hal_uart.o
 .text.UART_SetConfig
                0x00000000080088f8      0x1b4 Drivers/STM32F1xx_HAL_Driver/Src/stm32f1xx_hal_uart.o
 .text.USB_CoreInit
                0x0000000008008aac       0x20 Drivers/STM32F1xx_HAL_Driver/Src/stm32f1xx_ll_usb.o
                0x0000000008008aac                USB_CoreInit
 .text.USB_EnableGlobalInt
                0x0000000008008acc       0x2e Drivers/STM32F1xx_HAL_Driver/Src/stm32f1xx_ll_usb.o
                0x0000000008008acc                USB_EnableGlobalInt
 .text.USB_DisableGlobalInt
                0x0000000008008afa       0x38 Drivers/STM32F1xx_HAL_Driver/Src/stm32f1xx_ll_usb.o
                0x0000000008008afa                USB_DisableGlobalInt
 .text.USB_SetCurrentMode
                0x0000000008008b32       0x18 Drivers/STM32F1xx_HAL_Driver/Src/stm32f1xx_ll_usb.o
                0x0000000008008b32                USB_SetCurrentMode
 .text.USB_DevInit
                0x0000000008008b4a       0x48 Drivers/STM32F1xx_HAL_Driver/Src/stm32f1xx_ll_usb.o
                0x0000000008008b4a                USB_DevInit
 *fill*         0x0000000008008b92        0x2 
 .text.USB_ActivateEndpoint
                0x0000000008008b94      0x5dc Drivers/STM32F1xx_HAL_Driver/Src/stm32f1xx_ll_usb.o
                0x0000000008008b94                USB_ActivateEndpoint
 .text.USB_DeactivateEndpoint
                0x0000000008009170      0x32c Drivers/STM32F1xx_HAL_Driver/Src/stm32f1xx_ll_usb.o
                0x0000000008009170                USB_DeactivateEndpoint
 .text.USB_EPStartXfer
                0x000000000800949c      0x570 Drivers/STM32F1xx_HAL_Driver/Src/stm32f1xx_ll_usb.o
                0x000000000800949c                USB_EPStartXfer
 .text.USB_EPSetStall
                0x0000000008009a0c       0x84 Drivers/STM32F1xx_HAL_Driver/Src/stm32f1xx_ll_usb.o
                0x0000000008009a0c                USB_EPSetStall
 .text.USB_EPClearStall
                0x0000000008009a90      0x128 Drivers/STM32F1xx_HAL_Driver/Src/stm32f1xx_ll_usb.o
                0x0000000008009a90                USB_EPClearStall
 .text.USB_SetDevAddress
                0x0000000008009bb8       0x26 Drivers/STM32F1xx_HAL_Driver/Src/stm32f1xx_ll_usb.o
                0x0000000008009bb8                USB_SetDevAddress
 .text.USB_DevConnect
                0x0000000008009bde       0x14 Drivers/STM32F1xx_HAL_Driver/Src/stm32f1xx_ll_usb.o
                0x0000000008009bde                USB_DevConnect
 .text.USB_DevDisconnect
                0x0000000008009bf2       0x14 Drivers/STM32F1xx_HAL_Driver/Src/stm32f1xx_ll_usb.o
                0x0000000008009bf2                USB_DevDisconnect
 .text.USB_ReadInterrupts
                0x0000000008009c06       0x1e Drivers/STM32F1xx_HAL_Driver/Src/stm32f1xx_ll_usb.o
                0x0000000008009c06                USB_ReadInterrupts
 .text.USB_EP0_OutStart
                0x0000000008009c24       0x16 Drivers/STM32F1xx_HAL_Driver/Src/stm32f1xx_ll_usb.o
                0x0000000008009c24                USB_EP0_OutStart
 .text.USB_WritePMA
                0x0000000008009c3a       0x88 Drivers/STM32F1xx_HAL_Driver/Src/stm32f1xx_ll_usb.o
                0x0000000008009c3a                USB_WritePMA
 .text.USB_ReadPMA
                0x0000000008009cc2       0x9e Drivers/STM32F1xx_HAL_Driver/Src/stm32f1xx_ll_usb.o
                0x0000000008009cc2                USB_ReadPMA
 .text.USBD_CDC_Init
                0x0000000008009d60       0xf4 Middlewares/ST/STM32_USB_Device_Library/Class/CDC/Src/usbd_cdc.o
 .text.USBD_CDC_DeInit
                0x0000000008009e54       0x6e Middlewares/ST/STM32_USB_Device_Library/Class/CDC/Src/usbd_cdc.o
 .text.USBD_CDC_Setup
                0x0000000008009ec2      0x140 Middlewares/ST/STM32_USB_Device_Library/Class/CDC/Src/usbd_cdc.o
 .text.USBD_CDC_DataIn
                0x000000000800a002       0xa0 Middlewares/ST/STM32_USB_Device_Library/Class/CDC/Src/usbd_cdc.o
 .text.USBD_CDC_DataOut
                0x000000000800a0a2       0x56 Middlewares/ST/STM32_USB_Device_Library/Class/CDC/Src/usbd_cdc.o
 .text.USBD_CDC_EP0_RxReady
                0x000000000800a0f8       0x50 Middlewares/ST/STM32_USB_Device_Library/Class/CDC/Src/usbd_cdc.o
 .text.USBD_CDC_GetFSCfgDesc
                0x000000000800a148       0x20 Middlewares/ST/STM32_USB_Device_Library/Class/CDC/Src/usbd_cdc.o
 .text.USBD_CDC_GetHSCfgDesc
                0x000000000800a168       0x20 Middlewares/ST/STM32_USB_Device_Library/Class/CDC/Src/usbd_cdc.o
 .text.USBD_CDC_GetOtherSpeedCfgDesc
                0x000000000800a188       0x20 Middlewares/ST/STM32_USB_Device_Library/Class/CDC/Src/usbd_cdc.o
 .text.USBD_CDC_GetDeviceQualifierDescriptor
                0x000000000800a1a8       0x20 Middlewares/ST/STM32_USB_Device_Library/Class/CDC/Src/usbd_cdc.o
                0x000000000800a1a8                USBD_CDC_GetDeviceQualifierDescriptor
 .text.USBD_CDC_RegisterInterface
                0x000000000800a1c8       0x2c Middlewares/ST/STM32_USB_Device_Library/Class/CDC/Src/usbd_cdc.o
                0x000000000800a1c8                USBD_CDC_RegisterInterface
 .text.USBD_CDC_SetTxBuffer
                0x000000000800a1f4       0x32 Middlewares/ST/STM32_USB_Device_Library/Class/CDC/Src/usbd_cdc.o
                0x000000000800a1f4                USBD_CDC_SetTxBuffer
 .text.USBD_CDC_SetRxBuffer
                0x000000000800a226       0x26 Middlewares/ST/STM32_USB_Device_Library/Class/CDC/Src/usbd_cdc.o
                0x000000000800a226                USBD_CDC_SetRxBuffer
 .text.USBD_CDC_TransmitPacket
                0x000000000800a24c       0x5e Middlewares/ST/STM32_USB_Device_Library/Class/CDC/Src/usbd_cdc.o
                0x000000000800a24c                USBD_CDC_TransmitPacket
 .text.USBD_CDC_ReceivePacket
                0x000000000800a2aa       0x54 Middlewares/ST/STM32_USB_Device_Library/Class/CDC/Src/usbd_cdc.o
                0x000000000800a2aa                USBD_CDC_ReceivePacket
 .text.USBD_Init
                0x000000000800a2fe       0x56 Middlewares/ST/STM32_USB_Device_Library/Core/Src/usbd_core.o
                0x000000000800a2fe                USBD_Init
 .text.USBD_RegisterClass
                0x000000000800a354       0x32 Middlewares/ST/STM32_USB_Device_Library/Core/Src/usbd_core.o
                0x000000000800a354                USBD_RegisterClass
 .text.USBD_Start
                0x000000000800a386       0x18 Middlewares/ST/STM32_USB_Device_Library/Core/Src/usbd_core.o
                0x000000000800a386                USBD_Start
 .text.USBD_RunTestMode
                0x000000000800a39e       0x14 Middlewares/ST/STM32_USB_Device_Library/Core/Src/usbd_core.o
                0x000000000800a39e                USBD_RunTestMode
 .text.USBD_SetClassConfig
                0x000000000800a3b2       0x3e Middlewares/ST/STM32_USB_Device_Library/Core/Src/usbd_core.o
                0x000000000800a3b2                USBD_SetClassConfig
 .text.USBD_ClrClassConfig
                0x000000000800a3f0       0x26 Middlewares/ST/STM32_USB_Device_Library/Core/Src/usbd_core.o
                0x000000000800a3f0                USBD_ClrClassConfig
 .text.USBD_LL_SetupStage
                0x000000000800a416       0x96 Middlewares/ST/STM32_USB_Device_Library/Core/Src/usbd_core.o
                0x000000000800a416                USBD_LL_SetupStage
 .text.USBD_LL_DataOutStage
                0x000000000800a4ac       0xe2 Middlewares/ST/STM32_USB_Device_Library/Core/Src/usbd_core.o
                0x000000000800a4ac                USBD_LL_DataOutStage
 .text.USBD_LL_DataInStage
                0x000000000800a58e      0x14a Middlewares/ST/STM32_USB_Device_Library/Core/Src/usbd_core.o
                0x000000000800a58e                USBD_LL_DataInStage
 .text.USBD_LL_Reset
                0x000000000800a6d8       0x82 Middlewares/ST/STM32_USB_Device_Library/Core/Src/usbd_core.o
                0x000000000800a6d8                USBD_LL_Reset
 .text.USBD_LL_SetSpeed
                0x000000000800a75a       0x1e Middlewares/ST/STM32_USB_Device_Library/Core/Src/usbd_core.o
                0x000000000800a75a                USBD_LL_SetSpeed
 .text.USBD_LL_Suspend
                0x000000000800a778       0x28 Middlewares/ST/STM32_USB_Device_Library/Core/Src/usbd_core.o
                0x000000000800a778                USBD_LL_Suspend
 .text.USBD_LL_Resume
                0x000000000800a7a0       0x2a Middlewares/ST/STM32_USB_Device_Library/Core/Src/usbd_core.o
                0x000000000800a7a0                USBD_LL_Resume
 .text.USBD_LL_SOF
                0x000000000800a7ca       0x34 Middlewares/ST/STM32_USB_Device_Library/Core/Src/usbd_core.o
                0x000000000800a7ca                USBD_LL_SOF
 *fill*         0x000000000800a7fe        0x2 
 .text.USBD_StdDevReq
                0x000000000800a800       0xd4 Middlewares/ST/STM32_USB_Device_Library/Core/Src/usbd_ctlreq.o
                0x000000000800a800                USBD_StdDevReq
 .text.USBD_StdItfReq
                0x000000000800a8d4       0x8c Middlewares/ST/STM32_USB_Device_Library/Core/Src/usbd_ctlreq.o
                0x000000000800a8d4                USBD_StdItfReq
 .text.USBD_StdEPReq
                0x000000000800a960      0x2ba Middlewares/ST/STM32_USB_Device_Library/Core/Src/usbd_ctlreq.o
                0x000000000800a960                USBD_StdEPReq
 *fill*         0x000000000800ac1a        0x2 
 .text.USBD_GetDescriptor
                0x000000000800ac1c      0x2d0 Middlewares/ST/STM32_USB_Device_Library/Core/Src/usbd_ctlreq.o
 .text.USBD_SetAddress
                0x000000000800aeec       0x84 Middlewares/ST/STM32_USB_Device_Library/Core/Src/usbd_ctlreq.o
 .text.USBD_SetConfig
                0x000000000800af70      0x11c Middlewares/ST/STM32_USB_Device_Library/Core/Src/usbd_ctlreq.o
 .text.USBD_GetConfig
                0x000000000800b08c       0x68 Middlewares/ST/STM32_USB_Device_Library/Core/Src/usbd_ctlreq.o
 .text.USBD_GetStatus
                0x000000000800b0f4       0x66 Middlewares/ST/STM32_USB_Device_Library/Core/Src/usbd_ctlreq.o
 .text.USBD_SetFeature
                0x000000000800b15a       0x28 Middlewares/ST/STM32_USB_Device_Library/Core/Src/usbd_ctlreq.o
 .text.USBD_ClrFeature
                0x000000000800b182       0x42 Middlewares/ST/STM32_USB_Device_Library/Core/Src/usbd_ctlreq.o
 .text.USBD_ParseSetupRequest
                0x000000000800b1c4       0x78 Middlewares/ST/STM32_USB_Device_Library/Core/Src/usbd_ctlreq.o
                0x000000000800b1c4                USBD_ParseSetupRequest
 .text.USBD_CtlError
                0x000000000800b23c       0x22 Middlewares/ST/STM32_USB_Device_Library/Core/Src/usbd_ctlreq.o
                0x000000000800b23c                USBD_CtlError
 .text.USBD_GetString
                0x000000000800b25e       0x84 Middlewares/ST/STM32_USB_Device_Library/Core/Src/usbd_ctlreq.o
                0x000000000800b25e                USBD_GetString
 .text.USBD_GetLen
                0x000000000800b2e2       0x2e Middlewares/ST/STM32_USB_Device_Library/Core/Src/usbd_ctlreq.o
 .text.USBD_CtlSendData
                0x000000000800b310       0x38 Middlewares/ST/STM32_USB_Device_Library/Core/Src/usbd_ioreq.o
                0x000000000800b310                USBD_CtlSendData
 .text.USBD_CtlContinueSendData
                0x000000000800b348       0x24 Middlewares/ST/STM32_USB_Device_Library/Core/Src/usbd_ioreq.o
                0x000000000800b348                USBD_CtlContinueSendData
 .text.USBD_CtlPrepareRx
                0x000000000800b36c       0x3c Middlewares/ST/STM32_USB_Device_Library/Core/Src/usbd_ioreq.o
                0x000000000800b36c                USBD_CtlPrepareRx
 .text.USBD_CtlContinueRx
                0x000000000800b3a8       0x24 Middlewares/ST/STM32_USB_Device_Library/Core/Src/usbd_ioreq.o
                0x000000000800b3a8                USBD_CtlContinueRx
 .text.USBD_CtlSendStatus
                0x000000000800b3cc       0x26 Middlewares/ST/STM32_USB_Device_Library/Core/Src/usbd_ioreq.o
                0x000000000800b3cc                USBD_CtlSendStatus
 .text.USBD_CtlReceiveStatus
                0x000000000800b3f2       0x26 Middlewares/ST/STM32_USB_Device_Library/Core/Src/usbd_ioreq.o
                0x000000000800b3f2                USBD_CtlReceiveStatus
 .text.MX_USB_DEVICE_Init
                0x000000000800b418       0x60 USB_DEVICE/App/usb_device.o
                0x000000000800b418                MX_USB_DEVICE_Init
 .text.CDC_Init_FS
                0x000000000800b478       0x28 USB_DEVICE/App/usbd_cdc_if.o
 .text.CDC_DeInit_FS
                0x000000000800b4a0        0xe USB_DEVICE/App/usbd_cdc_if.o
 *fill*         0x000000000800b4ae        0x2 
 .text.CDC_Control_FS
                0x000000000800b4b0       0xf4 USB_DEVICE/App/usbd_cdc_if.o
 .text.CDC_Receive_FS
                0x000000000800b5a4       0x34 USB_DEVICE/App/usbd_cdc_if.o
 .text.CDC_Transmit_FS
                0x000000000800b5d8       0x4c USB_DEVICE/App/usbd_cdc_if.o
                0x000000000800b5d8                CDC_Transmit_FS
 .text.USBD_FS_DeviceDescriptor
                0x000000000800b624       0x24 USB_DEVICE/App/usbd_desc.o
                0x000000000800b624                USBD_FS_DeviceDescriptor
 .text.USBD_FS_LangIDStrDescriptor
                0x000000000800b648       0x24 USB_DEVICE/App/usbd_desc.o
                0x000000000800b648                USBD_FS_LangIDStrDescriptor
 .text.USBD_FS_ProductStrDescriptor
                0x000000000800b66c       0x3c USB_DEVICE/App/usbd_desc.o
                0x000000000800b66c                USBD_FS_ProductStrDescriptor
 .text.USBD_FS_ManufacturerStrDescriptor
                0x000000000800b6a8       0x28 USB_DEVICE/App/usbd_desc.o
                0x000000000800b6a8                USBD_FS_ManufacturerStrDescriptor
 .text.USBD_FS_SerialStrDescriptor
                0x000000000800b6d0       0x24 USB_DEVICE/App/usbd_desc.o
                0x000000000800b6d0                USBD_FS_SerialStrDescriptor
 .text.USBD_FS_ConfigStrDescriptor
                0x000000000800b6f4       0x3c USB_DEVICE/App/usbd_desc.o
                0x000000000800b6f4                USBD_FS_ConfigStrDescriptor
 .text.USBD_FS_InterfaceStrDescriptor
                0x000000000800b730       0x3c USB_DEVICE/App/usbd_desc.o
                0x000000000800b730                USBD_FS_InterfaceStrDescriptor
 .text.Get_SerialNum
                0x000000000800b76c       0x58 USB_DEVICE/App/usbd_desc.o
 .text.IntToUnicode
                0x000000000800b7c4       0x7a USB_DEVICE/App/usbd_desc.o
 *fill*         0x000000000800b83e        0x2 
 .text.HAL_PCD_MspInit
                0x000000000800b840       0x4c USB_DEVICE/Target/usbd_conf.o
                0x000000000800b840                HAL_PCD_MspInit
 .text.HAL_PCD_SetupStageCallback
                0x000000000800b88c       0x24 USB_DEVICE/Target/usbd_conf.o
                0x000000000800b88c                HAL_PCD_SetupStageCallback
 .text.HAL_PCD_DataOutStageCallback
                0x000000000800b8b0       0x30 USB_DEVICE/Target/usbd_conf.o
                0x000000000800b8b0                HAL_PCD_DataOutStageCallback
 .text.HAL_PCD_DataInStageCallback
                0x000000000800b8e0       0x2e USB_DEVICE/Target/usbd_conf.o
                0x000000000800b8e0                HAL_PCD_DataInStageCallback
 .text.HAL_PCD_SOFCallback
                0x000000000800b90e       0x1c USB_DEVICE/Target/usbd_conf.o
                0x000000000800b90e                HAL_PCD_SOFCallback
 .text.HAL_PCD_ResetCallback
                0x000000000800b92a       0x3c USB_DEVICE/Target/usbd_conf.o
                0x000000000800b92a                HAL_PCD_ResetCallback
 *fill*         0x000000000800b966        0x2 
 .text.HAL_PCD_SuspendCallback
                0x000000000800b968       0x34 USB_DEVICE/Target/usbd_conf.o
                0x000000000800b968                HAL_PCD_SuspendCallback
 .text.HAL_PCD_ResumeCallback
                0x000000000800b99c       0x1c USB_DEVICE/Target/usbd_conf.o
                0x000000000800b99c                HAL_PCD_ResumeCallback
 .text.USBD_LL_Init
                0x000000000800b9b8       0xb4 USB_DEVICE/Target/usbd_conf.o
                0x000000000800b9b8                USBD_LL_Init
 .text.USBD_LL_Start
                0x000000000800ba6c       0x36 USB_DEVICE/Target/usbd_conf.o
                0x000000000800ba6c                USBD_LL_Start
 .text.USBD_LL_OpenEP
                0x000000000800baa2       0x4c USB_DEVICE/Target/usbd_conf.o
                0x000000000800baa2                USBD_LL_OpenEP
 .text.USBD_LL_CloseEP
                0x000000000800baee       0x3e USB_DEVICE/Target/usbd_conf.o
                0x000000000800baee                USBD_LL_CloseEP
 .text.USBD_LL_StallEP
                0x000000000800bb2c       0x3e USB_DEVICE/Target/usbd_conf.o
                0x000000000800bb2c                USBD_LL_StallEP
 .text.USBD_LL_ClearStallEP
                0x000000000800bb6a       0x3e USB_DEVICE/Target/usbd_conf.o
                0x000000000800bb6a                USBD_LL_ClearStallEP
 .text.USBD_LL_IsStallEP
                0x000000000800bba8       0x4a USB_DEVICE/Target/usbd_conf.o
                0x000000000800bba8                USBD_LL_IsStallEP
 .text.USBD_LL_SetUSBAddress
                0x000000000800bbf2       0x3e USB_DEVICE/Target/usbd_conf.o
                0x000000000800bbf2                USBD_LL_SetUSBAddress
 .text.USBD_LL_Transmit
                0x000000000800bc30       0x46 USB_DEVICE/Target/usbd_conf.o
                0x000000000800bc30                USBD_LL_Transmit
 .text.USBD_LL_PrepareReceive
                0x000000000800bc76       0x46 USB_DEVICE/Target/usbd_conf.o
                0x000000000800bc76                USBD_LL_PrepareReceive
 .text.USBD_LL_GetRxDataSize
                0x000000000800bcbc       0x26 USB_DEVICE/Target/usbd_conf.o
                0x000000000800bcbc                USBD_LL_GetRxDataSize
 *fill*         0x000000000800bce2        0x2 
 .text.USBD_static_malloc
                0x000000000800bce4       0x18 USB_DEVICE/Target/usbd_conf.o
                0x000000000800bce4                USBD_static_malloc
 .text.USBD_static_free
                0x000000000800bcfc       0x12 USB_DEVICE/Target/usbd_conf.o
                0x000000000800bcfc                USBD_static_free
 .text.HAL_PCDEx_SetConnectionState
                0x000000000800bd0e       0x16 USB_DEVICE/Target/usbd_conf.o
                0x000000000800bd0e                HAL_PCDEx_SetConnectionState
 .text.USBD_Get_USB_Status
                0x000000000800bd24       0x58 USB_DEVICE/Target/usbd_conf.o
 .text.__libc_init_array
                0x000000000800bd7c       0x48 c:/st/stm32cubeide_1.3.0/stm32cubeide/plugins/com.st.stm32cube.ide.mcu.externaltools.gnu-tools-for-stm32.7-2018-q2-update.win32_1.0.0.201904181610/tools/bin/../lib/gcc/arm-none-eabi/7.3.1/../../../../arm-none-eabi/lib/thumb/v7-m\libc_nano.a(lib_a-init.o)
                0x000000000800bd7c                __libc_init_array
 .text.memcpy   0x000000000800bdc4       0x16 c:/st/stm32cubeide_1.3.0/stm32cubeide/plugins/com.st.stm32cube.ide.mcu.externaltools.gnu-tools-for-stm32.7-2018-q2-update.win32_1.0.0.201904181610/tools/bin/../lib/gcc/arm-none-eabi/7.3.1/../../../../arm-none-eabi/lib/thumb/v7-m\libc_nano.a(lib_a-memcpy-stub.o)
                0x000000000800bdc4                memcpy
 .text.memset   0x000000000800bdda       0x10 c:/st/stm32cubeide_1.3.0/stm32cubeide/plugins/com.st.stm32cube.ide.mcu.externaltools.gnu-tools-for-stm32.7-2018-q2-update.win32_1.0.0.201904181610/tools/bin/../lib/gcc/arm-none-eabi/7.3.1/../../../../arm-none-eabi/lib/thumb/v7-m\libc_nano.a(lib_a-memset.o)
                0x000000000800bdda                memset
 *(.glue_7)
 .glue_7        0x000000000800bdea        0x0 linker stubs
 *(.glue_7t)
 .glue_7t       0x000000000800bdea        0x0 linker stubs
 *(.eh_frame)
 *fill*         0x000000000800bdea        0x2 
 .eh_frame      0x000000000800bdec        0x0 c:/st/stm32cubeide_1.3.0/stm32cubeide/plugins/com.st.stm32cube.ide.mcu.externaltools.gnu-tools-for-stm32.7-2018-q2-update.win32_1.0.0.201904181610/tools/bin/../lib/gcc/arm-none-eabi/7.3.1/thumb/v7-m/crtbegin.o
 *(.init)
 .init          0x000000000800bdec        0x4 c:/st/stm32cubeide_1.3.0/stm32cubeide/plugins/com.st.stm32cube.ide.mcu.externaltools.gnu-tools-for-stm32.7-2018-q2-update.win32_1.0.0.201904181610/tools/bin/../lib/gcc/arm-none-eabi/7.3.1/thumb/v7-m/crti.o
                0x000000000800bdec                _init
 .init          0x000000000800bdf0        0x8 c:/st/stm32cubeide_1.3.0/stm32cubeide/plugins/com.st.stm32cube.ide.mcu.externaltools.gnu-tools-for-stm32.7-2018-q2-update.win32_1.0.0.201904181610/tools/bin/../lib/gcc/arm-none-eabi/7.3.1/thumb/v7-m/crtn.o
 *(.fini)
 .fini          0x000000000800bdf8        0x4 c:/st/stm32cubeide_1.3.0/stm32cubeide/plugins/com.st.stm32cube.ide.mcu.externaltools.gnu-tools-for-stm32.7-2018-q2-update.win32_1.0.0.201904181610/tools/bin/../lib/gcc/arm-none-eabi/7.3.1/thumb/v7-m/crti.o
                0x000000000800bdf8                _fini
 .fini          0x000000000800bdfc        0x8 c:/st/stm32cubeide_1.3.0/stm32cubeide/plugins/com.st.stm32cube.ide.mcu.externaltools.gnu-tools-for-stm32.7-2018-q2-update.win32_1.0.0.201904181610/tools/bin/../lib/gcc/arm-none-eabi/7.3.1/thumb/v7-m/crtn.o
                0x000000000800be04                . = ALIGN (0x4)
                0x000000000800be04                _etext = .

.vfp11_veneer   0x000000000800be04        0x0
 .vfp11_veneer  0x000000000800be04        0x0 linker stubs

.v4_bx          0x000000000800be04        0x0
 .v4_bx         0x000000000800be04        0x0 linker stubs

.iplt           0x000000000800be04        0x0
 .iplt          0x000000000800be04        0x0 c:/st/stm32cubeide_1.3.0/stm32cubeide/plugins/com.st.stm32cube.ide.mcu.externaltools.gnu-tools-for-stm32.7-2018-q2-update.win32_1.0.0.201904181610/tools/bin/../lib/gcc/arm-none-eabi/7.3.1/thumb/v7-m/crtbegin.o

.rodata         0x000000000800be04       0x68
                0x000000000800be04                . = ALIGN (0x4)
 *(.rodata)
 .rodata        0x000000000800be04       0x12 Drivers/STM32F1xx_HAL_Driver/Src/stm32f1xx_hal_rcc.o
 *fill*         0x000000000800be16        0x2 
 .rodata        0x000000000800be18       0x3a USB_DEVICE/App/usbd_desc.o
 *(.rodata*)
 *fill*         0x000000000800be52        0x2 
 .rodata.AHBPrescTable
                0x000000000800be54       0x10 Core/Src/system_stm32f1xx.o
                0x000000000800be54                AHBPrescTable
 .rodata.APBPrescTable
                0x000000000800be64        0x8 Core/Src/system_stm32f1xx.o
                0x000000000800be64                APBPrescTable
                0x000000000800be6c                . = ALIGN (0x4)

.rel.dyn        0x000000000800be6c        0x0
 .rel.iplt      0x000000000800be6c        0x0 c:/st/stm32cubeide_1.3.0/stm32cubeide/plugins/com.st.stm32cube.ide.mcu.externaltools.gnu-tools-for-stm32.7-2018-q2-update.win32_1.0.0.201904181610/tools/bin/../lib/gcc/arm-none-eabi/7.3.1/thumb/v7-m/crtbegin.o

.ARM.extab      0x000000000800be6c        0x0
                0x000000000800be6c                . = ALIGN (0x4)
 *(.ARM.extab* .gnu.linkonce.armextab.*)
                0x000000000800be6c                . = ALIGN (0x4)

.ARM            0x000000000800be6c        0x0
                0x000000000800be6c                . = ALIGN (0x4)
                0x000000000800be6c                __exidx_start = .
 *(.ARM.exidx*)
                0x000000000800be6c                __exidx_end = .
                0x000000000800be6c                . = ALIGN (0x4)

.preinit_array  0x000000000800be6c        0x0
                0x000000000800be6c                . = ALIGN (0x4)
                0x000000000800be6c                PROVIDE (__preinit_array_start = .)
 *(.preinit_array*)
                0x000000000800be6c                PROVIDE (__preinit_array_end = .)
                0x000000000800be6c                . = ALIGN (0x4)

.init_array     0x000000000800be6c        0x4
                0x000000000800be6c                . = ALIGN (0x4)
                0x000000000800be6c                PROVIDE (__init_array_start = .)
 *(SORT_BY_NAME(.init_array.*))
 *(.init_array*)
 .init_array    0x000000000800be6c        0x4 c:/st/stm32cubeide_1.3.0/stm32cubeide/plugins/com.st.stm32cube.ide.mcu.externaltools.gnu-tools-for-stm32.7-2018-q2-update.win32_1.0.0.201904181610/tools/bin/../lib/gcc/arm-none-eabi/7.3.1/thumb/v7-m/crtbegin.o
                0x000000000800be70                PROVIDE (__init_array_end = .)
                0x000000000800be70                . = ALIGN (0x4)

.fini_array     0x000000000800be70        0x4
                0x000000000800be70                . = ALIGN (0x4)
                [!provide]                        PROVIDE (__fini_array_start = .)
 *(SORT_BY_NAME(.fini_array.*))
 *(.fini_array*)
 .fini_array    0x000000000800be70        0x4 c:/st/stm32cubeide_1.3.0/stm32cubeide/plugins/com.st.stm32cube.ide.mcu.externaltools.gnu-tools-for-stm32.7-2018-q2-update.win32_1.0.0.201904181610/tools/bin/../lib/gcc/arm-none-eabi/7.3.1/thumb/v7-m/crtbegin.o
                [!provide]                        PROVIDE (__fini_array_end = .)
                0x000000000800be74                . = ALIGN (0x4)
                0x000000000800be74                _sidata = LOADADDR (.data)

.data           0x0000000020000000      0x1a4 load address 0x000000000800be74
                0x0000000020000000                . = ALIGN (0x4)
                0x0000000020000000                _sdata = .
 *(.data)
 *(.data*)
 .data._EEPROM_SIZE_KBIT
                0x0000000020000000        0x4 3rdparty/EEPROM24xx/eeprom24xx.o
                0x0000000020000000                _EEPROM_SIZE_KBIT
 .data.linecode
                0x0000000020000004        0xc APP/userapp.o
                0x0000000020000004                linecode
 .data.i2c_cmd_data
                0x0000000020000010        0xc APP/useri2c.o
                0x0000000020000010                i2c_cmd_data
 .data.spi_cmd_data
                0x000000002000001c        0xc APP/userspi.o
                0x000000002000001c                spi_cmd_data
 .data.SystemCoreClock
                0x0000000020000028        0x4 Core/Src/system_stm32f1xx.o
                0x0000000020000028                SystemCoreClock
 .data.uwTickPrio
                0x000000002000002c        0x4 Drivers/STM32F1xx_HAL_Driver/Src/stm32f1xx_hal.o
                0x000000002000002c                uwTickPrio
 .data.uwTickFreq
                0x0000000020000030        0x1 Drivers/STM32F1xx_HAL_Driver/Src/stm32f1xx_hal.o
                0x0000000020000030                uwTickFreq
 *fill*         0x0000000020000031        0x3 
 .data.USBD_CDC_DeviceQualifierDesc
                0x0000000020000034        0xa Middlewares/ST/STM32_USB_Device_Library/Class/CDC/Src/usbd_cdc.o
 *fill*         0x000000002000003e        0x2 
 .data.USBD_CDC
                0x0000000020000040       0x38 Middlewares/ST/STM32_USB_Device_Library/Class/CDC/Src/usbd_cdc.o
                0x0000000020000040                USBD_CDC
 .data.USBD_CDC_CfgHSDesc
                0x0000000020000078       0x43 Middlewares/ST/STM32_USB_Device_Library/Class/CDC/Src/usbd_cdc.o
                0x0000000020000078                USBD_CDC_CfgHSDesc
 *fill*         0x00000000200000bb        0x1 
 .data.USBD_CDC_CfgFSDesc
                0x00000000200000bc       0x43 Middlewares/ST/STM32_USB_Device_Library/Class/CDC/Src/usbd_cdc.o
                0x00000000200000bc                USBD_CDC_CfgFSDesc
 *fill*         0x00000000200000ff        0x1 
 .data.USBD_CDC_OtherSpeedCfgDesc
                0x0000000020000100       0x43 Middlewares/ST/STM32_USB_Device_Library/Class/CDC/Src/usbd_cdc.o
                0x0000000020000100                USBD_CDC_OtherSpeedCfgDesc
 *fill*         0x0000000020000143        0x1 
 .data.USBD_Interface_fops_FS
                0x0000000020000144       0x10 USB_DEVICE/App/usbd_cdc_if.o
                0x0000000020000144                USBD_Interface_fops_FS
 .data.FS_Desc  0x0000000020000154       0x1c USB_DEVICE/App/usbd_desc.o
                0x0000000020000154                FS_Desc
 .data.USBD_FS_DeviceDesc
                0x0000000020000170       0x12 USB_DEVICE/App/usbd_desc.o
                0x0000000020000170                USBD_FS_DeviceDesc
 *fill*         0x0000000020000182        0x2 
 .data.USBD_LangIDDesc
                0x0000000020000184        0x4 USB_DEVICE/App/usbd_desc.o
                0x0000000020000184                USBD_LangIDDesc
 .data.USBD_StringSerial
                0x0000000020000188       0x1a USB_DEVICE/App/usbd_desc.o
                0x0000000020000188                USBD_StringSerial
                0x00000000200001a4                . = ALIGN (0x4)
 *fill*         0x00000000200001a2        0x2 
                0x00000000200001a4                _edata = .

.igot.plt       0x00000000200001a4        0x0 load address 0x000000000800c018
 .igot.plt      0x00000000200001a4        0x0 c:/st/stm32cubeide_1.3.0/stm32cubeide/plugins/com.st.stm32cube.ide.mcu.externaltools.gnu-tools-for-stm32.7-2018-q2-update.win32_1.0.0.201904181610/tools/bin/../lib/gcc/arm-none-eabi/7.3.1/thumb/v7-m/crtbegin.o
                0x00000000200001a4                . = ALIGN (0x4)

.bss            0x00000000200001a4     0x1edc load address 0x000000000800c018
                0x00000000200001a4                _sbss = .
                0x00000000200001a4                __bss_start__ = _sbss
 *(.bss)
 .bss           0x00000000200001a4       0x1c c:/st/stm32cubeide_1.3.0/stm32cubeide/plugins/com.st.stm32cube.ide.mcu.externaltools.gnu-tools-for-stm32.7-2018-q2-update.win32_1.0.0.201904181610/tools/bin/../lib/gcc/arm-none-eabi/7.3.1/thumb/v7-m/crtbegin.o
 *(.bss*)
 .bss.WorkMode  0x00000000200001c0        0x1 APP/userapp.o
                0x00000000200001c0                WorkMode
 *fill*         0x00000000200001c1        0x3 
 .bss.spi_rx_buff
                0x00000000200001c4      0x3e8 APP/userspi.o
 .bss.cfgidx.8617
                0x00000000200005ac        0x1 Middlewares/ST/STM32_USB_Device_Library/Core/Src/usbd_ctlreq.o
 *fill*         0x00000000200005ad        0x3 
 .bss.mem.8682  0x00000000200005b0      0x220 USB_DEVICE/Target/usbd_conf.o
 *(COMMON)
 COMMON         0x00000000200007d0       0x28 3rdparty/w25qxx/w25qxx.o
                0x00000000200007d0                w25qxx
 COMMON         0x00000000200007f8      0x3e8 APP/useri2c.o
                0x00000000200007f8                i2c_rx_buff
 COMMON         0x0000000020000be0      0x3e8 APP/useruart.o
                0x0000000020000be0                uart_rx_buff
 COMMON         0x0000000020000fc8      0x174 Core/Src/main.o
                0x0000000020000fc8                hdma_usart2_rx
                0x000000002000100c                hi2c1
                0x0000000020001060                hdma_usart2_tx
                0x00000000200010a4                hspi1
                0x00000000200010fc                huart2
 COMMON         0x000000002000113c       0x40 Core/Src/stm32f1xx_hal_timebase_tim.o
                0x000000002000113c                htim4
 COMMON         0x000000002000117c        0x4 Drivers/STM32F1xx_HAL_Driver/Src/stm32f1xx_hal.o
                0x000000002000117c                uwTick
 COMMON         0x0000000020001180      0x2c4 USB_DEVICE/App/usb_device.o
                0x0000000020001180                hUsbDeviceFS
 COMMON         0x0000000020001444      0x7d0 USB_DEVICE/App/usbd_cdc_if.o
                0x0000000020001444                UserRxBufferFS
                0x000000002000182c                UserTxBufferFS
 COMMON         0x0000000020001c14      0x200 USB_DEVICE/App/usbd_desc.o
                0x0000000020001c14                USBD_StrDesc
 COMMON         0x0000000020001e14      0x26c USB_DEVICE/Target/usbd_conf.o
                0x0000000020001e14                hpcd_USB_FS
                0x0000000020002080                . = ALIGN (0x4)
                0x0000000020002080                _ebss = .
                0x0000000020002080                __bss_end__ = _ebss

._user_heap_stack
                0x0000000020002080      0x600 load address 0x000000000800c018
                0x0000000020002080                . = ALIGN (0x8)
                0x0000000020002080                PROVIDE (end = .)
                [!provide]                        PROVIDE (_end = .)
                0x0000000020002280                . = (. + _Min_Heap_Size)
 *fill*         0x0000000020002080      0x200 
                0x0000000020002680                . = (. + _Min_Stack_Size)
 *fill*         0x0000000020002280      0x400 
                0x0000000020002680                . = ALIGN (0x8)

/DISCARD/
 libc.a(*)
 libm.a(*)
 libgcc.a(*)

.ARM.attributes
                0x0000000000000000       0x29
 *(.ARM.attributes)
 .ARM.attributes
                0x0000000000000000       0x1d c:/st/stm32cubeide_1.3.0/stm32cubeide/plugins/com.st.stm32cube.ide.mcu.externaltools.gnu-tools-for-stm32.7-2018-q2-update.win32_1.0.0.201904181610/tools/bin/../lib/gcc/arm-none-eabi/7.3.1/thumb/v7-m/crti.o
 .ARM.attributes
                0x000000000000001d       0x2d c:/st/stm32cubeide_1.3.0/stm32cubeide/plugins/com.st.stm32cube.ide.mcu.externaltools.gnu-tools-for-stm32.7-2018-q2-update.win32_1.0.0.201904181610/tools/bin/../lib/gcc/arm-none-eabi/7.3.1/thumb/v7-m/crtbegin.o
 .ARM.attributes
                0x000000000000004a       0x33 3rdparty/EEPROM24xx/eeprom24xx.o
 .ARM.attributes
                0x000000000000007d       0x33 3rdparty/w25qxx/w25qxx.o
 .ARM.attributes
                0x00000000000000b0       0x33 APP/userapp.o
 .ARM.attributes
                0x00000000000000e3       0x33 APP/useri2c.o
 .ARM.attributes
                0x0000000000000116       0x33 APP/userspi.o
 .ARM.attributes
                0x0000000000000149       0x33 APP/useruart.o
 .ARM.attributes
                0x000000000000017c       0x33 Core/Src/main.o
 .ARM.attributes
                0x00000000000001af       0x33 Core/Src/stm32f1xx_hal_msp.o
 .ARM.attributes
                0x00000000000001e2       0x33 Core/Src/stm32f1xx_hal_timebase_tim.o
 .ARM.attributes
                0x0000000000000215       0x33 Core/Src/stm32f1xx_it.o
 .ARM.attributes
                0x0000000000000248       0x33 Core/Src/system_stm32f1xx.o
 .ARM.attributes
                0x000000000000027b       0x21 Core/Startup/startup_stm32f103c8tx.o
 .ARM.attributes
                0x000000000000029c       0x33 Drivers/STM32F1xx_HAL_Driver/Src/stm32f1xx_hal.o
 .ARM.attributes
                0x00000000000002cf       0x33 Drivers/STM32F1xx_HAL_Driver/Src/stm32f1xx_hal_cortex.o
 .ARM.attributes
                0x0000000000000302       0x33 Drivers/STM32F1xx_HAL_Driver/Src/stm32f1xx_hal_dma.o
 .ARM.attributes
                0x0000000000000335       0x33 Drivers/STM32F1xx_HAL_Driver/Src/stm32f1xx_hal_gpio.o
 .ARM.attributes
                0x0000000000000368       0x33 Drivers/STM32F1xx_HAL_Driver/Src/stm32f1xx_hal_i2c.o
 .ARM.attributes
                0x000000000000039b       0x33 Drivers/STM32F1xx_HAL_Driver/Src/stm32f1xx_hal_pcd.o
 .ARM.attributes
                0x00000000000003ce       0x33 Drivers/STM32F1xx_HAL_Driver/Src/stm32f1xx_hal_pcd_ex.o
 .ARM.attributes
                0x0000000000000401       0x33 Drivers/STM32F1xx_HAL_Driver/Src/stm32f1xx_hal_rcc.o
 .ARM.attributes
                0x0000000000000434       0x33 Drivers/STM32F1xx_HAL_Driver/Src/stm32f1xx_hal_rcc_ex.o
 .ARM.attributes
                0x0000000000000467       0x33 Drivers/STM32F1xx_HAL_Driver/Src/stm32f1xx_hal_spi.o
 .ARM.attributes
                0x000000000000049a       0x33 Drivers/STM32F1xx_HAL_Driver/Src/stm32f1xx_hal_tim.o
 .ARM.attributes
                0x00000000000004cd       0x33 Drivers/STM32F1xx_HAL_Driver/Src/stm32f1xx_hal_tim_ex.o
 .ARM.attributes
                0x0000000000000500       0x33 Drivers/STM32F1xx_HAL_Driver/Src/stm32f1xx_hal_uart.o
 .ARM.attributes
                0x0000000000000533       0x33 Drivers/STM32F1xx_HAL_Driver/Src/stm32f1xx_ll_usb.o
 .ARM.attributes
                0x0000000000000566       0x33 Middlewares/ST/STM32_USB_Device_Library/Class/CDC/Src/usbd_cdc.o
 .ARM.attributes
                0x0000000000000599       0x33 Middlewares/ST/STM32_USB_Device_Library/Core/Src/usbd_core.o
 .ARM.attributes
                0x00000000000005cc       0x33 Middlewares/ST/STM32_USB_Device_Library/Core/Src/usbd_ctlreq.o
 .ARM.attributes
                0x00000000000005ff       0x33 Middlewares/ST/STM32_USB_Device_Library/Core/Src/usbd_ioreq.o
 .ARM.attributes
                0x0000000000000632       0x33 USB_DEVICE/App/usb_device.o
 .ARM.attributes
                0x0000000000000665       0x33 USB_DEVICE/App/usbd_cdc_if.o
 .ARM.attributes
                0x0000000000000698       0x33 USB_DEVICE/App/usbd_desc.o
 .ARM.attributes
                0x00000000000006cb       0x33 USB_DEVICE/Target/usbd_conf.o
 .ARM.attributes
                0x00000000000006fe       0x2d c:/st/stm32cubeide_1.3.0/stm32cubeide/plugins/com.st.stm32cube.ide.mcu.externaltools.gnu-tools-for-stm32.7-2018-q2-update.win32_1.0.0.201904181610/tools/bin/../lib/gcc/arm-none-eabi/7.3.1/../../../../arm-none-eabi/lib/thumb/v7-m\libc_nano.a(lib_a-init.o)
 .ARM.attributes
                0x000000000000072b       0x2d c:/st/stm32cubeide_1.3.0/stm32cubeide/plugins/com.st.stm32cube.ide.mcu.externaltools.gnu-tools-for-stm32.7-2018-q2-update.win32_1.0.0.201904181610/tools/bin/../lib/gcc/arm-none-eabi/7.3.1/../../../../arm-none-eabi/lib/thumb/v7-m\libc_nano.a(lib_a-memcpy-stub.o)
 .ARM.attributes
                0x0000000000000758       0x2d c:/st/stm32cubeide_1.3.0/stm32cubeide/plugins/com.st.stm32cube.ide.mcu.externaltools.gnu-tools-for-stm32.7-2018-q2-update.win32_1.0.0.201904181610/tools/bin/../lib/gcc/arm-none-eabi/7.3.1/../../../../arm-none-eabi/lib/thumb/v7-m\libc_nano.a(lib_a-memset.o)
 .ARM.attributes
                0x0000000000000785       0x1d c:/st/stm32cubeide_1.3.0/stm32cubeide/plugins/com.st.stm32cube.ide.mcu.externaltools.gnu-tools-for-stm32.7-2018-q2-update.win32_1.0.0.201904181610/tools/bin/../lib/gcc/arm-none-eabi/7.3.1/thumb/v7-m\libgcc.a(_arm_addsubdf3.o)
 .ARM.attributes
                0x00000000000007a2       0x1d c:/st/stm32cubeide_1.3.0/stm32cubeide/plugins/com.st.stm32cube.ide.mcu.externaltools.gnu-tools-for-stm32.7-2018-q2-update.win32_1.0.0.201904181610/tools/bin/../lib/gcc/arm-none-eabi/7.3.1/thumb/v7-m\libgcc.a(_arm_muldivdf3.o)
 .ARM.attributes
                0x00000000000007bf       0x1d c:/st/stm32cubeide_1.3.0/stm32cubeide/plugins/com.st.stm32cube.ide.mcu.externaltools.gnu-tools-for-stm32.7-2018-q2-update.win32_1.0.0.201904181610/tools/bin/../lib/gcc/arm-none-eabi/7.3.1/thumb/v7-m\libgcc.a(_arm_fixunsdfsi.o)
 .ARM.attributes
                0x00000000000007dc       0x1d c:/st/stm32cubeide_1.3.0/stm32cubeide/plugins/com.st.stm32cube.ide.mcu.externaltools.gnu-tools-for-stm32.7-2018-q2-update.win32_1.0.0.201904181610/tools/bin/../lib/gcc/arm-none-eabi/7.3.1/thumb/v7-m/crtn.o
OUTPUT(STM32F103C8.elf elf32-littlearm)

.debug_info     0x0000000000000000    0x25187
 .debug_info    0x0000000000000000     0x1559 3rdparty/EEPROM24xx/eeprom24xx.o
 .debug_info    0x0000000000001559     0x1d72 3rdparty/w25qxx/w25qxx.o
 .debug_info    0x00000000000032cb     0x14a2 APP/userapp.o
 .debug_info    0x000000000000476d     0x1454 APP/useri2c.o
 .debug_info    0x0000000000005bc1     0x1650 APP/userspi.o
 .debug_info    0x0000000000007211     0x14c3 APP/useruart.o
 .debug_info    0x00000000000086d4     0x1c70 Core/Src/main.o
 .debug_info    0x000000000000a344      0xf94 Core/Src/stm32f1xx_hal_msp.o
 .debug_info    0x000000000000b2d8      0x8e8 Core/Src/stm32f1xx_hal_timebase_tim.o
 .debug_info    0x000000000000bbc0     0x1212 Core/Src/stm32f1xx_it.o
 .debug_info    0x000000000000cdd2      0x433 Core/Src/system_stm32f1xx.o
 .debug_info    0x000000000000d205       0x22 Core/Startup/startup_stm32f103c8tx.o
 .debug_info    0x000000000000d227      0x6fe Drivers/STM32F1xx_HAL_Driver/Src/stm32f1xx_hal.o
 .debug_info    0x000000000000d925      0xb46 Drivers/STM32F1xx_HAL_Driver/Src/stm32f1xx_hal_cortex.o
 .debug_info    0x000000000000e46b      0x7a6 Drivers/STM32F1xx_HAL_Driver/Src/stm32f1xx_hal_dma.o
 .debug_info    0x000000000000ec11      0x681 Drivers/STM32F1xx_HAL_Driver/Src/stm32f1xx_hal_gpio.o
 .debug_info    0x000000000000f292     0x2457 Drivers/STM32F1xx_HAL_Driver/Src/stm32f1xx_hal_i2c.o
 .debug_info    0x00000000000116e9      0xe38 Drivers/STM32F1xx_HAL_Driver/Src/stm32f1xx_hal_pcd.o
 .debug_info    0x0000000000012521      0x760 Drivers/STM32F1xx_HAL_Driver/Src/stm32f1xx_hal_pcd_ex.o
 .debug_info    0x0000000000012c81      0x804 Drivers/STM32F1xx_HAL_Driver/Src/stm32f1xx_hal_rcc.o
 .debug_info    0x0000000000013485      0x439 Drivers/STM32F1xx_HAL_Driver/Src/stm32f1xx_hal_rcc_ex.o
 .debug_info    0x00000000000138be     0x153a Drivers/STM32F1xx_HAL_Driver/Src/stm32f1xx_hal_spi.o
 .debug_info    0x0000000000014df8     0x2456 Drivers/STM32F1xx_HAL_Driver/Src/stm32f1xx_hal_tim.o
 .debug_info    0x000000000001724e     0x1104 Drivers/STM32F1xx_HAL_Driver/Src/stm32f1xx_hal_tim_ex.o
 .debug_info    0x0000000000018352     0x11e3 Drivers/STM32F1xx_HAL_Driver/Src/stm32f1xx_hal_uart.o
 .debug_info    0x0000000000019535     0x14f9 Drivers/STM32F1xx_HAL_Driver/Src/stm32f1xx_ll_usb.o
 .debug_info    0x000000000001aa2e     0x1791 Middlewares/ST/STM32_USB_Device_Library/Class/CDC/Src/usbd_cdc.o
 .debug_info    0x000000000001c1bf     0x11c2 Middlewares/ST/STM32_USB_Device_Library/Core/Src/usbd_core.o
 .debug_info    0x000000000001d381     0x1132 Middlewares/ST/STM32_USB_Device_Library/Core/Src/usbd_ctlreq.o
 .debug_info    0x000000000001e4b3      0xf23 Middlewares/ST/STM32_USB_Device_Library/Core/Src/usbd_ioreq.o
 .debug_info    0x000000000001f3d6     0x18ad USB_DEVICE/App/usb_device.o
 .debug_info    0x0000000000020c83     0x1a68 USB_DEVICE/App/usbd_cdc_if.o
 .debug_info    0x00000000000226eb      0xd07 USB_DEVICE/App/usbd_desc.o
 .debug_info    0x00000000000233f2     0x1d95 USB_DEVICE/Target/usbd_conf.o

.debug_abbrev   0x0000000000000000     0x46a5
 .debug_abbrev  0x0000000000000000      0x219 3rdparty/EEPROM24xx/eeprom24xx.o
 .debug_abbrev  0x0000000000000219      0x2d8 3rdparty/w25qxx/w25qxx.o
 .debug_abbrev  0x00000000000004f1      0x1f1 APP/userapp.o
 .debug_abbrev  0x00000000000006e2      0x1e9 APP/useri2c.o
 .debug_abbrev  0x00000000000008cb      0x236 APP/userspi.o
 .debug_abbrev  0x0000000000000b01      0x229 APP/useruart.o
 .debug_abbrev  0x0000000000000d2a      0x2ca Core/Src/main.o
 .debug_abbrev  0x0000000000000ff4      0x1be Core/Src/stm32f1xx_hal_msp.o
 .debug_abbrev  0x00000000000011b2      0x19d Core/Src/stm32f1xx_hal_timebase_tim.o
 .debug_abbrev  0x000000000000134f      0x19d Core/Src/stm32f1xx_it.o
 .debug_abbrev  0x00000000000014ec      0x134 Core/Src/system_stm32f1xx.o
 .debug_abbrev  0x0000000000001620       0x12 Core/Startup/startup_stm32f103c8tx.o
 .debug_abbrev  0x0000000000001632      0x1d8 Drivers/STM32F1xx_HAL_Driver/Src/stm32f1xx_hal.o
 .debug_abbrev  0x000000000000180a      0x2d5 Drivers/STM32F1xx_HAL_Driver/Src/stm32f1xx_hal_cortex.o
 .debug_abbrev  0x0000000000001adf      0x1fe Drivers/STM32F1xx_HAL_Driver/Src/stm32f1xx_hal_dma.o
 .debug_abbrev  0x0000000000001cdd      0x1c0 Drivers/STM32F1xx_HAL_Driver/Src/stm32f1xx_hal_gpio.o
 .debug_abbrev  0x0000000000001e9d      0x258 Drivers/STM32F1xx_HAL_Driver/Src/stm32f1xx_hal_i2c.o
 .debug_abbrev  0x00000000000020f5      0x263 Drivers/STM32F1xx_HAL_Driver/Src/stm32f1xx_hal_pcd.o
 .debug_abbrev  0x0000000000002358      0x188 Drivers/STM32F1xx_HAL_Driver/Src/stm32f1xx_hal_pcd_ex.o
 .debug_abbrev  0x00000000000024e0      0x243 Drivers/STM32F1xx_HAL_Driver/Src/stm32f1xx_hal_rcc.o
 .debug_abbrev  0x0000000000002723      0x175 Drivers/STM32F1xx_HAL_Driver/Src/stm32f1xx_hal_rcc_ex.o
 .debug_abbrev  0x0000000000002898      0x240 Drivers/STM32F1xx_HAL_Driver/Src/stm32f1xx_hal_spi.o
 .debug_abbrev  0x0000000000002ad8      0x230 Drivers/STM32F1xx_HAL_Driver/Src/stm32f1xx_hal_tim.o
 .debug_abbrev  0x0000000000002d08      0x21e Drivers/STM32F1xx_HAL_Driver/Src/stm32f1xx_hal_tim_ex.o
 .debug_abbrev  0x0000000000002f26      0x242 Drivers/STM32F1xx_HAL_Driver/Src/stm32f1xx_hal_uart.o
 .debug_abbrev  0x0000000000003168      0x1c5 Drivers/STM32F1xx_HAL_Driver/Src/stm32f1xx_ll_usb.o
 .debug_abbrev  0x000000000000332d      0x2b6 Middlewares/ST/STM32_USB_Device_Library/Class/CDC/Src/usbd_cdc.o
 .debug_abbrev  0x00000000000035e3      0x270 Middlewares/ST/STM32_USB_Device_Library/Core/Src/usbd_core.o
 .debug_abbrev  0x0000000000003853      0x2a0 Middlewares/ST/STM32_USB_Device_Library/Core/Src/usbd_ctlreq.o
 .debug_abbrev  0x0000000000003af3      0x1e0 Middlewares/ST/STM32_USB_Device_Library/Core/Src/usbd_ioreq.o
 .debug_abbrev  0x0000000000003cd3      0x1d0 USB_DEVICE/App/usb_device.o
 .debug_abbrev  0x0000000000003ea3      0x297 USB_DEVICE/App/usbd_cdc_if.o
 .debug_abbrev  0x000000000000413a      0x290 USB_DEVICE/App/usbd_desc.o
 .debug_abbrev  0x00000000000043ca      0x2db USB_DEVICE/Target/usbd_conf.o

.debug_aranges  0x0000000000000000     0x18b8
 .debug_aranges
                0x0000000000000000       0x38 3rdparty/EEPROM24xx/eeprom24xx.o
 .debug_aranges
                0x0000000000000038      0x100 3rdparty/w25qxx/w25qxx.o
 .debug_aranges
                0x0000000000000138       0x38 APP/userapp.o
 .debug_aranges
                0x0000000000000170       0x20 APP/useri2c.o
 .debug_aranges
                0x0000000000000190       0x38 APP/userspi.o
 .debug_aranges
                0x00000000000001c8       0x40 APP/useruart.o
 .debug_aranges
                0x0000000000000208       0x60 Core/Src/main.o
 .debug_aranges
                0x0000000000000268       0x50 Core/Src/stm32f1xx_hal_msp.o
 .debug_aranges
                0x00000000000002b8       0x30 Core/Src/stm32f1xx_hal_timebase_tim.o
 .debug_aranges
                0x00000000000002e8       0x88 Core/Src/stm32f1xx_it.o
 .debug_aranges
                0x0000000000000370       0x28 Core/Src/system_stm32f1xx.o
 .debug_aranges
                0x0000000000000398       0x28 Core/Startup/startup_stm32f103c8tx.o
 .debug_aranges
                0x00000000000003c0       0xe0 Drivers/STM32F1xx_HAL_Driver/Src/stm32f1xx_hal.o
 .debug_aranges
                0x00000000000004a0      0x100 Drivers/STM32F1xx_HAL_Driver/Src/stm32f1xx_hal_cortex.o
 .debug_aranges
                0x00000000000005a0       0x80 Drivers/STM32F1xx_HAL_Driver/Src/stm32f1xx_hal_dma.o
 .debug_aranges
                0x0000000000000620       0x58 Drivers/STM32F1xx_HAL_Driver/Src/stm32f1xx_hal_gpio.o
 .debug_aranges
                0x0000000000000678      0x290 Drivers/STM32F1xx_HAL_Driver/Src/stm32f1xx_hal_i2c.o
 .debug_aranges
                0x0000000000000908      0x120 Drivers/STM32F1xx_HAL_Driver/Src/stm32f1xx_hal_pcd.o
 .debug_aranges
                0x0000000000000a28       0x38 Drivers/STM32F1xx_HAL_Driver/Src/stm32f1xx_hal_pcd_ex.o
 .debug_aranges
                0x0000000000000a60       0x90 Drivers/STM32F1xx_HAL_Driver/Src/stm32f1xx_hal_rcc.o
 .debug_aranges
                0x0000000000000af0       0x30 Drivers/STM32F1xx_HAL_Driver/Src/stm32f1xx_hal_rcc_ex.o
 .debug_aranges
                0x0000000000000b20      0x1d0 Drivers/STM32F1xx_HAL_Driver/Src/stm32f1xx_hal_spi.o
 .debug_aranges
                0x0000000000000cf0      0x3a8 Drivers/STM32F1xx_HAL_Driver/Src/stm32f1xx_hal_tim.o
 .debug_aranges
                0x0000000000001098      0x150 Drivers/STM32F1xx_HAL_Driver/Src/stm32f1xx_hal_tim_ex.o
 .debug_aranges
                0x00000000000011e8      0x1d0 Drivers/STM32F1xx_HAL_Driver/Src/stm32f1xx_hal_uart.o
 .debug_aranges
                0x00000000000013b8      0x108 Drivers/STM32F1xx_HAL_Driver/Src/stm32f1xx_ll_usb.o
 .debug_aranges
                0x00000000000014c0       0x90 Middlewares/ST/STM32_USB_Device_Library/Class/CDC/Src/usbd_cdc.o
 .debug_aranges
                0x0000000000001550       0xb8 Middlewares/ST/STM32_USB_Device_Library/Core/Src/usbd_core.o
 .debug_aranges
                0x0000000000001608       0x88 Middlewares/ST/STM32_USB_Device_Library/Core/Src/usbd_ctlreq.o
 .debug_aranges
                0x0000000000001690       0x50 Middlewares/ST/STM32_USB_Device_Library/Core/Src/usbd_ioreq.o
 .debug_aranges
                0x00000000000016e0       0x20 USB_DEVICE/App/usb_device.o
 .debug_aranges
                0x0000000000001700       0x40 USB_DEVICE/App/usbd_cdc_if.o
 .debug_aranges
                0x0000000000001740       0x60 USB_DEVICE/App/usbd_desc.o
 .debug_aranges
                0x00000000000017a0      0x118 USB_DEVICE/Target/usbd_conf.o

.debug_ranges   0x0000000000000000     0x1738
 .debug_ranges  0x0000000000000000       0x28 3rdparty/EEPROM24xx/eeprom24xx.o
 .debug_ranges  0x0000000000000028      0x138 3rdparty/w25qxx/w25qxx.o
 .debug_ranges  0x0000000000000160       0x28 APP/userapp.o
 .debug_ranges  0x0000000000000188       0x40 APP/useri2c.o
 .debug_ranges  0x00000000000001c8       0x28 APP/userspi.o
 .debug_ranges  0x00000000000001f0       0x30 APP/useruart.o
 .debug_ranges  0x0000000000000220       0x50 Core/Src/main.o
 .debug_ranges  0x0000000000000270       0x40 Core/Src/stm32f1xx_hal_msp.o
 .debug_ranges  0x00000000000002b0       0x20 Core/Src/stm32f1xx_hal_timebase_tim.o
 .debug_ranges  0x00000000000002d0       0x78 Core/Src/stm32f1xx_it.o
 .debug_ranges  0x0000000000000348       0x18 Core/Src/system_stm32f1xx.o
 .debug_ranges  0x0000000000000360       0x20 Core/Startup/startup_stm32f103c8tx.o
 .debug_ranges  0x0000000000000380       0xd0 Drivers/STM32F1xx_HAL_Driver/Src/stm32f1xx_hal.o
 .debug_ranges  0x0000000000000450       0xf0 Drivers/STM32F1xx_HAL_Driver/Src/stm32f1xx_hal_cortex.o
 .debug_ranges  0x0000000000000540       0x70 Drivers/STM32F1xx_HAL_Driver/Src/stm32f1xx_hal_dma.o
 .debug_ranges  0x00000000000005b0       0x48 Drivers/STM32F1xx_HAL_Driver/Src/stm32f1xx_hal_gpio.o
 .debug_ranges  0x00000000000005f8      0x2a0 Drivers/STM32F1xx_HAL_Driver/Src/stm32f1xx_hal_i2c.o
 .debug_ranges  0x0000000000000898      0x110 Drivers/STM32F1xx_HAL_Driver/Src/stm32f1xx_hal_pcd.o
 .debug_ranges  0x00000000000009a8       0x28 Drivers/STM32F1xx_HAL_Driver/Src/stm32f1xx_hal_pcd_ex.o
 .debug_ranges  0x00000000000009d0       0x80 Drivers/STM32F1xx_HAL_Driver/Src/stm32f1xx_hal_rcc.o
 .debug_ranges  0x0000000000000a50       0x20 Drivers/STM32F1xx_HAL_Driver/Src/stm32f1xx_hal_rcc_ex.o
 .debug_ranges  0x0000000000000a70      0x1c0 Drivers/STM32F1xx_HAL_Driver/Src/stm32f1xx_hal_spi.o
 .debug_ranges  0x0000000000000c30      0x398 Drivers/STM32F1xx_HAL_Driver/Src/stm32f1xx_hal_tim.o
 .debug_ranges  0x0000000000000fc8      0x140 Drivers/STM32F1xx_HAL_Driver/Src/stm32f1xx_hal_tim_ex.o
 .debug_ranges  0x0000000000001108      0x1c0 Drivers/STM32F1xx_HAL_Driver/Src/stm32f1xx_hal_uart.o
 .debug_ranges  0x00000000000012c8       0xf8 Drivers/STM32F1xx_HAL_Driver/Src/stm32f1xx_ll_usb.o
 .debug_ranges  0x00000000000013c0       0x80 Middlewares/ST/STM32_USB_Device_Library/Class/CDC/Src/usbd_cdc.o
 .debug_ranges  0x0000000000001440       0xa8 Middlewares/ST/STM32_USB_Device_Library/Core/Src/usbd_core.o
 .debug_ranges  0x00000000000014e8       0x78 Middlewares/ST/STM32_USB_Device_Library/Core/Src/usbd_ctlreq.o
 .debug_ranges  0x0000000000001560       0x40 Middlewares/ST/STM32_USB_Device_Library/Core/Src/usbd_ioreq.o
 .debug_ranges  0x00000000000015a0       0x10 USB_DEVICE/App/usb_device.o
 .debug_ranges  0x00000000000015b0       0x30 USB_DEVICE/App/usbd_cdc_if.o
 .debug_ranges  0x00000000000015e0       0x50 USB_DEVICE/App/usbd_desc.o
 .debug_ranges  0x0000000000001630      0x108 USB_DEVICE/Target/usbd_conf.o

.debug_macro    0x0000000000000000    0x199bf
 .debug_macro   0x0000000000000000      0x31c 3rdparty/EEPROM24xx/eeprom24xx.o
 .debug_macro   0x000000000000031c      0xa5a 3rdparty/EEPROM24xx/eeprom24xx.o
 .debug_macro   0x0000000000000d76       0x22 3rdparty/EEPROM24xx/eeprom24xx.o
 .debug_macro   0x0000000000000d98       0x8e 3rdparty/EEPROM24xx/eeprom24xx.o
 .debug_macro   0x0000000000000e26       0x51 3rdparty/EEPROM24xx/eeprom24xx.o
 .debug_macro   0x0000000000000e77       0xef 3rdparty/EEPROM24xx/eeprom24xx.o
 .debug_macro   0x0000000000000f66       0x6a 3rdparty/EEPROM24xx/eeprom24xx.o
 .debug_macro   0x0000000000000fd0      0x1df 3rdparty/EEPROM24xx/eeprom24xx.o
 .debug_macro   0x00000000000011af       0x18 3rdparty/EEPROM24xx/eeprom24xx.o
 .debug_macro   0x00000000000011c7       0x46 3rdparty/EEPROM24xx/eeprom24xx.o
 .debug_macro   0x000000000000120d       0x3c 3rdparty/EEPROM24xx/eeprom24xx.o
 .debug_macro   0x0000000000001249       0x34 3rdparty/EEPROM24xx/eeprom24xx.o
 .debug_macro   0x000000000000127d       0x16 3rdparty/EEPROM24xx/eeprom24xx.o
 .debug_macro   0x0000000000001293      0x10e 3rdparty/EEPROM24xx/eeprom24xx.o
 .debug_macro   0x00000000000013a1       0x8d 3rdparty/EEPROM24xx/eeprom24xx.o
 .debug_macro   0x000000000000142e       0x52 3rdparty/EEPROM24xx/eeprom24xx.o
 .debug_macro   0x0000000000001480       0x1f 3rdparty/EEPROM24xx/eeprom24xx.o
 .debug_macro   0x000000000000149f       0x43 3rdparty/EEPROM24xx/eeprom24xx.o
 .debug_macro   0x00000000000014e2       0x20 3rdparty/EEPROM24xx/eeprom24xx.o
 .debug_macro   0x0000000000001502      0x1a3 3rdparty/EEPROM24xx/eeprom24xx.o
 .debug_macro   0x00000000000016a5      0x330 3rdparty/EEPROM24xx/eeprom24xx.o
 .debug_macro   0x00000000000019d5       0x16 3rdparty/EEPROM24xx/eeprom24xx.o
 .debug_macro   0x00000000000019eb       0x29 3rdparty/EEPROM24xx/eeprom24xx.o