w25qxx.c:20:9:W25qxx_Spi	32	static
w25qxx.c:27:10:W25qxx_ReadID	24	static
w25qxx.c:40:6:W25qxx_ReadUniqID	24	static
w25qxx.c:51:6:W25qxx_WriteEnable	8	static
w25qxx.c:59:6:W25qxx_WriteDisable	8	static
w25qxx.c:67:9:W25qxx_ReadStatusRegister	24	static
w25qxx.c:93:6:W25qxx_WriteStatusRegister	16	static
w25qxx.c:115:6:W25qxx_WaitForWriteEnd	8	static
w25qxx.c:129:6:W25qxx_Init	16	static
w25qxx.c:249:6:W25qxx_EraseChip	8	static
w25qxx.c:270:6:W25qxx_EraseSector	16	static
w25qxx.c:298:6:W25qxx_EraseBlock	16	static
w25qxx.c:328:10:W25qxx_PageToSector	16	static
w25qxx.c:333:10:W25qxx_PageToBlock	16	static
w25qxx.c:338:10:W25qxx_SectorToBlock	16	static
w25qxx.c:343:10:W25qxx_SectorToPage	16	static
w25qxx.c:348:10:W25qxx_BlockToPage	16	static
w25qxx.c:353:7:W25qxx_IsEmptyPage	72	static
w25qxx.c:422:7:W25qxx_IsEmptySector	72	static
w25qxx.c:491:7:W25qxx_IsEmptyBlock	72	static
w25qxx.c:560:6:W25qxx_WriteByte	16	static
w25qxx.c:587:7:W25qxx_WritePage	24	static
w25qxx.c:633:7:W25qxx_WriteSector	40	static
w25qxx.c:672:7:W25qxx_WriteBlock	40	static
w25qxx.c:711:7:W25qxx_ReadByte	16	static
w25qxx.c:736:6:W25qxx_ReadBytes	24	static
w25qxx.c:774:7:W25qxx_ReadPage	24	static
w25qxx.c:818:7:W25qxx_ReadSector	40	static
w25qxx.c:857:7:W25qxx_ReadBlock	40	static
