Archive member included to satisfy reference by file (symbol)

c:/st/stm32cubeide_1.3.0/stm32cubeide/plugins/com.st.stm32cube.ide.mcu.externaltools.gnu-tools-for-stm32.7-2018-q2-update.win32_1.0.0.201904181610/tools/bin/../lib/gcc/arm-none-eabi/7.3.1/../../../../arm-none-eabi/lib/thumb/v7-m\libc_nano.a(lib_a-errno.o)
                              Core/Src/syscalls.o (__errno)
c:/st/stm32cubeide_1.3.0/stm32cubeide/plugins/com.st.stm32cube.ide.mcu.externaltools.gnu-tools-for-stm32.7-2018-q2-update.win32_1.0.0.201904181610/tools/bin/../lib/gcc/arm-none-eabi/7.3.1/../../../../arm-none-eabi/lib/thumb/v7-m\libc_nano.a(lib_a-exit.o)
                              c:/st/stm32cubeide_1.3.0/stm32cubeide/plugins/com.st.stm32cube.ide.mcu.externaltools.gnu-tools-for-stm32.7-2018-q2-update.win32_1.0.0.201904181610/tools/bin/../lib/gcc/arm-none-eabi/7.3.1/../../../../arm-none-eabi/lib/thumb/v7-m/crt0.o (exit)
c:/st/stm32cubeide_1.3.0/stm32cubeide/plugins/com.st.stm32cube.ide.mcu.externaltools.gnu-tools-for-stm32.7-2018-q2-update.win32_1.0.0.201904181610/tools/bin/../lib/gcc/arm-none-eabi/7.3.1/../../../../arm-none-eabi/lib/thumb/v7-m\libc_nano.a(lib_a-impure.o)
                              c:/st/stm32cubeide_1.3.0/stm32cubeide/plugins/com.st.stm32cube.ide.mcu.externaltools.gnu-tools-for-stm32.7-2018-q2-update.win32_1.0.0.201904181610/tools/bin/../lib/gcc/arm-none-eabi/7.3.1/../../../../arm-none-eabi/lib/thumb/v7-m\libc_nano.a(lib_a-exit.o) (_global_impure_ptr)
c:/st/stm32cubeide_1.3.0/stm32cubeide/plugins/com.st.stm32cube.ide.mcu.externaltools.gnu-tools-for-stm32.7-2018-q2-update.win32_1.0.0.201904181610/tools/bin/../lib/gcc/arm-none-eabi/7.3.1/../../../../arm-none-eabi/lib/thumb/v7-m\libc_nano.a(lib_a-init.o)
                              c:/st/stm32cubeide_1.3.0/stm32cubeide/plugins/com.st.stm32cube.ide.mcu.externaltools.gnu-tools-for-stm32.7-2018-q2-update.win32_1.0.0.201904181610/tools/bin/../lib/gcc/arm-none-eabi/7.3.1/../../../../arm-none-eabi/lib/thumb/v7-m/crt0.o (__libc_init_array)
c:/st/stm32cubeide_1.3.0/stm32cubeide/plugins/com.st.stm32cube.ide.mcu.externaltools.gnu-tools-for-stm32.7-2018-q2-update.win32_1.0.0.201904181610/tools/bin/../lib/gcc/arm-none-eabi/7.3.1/../../../../arm-none-eabi/lib/thumb/v7-m\libc_nano.a(lib_a-memcpy-stub.o)
                              APP/userapp.o (memcpy)
c:/st/stm32cubeide_1.3.0/stm32cubeide/plugins/com.st.stm32cube.ide.mcu.externaltools.gnu-tools-for-stm32.7-2018-q2-update.win32_1.0.0.201904181610/tools/bin/../lib/gcc/arm-none-eabi/7.3.1/../../../../arm-none-eabi/lib/thumb/v7-m\libc_nano.a(lib_a-memset.o)
                              c:/st/stm32cubeide_1.3.0/stm32cubeide/plugins/com.st.stm32cube.ide.mcu.externaltools.gnu-tools-for-stm32.7-2018-q2-update.win32_1.0.0.201904181610/tools/bin/../lib/gcc/arm-none-eabi/7.3.1/../../../../arm-none-eabi/lib/thumb/v7-m/crt0.o (memset)
c:/st/stm32cubeide_1.3.0/stm32cubeide/plugins/com.st.stm32cube.ide.mcu.externaltools.gnu-tools-for-stm32.7-2018-q2-update.win32_1.0.0.201904181610/tools/bin/../lib/gcc/arm-none-eabi/7.3.1/thumb/v7-m\libgcc.a(_arm_addsubdf3.o)
                              APP/useruart.o (__aeabi_ui2d)
c:/st/stm32cubeide_1.3.0/stm32cubeide/plugins/com.st.stm32cube.ide.mcu.externaltools.gnu-tools-for-stm32.7-2018-q2-update.win32_1.0.0.201904181610/tools/bin/../lib/gcc/arm-none-eabi/7.3.1/thumb/v7-m\libgcc.a(_arm_muldivdf3.o)
                              APP/useruart.o (__aeabi_dmul)
c:/st/stm32cubeide_1.3.0/stm32cubeide/plugins/com.st.stm32cube.ide.mcu.externaltools.gnu-tools-for-stm32.7-2018-q2-update.win32_1.0.0.201904181610/tools/bin/../lib/gcc/arm-none-eabi/7.3.1/thumb/v7-m\libgcc.a(_arm_fixunsdfsi.o)
                              APP/useruart.o (__aeabi_d2uiz)

Allocating common symbols
Common symbol       size              file

hUsbDeviceFS        0x2c4             USB_DEVICE/App/usb_device.o
hdma_usart2_rx      0x44              Core/Src/main.o
htim4               0x40              Core/Src/stm32f1xx_hal_timebase_tim.o
hi2c1               0x54              Core/Src/main.o
uwTick              0x4               Drivers/STM32F1xx_HAL_Driver/Src/stm32f1xx_hal.o
pFlash              0x20              Drivers/STM32F1xx_HAL_Driver/Src/stm32f1xx_hal_flash.o
UserRxBufferFS      0x3e8             USB_DEVICE/App/usbd_cdc_if.o
hdma_usart2_tx      0x44              Core/Src/main.o
UserTxBufferFS      0x3e8             USB_DEVICE/App/usbd_cdc_if.o
w25qxx              0x28              3rdparty/w25qxx/w25qxx.o
hspi1               0x58              Core/Src/main.o
huart2              0x40              Core/Src/main.o
hpcd_USB_FS         0x26c             USB_DEVICE/Target/usbd_conf.o
USBD_StrDesc        0x200             USB_DEVICE/App/usbd_desc.o
uart_rx_buff        0x3e8             APP/useruart.o

Discarded input sections

[...]
Memory Configuration

Name             Origin             Length             Attributes
RAM              0x0000000020000000 0x0000000000005000 xrw
FLASH            0x0000000008000000 0x0000000000010000 xr
*default*        0x0000000000000000 0xffffffffffffffff

Linker script and memory map

LOAD c:/st/stm32cubeide_1.3.0/stm32cubeide/plugins/com.st.stm32cube.ide.mcu.externaltools.gnu-tools-for-stm32.7-2018-q2-update.win32_1.0.0.201904181610/tools/bin/../lib/gcc/arm-none-eabi/7.3.1/thumb/v7-m/crti.o
LOAD c:/st/stm32cubeide_1.3.0/stm32cubeide/plugins/com.st.stm32cube.ide.mcu.externaltools.gnu-tools-for-stm32.7-2018-q2-update.win32_1.0.0.201904181610/tools/bin/../lib/gcc/arm-none-eabi/7.3.1/thumb/v7-m/crtbegin.o
LOAD c:/st/stm32cubeide_1.3.0/stm32cubeide/plugins/com.st.stm32cube.ide.mcu.externaltools.gnu-tools-for-stm32.7-2018-q2-update.win32_1.0.0.201904181610/tools/bin/../lib/gcc/arm-none-eabi/7.3.1/../../../../arm-none-eabi/lib/thumb/v7-m/crt0.o
LOAD 3rdparty/EEPROM24xx/eeprom24xx.o
LOAD 3rdparty/w25qxx/w25qxx.o
LOAD APP/userapp.o
LOAD APP/userspi.o
LOAD APP/useruart.o
LOAD Core/Src/main.o
LOAD Core/Src/stm32f1xx_hal_msp.o
LOAD Core/Src/stm32f1xx_hal_timebase_tim.o
LOAD Core/Src/stm32f1xx_it.o
LOAD Core/Src/syscalls.o
LOAD Core/Src/sysmem.o
LOAD Core/Src/system_stm32f1xx.o
LOAD Core/Startup/startup_stm32f103c8tx.o
LOAD Drivers/STM32F1xx_HAL_Driver/Src/stm32f1xx_hal.o
LOAD Drivers/STM32F1xx_HAL_Driver/Src/stm32f1xx_hal_cortex.o
LOAD Drivers/STM32F1xx_HAL_Driver/Src/stm32f1xx_hal_dma.o
LOAD Drivers/STM32F1xx_HAL_Driver/Src/stm32f1xx_hal_exti.o
LOAD Drivers/STM32F1xx_HAL_Driver/Src/stm32f1xx_hal_flash.o
LOAD Drivers/STM32F1xx_HAL_Driver/Src/stm32f1xx_hal_flash_ex.o
LOAD Drivers/STM32F1xx_HAL_Driver/Src/stm32f1xx_hal_gpio.o
LOAD Drivers/STM32F1xx_HAL_Driver/Src/stm32f1xx_hal_gpio_ex.o
LOAD Drivers/STM32F1xx_HAL_Driver/Src/stm32f1xx_hal_i2c.o
LOAD Drivers/STM32F1xx_HAL_Driver/Src/stm32f1xx_hal_pcd.o
LOAD Drivers/STM32F1xx_HAL_Driver/Src/stm32f1xx_hal_pcd_ex.o
LOAD Drivers/STM32F1xx_HAL_Driver/Src/stm32f1xx_hal_pwr.o
LOAD Drivers/STM32F1xx_HAL_Driver/Src/stm32f1xx_hal_rcc.o
LOAD Drivers/STM32F1xx_HAL_Driver/Src/stm32f1xx_hal_rcc_ex.o
LOAD Drivers/STM32F1xx_HAL_Driver/Src/stm32f1xx_hal_spi.o
LOAD Drivers/STM32F1xx_HAL_Driver/Src/stm32f1xx_hal_tim.o
LOAD Drivers/STM32F1xx_HAL_Driver/Src/stm32f1xx_hal_tim_ex.o
LOAD Drivers/STM32F1xx_HAL_Driver/Src/stm32f1xx_hal_uart.o
LOAD Drivers/STM32F1xx_HAL_Driver/Src/stm32f1xx_ll_usb.o
LOAD Middlewares/ST/STM32_USB_Device_Library/Class/CDC/Src/usbd_cdc.o
LOAD Middlewares/ST/STM32_USB_Device_Library/Core/Src/usbd_core.o
LOAD Middlewares/ST/STM32_USB_Device_Library/Core/Src/usbd_ctlreq.o
LOAD Middlewares/ST/STM32_USB_Device_Library/Core/Src/usbd_ioreq.o
LOAD USB_DEVICE/App/usb_device.o
LOAD USB_DEVICE/App/usbd_cdc_if.o
LOAD USB_DEVICE/App/usbd_desc.o
LOAD USB_DEVICE/Target/usbd_conf.o
START GROUP
LOAD c:/st/stm32cubeide_1.3.0/stm32cubeide/plugins/com.st.stm32cube.ide.mcu.externaltools.gnu-tools-for-stm32.7-2018-q2-update.win32_1.0.0.201904181610/tools/bin/../lib/gcc/arm-none-eabi/7.3.1/../../../../arm-none-eabi/lib/thumb/v7-m\libstdc++_nano.a
LOAD c:/st/stm32cubeide_1.3.0/stm32cubeide/plugins/com.st.stm32cube.ide.mcu.externaltools.gnu-tools-for-stm32.7-2018-q2-update.win32_1.0.0.201904181610/tools/bin/../lib/gcc/arm-none-eabi/7.3.1/../../../../arm-none-eabi/lib/thumb/v7-m\libsupc++_nano.a
END GROUP
LOAD c:/st/stm32cubeide_1.3.0/stm32cubeide/plugins/com.st.stm32cube.ide.mcu.externaltools.gnu-tools-for-stm32.7-2018-q2-update.win32_1.0.0.201904181610/tools/bin/../lib/gcc/arm-none-eabi/7.3.1/../../../../arm-none-eabi/lib/thumb/v7-m\libstdc++_nano.a
LOAD c:/st/stm32cubeide_1.3.0/stm32cubeide/plugins/com.st.stm32cube.ide.mcu.externaltools.gnu-tools-for-stm32.7-2018-q2-update.win32_1.0.0.201904181610/tools/bin/../lib/gcc/arm-none-eabi/7.3.1/../../../../arm-none-eabi/lib/thumb/v7-m\libm.a
LOAD c:/st/stm32cubeide_1.3.0/stm32cubeide/plugins/com.st.stm32cube.ide.mcu.externaltools.gnu-tools-for-stm32.7-2018-q2-update.win32_1.0.0.201904181610/tools/bin/../lib/gcc/arm-none-eabi/7.3.1/../../../../arm-none-eabi/lib/thumb/v7-m\libc_nano.a
START GROUP
LOAD c:/st/stm32cubeide_1.3.0/stm32cubeide/plugins/com.st.stm32cube.ide.mcu.externaltools.gnu-tools-for-stm32.7-2018-q2-update.win32_1.0.0.201904181610/tools/bin/../lib/gcc/arm-none-eabi/7.3.1/thumb/v7-m\libgcc.a
LOAD c:/st/stm32cubeide_1.3.0/stm32cubeide/plugins/com.st.stm32cube.ide.mcu.externaltools.gnu-tools-for-stm32.7-2018-q2-update.win32_1.0.0.201904181610/tools/bin/../lib/gcc/arm-none-eabi/7.3.1/../../../../arm-none-eabi/lib/thumb/v7-m\libc_nano.a
END GROUP
START GROUP
LOAD c:/st/stm32cubeide_1.3.0/stm32cubeide/plugins/com.st.stm32cube.ide.mcu.externaltools.gnu-tools-for-stm32.7-2018-q2-update.win32_1.0.0.201904181610/tools/bin/../lib/gcc/arm-none-eabi/7.3.1/thumb/v7-m\libgcc.a
LOAD c:/st/stm32cubeide_1.3.0/stm32cubeide/plugins/com.st.stm32cube.ide.mcu.externaltools.gnu-tools-for-stm32.7-2018-q2-update.win32_1.0.0.201904181610/tools/bin/../lib/gcc/arm-none-eabi/7.3.1/../../../../arm-none-eabi/lib/thumb/v7-m\libc_nano.a
LOAD c:/st/stm32cubeide_1.3.0/stm32cubeide/plugins/com.st.stm32cube.ide.mcu.externaltools.gnu-tools-for-stm32.7-2018-q2-update.win32_1.0.0.201904181610/tools/bin/../lib/gcc/arm-none-eabi/7.3.1/../../../../arm-none-eabi/lib/thumb/v7-m\libnosys.a
END GROUP
START GROUP
LOAD c:/st/stm32cubeide_1.3.0/stm32cubeide/plugins/com.st.stm32cube.ide.mcu.externaltools.gnu-tools-for-stm32.7-2018-q2-update.win32_1.0.0.201904181610/tools/bin/../lib/gcc/arm-none-eabi/7.3.1/thumb/v7-m\libgcc.a
LOAD c:/st/stm32cubeide_1.3.0/stm32cubeide/plugins/com.st.stm32cube.ide.mcu.externaltools.gnu-tools-for-stm32.7-2018-q2-update.win32_1.0.0.201904181610/tools/bin/../lib/gcc/arm-none-eabi/7.3.1/../../../../arm-none-eabi/lib/thumb/v7-m\libc_nano.a
LOAD c:/st/stm32cubeide_1.3.0/stm32cubeide/plugins/com.st.stm32cube.ide.mcu.externaltools.gnu-tools-for-stm32.7-2018-q2-update.win32_1.0.0.201904181610/tools/bin/../lib/gcc/arm-none-eabi/7.3.1/../../../../arm-none-eabi/lib/thumb/v7-m\libnosys.a
END GROUP
LOAD c:/st/stm32cubeide_1.3.0/stm32cubeide/plugins/com.st.stm32cube.ide.mcu.externaltools.gnu-tools-for-stm32.7-2018-q2-update.win32_1.0.0.201904181610/tools/bin/../lib/gcc/arm-none-eabi/7.3.1/thumb/v7-m/crtend.o
LOAD c:/st/stm32cubeide_1.3.0/stm32cubeide/plugins/com.st.stm32cube.ide.mcu.externaltools.gnu-tools-for-stm32.7-2018-q2-update.win32_1.0.0.201904181610/tools/bin/../lib/gcc/arm-none-eabi/7.3.1/thumb/v7-m/crtn.o
                0x0000000020005000                _estack = (ORIGIN (RAM) + LENGTH (RAM))
                0x0000000000000200                _Min_Heap_Size = 0x200
                0x0000000000000400                _Min_Stack_Size = 0x400

.isr_vector     0x0000000008000000      0x10c
                0x0000000008000000                . = ALIGN (0x4)
 *(.isr_vector)
 .isr_vector    0x0000000008000000      0x10c Core/Startup/startup_stm32f103c8tx.o
                0x0000000008000000                g_pfnVectors
                0x000000000800010c                . = ALIGN (0x4)

.text           0x000000000800010c     0x90bc
                0x000000000800010c                . = ALIGN (0x4)
 *(.text)
 .text          0x000000000800010c       0x40 c:/st/stm32cubeide_1.3.0/stm32cubeide/plugins/com.st.stm32cube.ide.mcu.externaltools.gnu-tools-for-stm32.7-2018-q2-update.win32_1.0.0.201904181610/tools/bin/../lib/gcc/arm-none-eabi/7.3.1/thumb/v7-m/crtbegin.o
 .text          0x000000000800014c      0x378 c:/st/stm32cubeide_1.3.0/stm32cubeide/plugins/com.st.stm32cube.ide.mcu.externaltools.gnu-tools-for-stm32.7-2018-q2-update.win32_1.0.0.201904181610/tools/bin/../lib/gcc/arm-none-eabi/7.3.1/thumb/v7-m\libgcc.a(_arm_addsubdf3.o)
                0x000000000800014c                __aeabi_drsub
                0x0000000008000154                __aeabi_dsub
                0x0000000008000154                __subdf3
                0x0000000008000158                __aeabi_dadd
                0x0000000008000158                __adddf3
                0x00000000080003d0                __floatunsidf
                0x00000000080003d0                __aeabi_ui2d
                0x00000000080003f0                __floatsidf
                0x00000000080003f0                __aeabi_i2d
                0x0000000008000414                __aeabi_f2d
                0x0000000008000414                __extendsfdf2
                0x0000000008000458                __floatundidf
                0x0000000008000458                __aeabi_ul2d
                0x0000000008000468                __floatdidf
                0x0000000008000468                __aeabi_l2d
 .text          0x00000000080004c4      0x424 c:/st/stm32cubeide_1.3.0/stm32cubeide/plugins/com.st.stm32cube.ide.mcu.externaltools.gnu-tools-for-stm32.7-2018-q2-update.win32_1.0.0.201904181610/tools/bin/../lib/gcc/arm-none-eabi/7.3.1/thumb/v7-m\libgcc.a(_arm_muldivdf3.o)
                0x00000000080004c4                __aeabi_dmul
                0x00000000080004c4                __muldf3
                0x0000000008000718                __divdf3
                0x0000000008000718                __aeabi_ddiv
 .text          0x00000000080008e8       0x40 c:/st/stm32cubeide_1.3.0/stm32cubeide/plugins/com.st.stm32cube.ide.mcu.externaltools.gnu-tools-for-stm32.7-2018-q2-update.win32_1.0.0.201904181610/tools/bin/../lib/gcc/arm-none-eabi/7.3.1/thumb/v7-m\libgcc.a(_arm_fixunsdfsi.o)
                0x00000000080008e8                __aeabi_d2uiz
                0x00000000080008e8                __fixunsdfsi
 *(.text*)
 .text.W25qxx_Spi
                0x0000000008000928       0x2c 3rdparty/w25qxx/w25qxx.o
                0x0000000008000928                W25qxx_Spi
 .text.W25qxx_ReadID
                0x0000000008000954       0x6c 3rdparty/w25qxx/w25qxx.o
                0x0000000008000954                W25qxx_ReadID
 .text.W25qxx_ReadUniqID
                0x00000000080009c0       0x6c 3rdparty/w25qxx/w25qxx.o
                0x00000000080009c0                W25qxx_ReadUniqID
 .text.W25qxx_WriteEnable
                0x0000000008000a2c       0x2c 3rdparty/w25qxx/w25qxx.o
                0x0000000008000a2c                W25qxx_WriteEnable
 .text.W25qxx_ReadStatusRegister
                0x0000000008000a58       0x8c 3rdparty/w25qxx/w25qxx.o
                0x0000000008000a58                W25qxx_ReadStatusRegister
 .text.W25qxx_WaitForWriteEnd
                0x0000000008000ae4       0x54 3rdparty/w25qxx/w25qxx.o
                0x0000000008000ae4                W25qxx_WaitForWriteEnd
 .text.W25qxx_Init
                0x0000000008000b38      0x190 3rdparty/w25qxx/w25qxx.o
                0x0000000008000b38                W25qxx_Init
 .text.W25qxx_EraseChip
                0x0000000008000cc8       0x5c 3rdparty/w25qxx/w25qxx.o
                0x0000000008000cc8                W25qxx_EraseChip
 .text.W25qxx_EraseSector
                0x0000000008000d24       0xa8 3rdparty/w25qxx/w25qxx.o
                0x0000000008000d24                W25qxx_EraseSector
 .text.W25qxx_EraseBlock
                0x0000000008000dcc       0xac 3rdparty/w25qxx/w25qxx.o
                0x0000000008000dcc                W25qxx_EraseBlock
 .text.W25qxx_IsEmptyPage
                0x0000000008000e78      0x1d8 3rdparty/w25qxx/w25qxx.o
                0x0000000008000e78                W25qxx_IsEmptyPage
 .text.W25qxx_IsEmptySector
                0x0000000008001050      0x1c4 3rdparty/w25qxx/w25qxx.o
                0x0000000008001050                W25qxx_IsEmptySector
 .text.W25qxx_IsEmptyBlock
                0x0000000008001214      0x1c4 3rdparty/w25qxx/w25qxx.o
                0x0000000008001214                W25qxx_IsEmptyBlock
 .text.init_user_call
                0x00000000080013d8       0x20 APP/userapp.o
                0x00000000080013d8                init_user_call
 .text.loop_user_call
                0x00000000080013f8      0x14c APP/userapp.o
                0x00000000080013f8                loop_user_call
 .text.cdc_receive_call
                0x0000000008001544       0x74 APP/userapp.o
                0x0000000008001544                cdc_receive_call
 .text.uart_receive_call
                0x00000000080015b8       0x2c APP/userapp.o
                0x00000000080015b8                uart_receive_call
 .text.U8A2U32  0x00000000080015e4       0x38 APP/userspi.o
 .text.delay    0x000000000800161c       0x1e APP/userspi.o
                0x000000000800161c                delay
 *fill*         0x000000000800163a        0x2 
 .text.spi_transmitReceive
                0x000000000800163c       0x70 APP/userspi.o
                0x000000000800163c                spi_transmitReceive
 .text.spi_cmd_process_call
                0x00000000080016ac      0x280 APP/userspi.o
                0x00000000080016ac                spi_cmd_process_call
 .text.uart_transmit
                0x000000000800192c       0x70 APP/useruart.o
                0x000000000800192c                uart_transmit
 .text.uart_start_receive
                0x000000000800199c       0x54 APP/useruart.o
                0x000000000800199c                uart_start_receive
 .text.uart_finish_receive
                0x00000000080019f0       0x78 APP/useruart.o
                0x00000000080019f0                uart_finish_receive
 .text.HAL_UART_RxCpltCallback
                0x0000000008001a68       0x14 APP/useruart.o
                0x0000000008001a68                HAL_UART_RxCpltCallback
 .text.HAL_UART_RxHalfCpltCallback
                0x0000000008001a7c       0x14 APP/useruart.o
                0x0000000008001a7c                HAL_UART_RxHalfCpltCallback
 .text.main     0x0000000008001a90       0x2e Core/Src/main.o
                0x0000000008001a90                main
 .text.SystemClock_Config
                0x0000000008001abe       0xae Core/Src/main.o
                0x0000000008001abe                SystemClock_Config
 .text.MX_I2C1_Init
                0x0000000008001b6c       0x80 Core/Src/main.o
 .text.MX_SPI1_Init
                0x0000000008001bec       0x6c Core/Src/main.o
 .text.MX_USART2_UART_Init
                0x0000000008001c58       0x54 Core/Src/main.o
 .text.MX_DMA_Init
                0x0000000008001cac       0x4c Core/Src/main.o
 .text.MX_GPIO_Init
                0x0000000008001cf8       0x7c Core/Src/main.o
 .text.HAL_TIM_PeriodElapsedCallback
                0x0000000008001d74       0x24 Core/Src/main.o
                0x0000000008001d74                HAL_TIM_PeriodElapsedCallback
 .text.Error_Handler
                0x0000000008001d98        0xc Core/Src/main.o
                0x0000000008001d98                Error_Handler
 .text.HAL_MspInit
                0x0000000008001da4       0x64 Core/Src/stm32f1xx_hal_msp.o
                0x0000000008001da4                HAL_MspInit
 .text.HAL_I2C_MspInit
                0x0000000008001e08       0x7c Core/Src/stm32f1xx_hal_msp.o
                0x0000000008001e08                HAL_I2C_MspInit
 .text.HAL_SPI_MspInit
                0x0000000008001e84       0x94 Core/Src/stm32f1xx_hal_msp.o
                0x0000000008001e84                HAL_SPI_MspInit
 .text.HAL_UART_MspInit
                0x0000000008001f18      0x168 Core/Src/stm32f1xx_hal_msp.o
                0x0000000008001f18                HAL_UART_MspInit
 .text.HAL_InitTick
                0x0000000008002080       0xb0 Core/Src/stm32f1xx_hal_timebase_tim.o
                0x0000000008002080                HAL_InitTick
 .text.NMI_Handler
                0x0000000008002130        0xc Core/Src/stm32f1xx_it.o
                0x0000000008002130                NMI_Handler
 .text.HardFault_Handler
                0x000000000800213c        0x6 Core/Src/stm32f1xx_it.o
                0x000000000800213c                HardFault_Handler
 .text.MemManage_Handler
                0x0000000008002142        0x6 Core/Src/stm32f1xx_it.o
                0x0000000008002142                MemManage_Handler
 .text.BusFault_Handler
                0x0000000008002148        0x6 Core/Src/stm32f1xx_it.o
                0x0000000008002148                BusFault_Handler
 .text.UsageFault_Handler
                0x000000000800214e        0x6 Core/Src/stm32f1xx_it.o
                0x000000000800214e                UsageFault_Handler
 .text.SVC_Handler
                0x0000000008002154        0xc Core/Src/stm32f1xx_it.o
                0x0000000008002154                SVC_Handler
 .text.DebugMon_Handler
                0x0000000008002160        0xc Core/Src/stm32f1xx_it.o
                0x0000000008002160                DebugMon_Handler
 .text.PendSV_Handler
                0x000000000800216c        0xc Core/Src/stm32f1xx_it.o
                0x000000000800216c                PendSV_Handler
 .text.SysTick_Handler
                0x0000000008002178        0xc Core/Src/stm32f1xx_it.o
                0x0000000008002178                SysTick_Handler
 .text.DMA1_Channel6_IRQHandler
                0x0000000008002184       0x14 Core/Src/stm32f1xx_it.o
                0x0000000008002184                DMA1_Channel6_IRQHandler
 .text.DMA1_Channel7_IRQHandler
                0x0000000008002198       0x14 Core/Src/stm32f1xx_it.o
                0x0000000008002198                DMA1_Channel7_IRQHandler
 .text.USB_LP_CAN1_RX0_IRQHandler
                0x00000000080021ac       0x14 Core/Src/stm32f1xx_it.o
                0x00000000080021ac                USB_LP_CAN1_RX0_IRQHandler
 .text.TIM4_IRQHandler
                0x00000000080021c0       0x14 Core/Src/stm32f1xx_it.o
                0x00000000080021c0                TIM4_IRQHandler
 .text.USART2_IRQHandler
                0x00000000080021d4       0x24 Core/Src/stm32f1xx_it.o
                0x00000000080021d4                USART2_IRQHandler
 .text.SystemInit
                0x00000000080021f8       0x68 Core/Src/system_stm32f1xx.o
                0x00000000080021f8                SystemInit
 .text.Reset_Handler
                0x0000000008002260       0x48 Core/Startup/startup_stm32f103c8tx.o
                0x0000000008002260                Reset_Handler
 .text.Default_Handler
                0x00000000080022a8        0x2 Core/Startup/startup_stm32f103c8tx.o
                0x00000000080022a8                RTC_Alarm_IRQHandler
                0x00000000080022a8                EXTI2_IRQHandler
                0x00000000080022a8                TIM1_CC_IRQHandler
                0x00000000080022a8                PVD_IRQHandler
                0x00000000080022a8                EXTI3_IRQHandler
                0x00000000080022a8                EXTI0_IRQHandler
                0x00000000080022a8                I2C2_EV_IRQHandler
                0x00000000080022a8                ADC1_2_IRQHandler
                0x00000000080022a8                SPI1_IRQHandler
                0x00000000080022a8                TAMPER_IRQHandler
                0x00000000080022a8                DMA1_Channel4_IRQHandler
                0x00000000080022a8                USART3_IRQHandler
                0x00000000080022a8                RTC_IRQHandler
                0x00000000080022a8                CAN1_RX1_IRQHandler
                0x00000000080022a8                I2C1_EV_IRQHandler
                0x00000000080022a8                TIM3_IRQHandler
                0x00000000080022a8                RCC_IRQHandler
                0x00000000080022a8                TIM1_TRG_COM_IRQHandler
                0x00000000080022a8                DMA1_Channel1_IRQHandler
                0x00000000080022a8                Default_Handler
                0x00000000080022a8                EXTI15_10_IRQHandler
                0x00000000080022a8                EXTI9_5_IRQHandler
                0x00000000080022a8                SPI2_IRQHandler
                0x00000000080022a8                DMA1_Channel5_IRQHandler
                0x00000000080022a8                EXTI4_IRQHandler
                0x00000000080022a8                USB_HP_CAN1_TX_IRQHandler
                0x00000000080022a8                DMA1_Channel3_IRQHandler
                0x00000000080022a8                TIM1_UP_IRQHandler
                0x00000000080022a8                WWDG_IRQHandler
                0x00000000080022a8                TIM2_IRQHandler
                0x00000000080022a8                TIM1_BRK_IRQHandler
                0x00000000080022a8                EXTI1_IRQHandler
                0x00000000080022a8                I2C2_ER_IRQHandler
                0x00000000080022a8                DMA1_Channel2_IRQHandler
                0x00000000080022a8                CAN1_SCE_IRQHandler
                0x00000000080022a8                FLASH_IRQHandler
                0x00000000080022a8                USART1_IRQHandler
                0x00000000080022a8                I2C1_ER_IRQHandler
                0x00000000080022a8                USBWakeUp_IRQHandler
 *fill*         0x00000000080022aa        0x2 
 .text.HAL_Init
                0x00000000080022ac       0x2c Drivers/STM32F1xx_HAL_Driver/Src/stm32f1xx_hal.o
                0x00000000080022ac                HAL_Init
 .text.HAL_IncTick
                0x00000000080022d8       0x24 Drivers/STM32F1xx_HAL_Driver/Src/stm32f1xx_hal.o
                0x00000000080022d8                HAL_IncTick
 .text.HAL_GetTick
                0x00000000080022fc       0x14 Drivers/STM32F1xx_HAL_Driver/Src/stm32f1xx_hal.o
                0x00000000080022fc                HAL_GetTick
 .text.HAL_Delay
                0x0000000008002310       0x44 Drivers/STM32F1xx_HAL_Driver/Src/stm32f1xx_hal.o
                0x0000000008002310                HAL_Delay
 .text.__NVIC_SetPriorityGrouping
                0x0000000008002354       0x48 Drivers/STM32F1xx_HAL_Driver/Src/stm32f1xx_hal_cortex.o
 .text.__NVIC_GetPriorityGrouping
                0x000000000800239c       0x1c Drivers/STM32F1xx_HAL_Driver/Src/stm32f1xx_hal_cortex.o
 .text.__NVIC_EnableIRQ
                0x00000000080023b8       0x38 Drivers/STM32F1xx_HAL_Driver/Src/stm32f1xx_hal_cortex.o
 .text.__NVIC_SetPriority
                0x00000000080023f0       0x54 Drivers/STM32F1xx_HAL_Driver/Src/stm32f1xx_hal_cortex.o
 .text.NVIC_EncodePriority
                0x0000000008002444       0x64 Drivers/STM32F1xx_HAL_Driver/Src/stm32f1xx_hal_cortex.o
 .text.HAL_NVIC_SetPriorityGrouping
                0x00000000080024a8       0x16 Drivers/STM32F1xx_HAL_Driver/Src/stm32f1xx_hal_cortex.o
                0x00000000080024a8                HAL_NVIC_SetPriorityGrouping
 .text.HAL_NVIC_SetPriority
                0x00000000080024be       0x38 Drivers/STM32F1xx_HAL_Driver/Src/stm32f1xx_hal_cortex.o
                0x00000000080024be                HAL_NVIC_SetPriority
 .text.HAL_NVIC_EnableIRQ
                0x00000000080024f6       0x1c Drivers/STM32F1xx_HAL_Driver/Src/stm32f1xx_hal_cortex.o
                0x00000000080024f6                HAL_NVIC_EnableIRQ
 *fill*         0x0000000008002512        0x2 
 .text.HAL_DMA_Init
                0x0000000008002514       0xb4 Drivers/STM32F1xx_HAL_Driver/Src/stm32f1xx_hal_dma.o
                0x0000000008002514                HAL_DMA_Init
 .text.HAL_DMA_Start_IT
                0x00000000080025c8       0xbe Drivers/STM32F1xx_HAL_Driver/Src/stm32f1xx_hal_dma.o
                0x00000000080025c8                HAL_DMA_Start_IT
 .text.HAL_DMA_Abort
                0x0000000008002686       0x74 Drivers/STM32F1xx_HAL_Driver/Src/stm32f1xx_hal_dma.o
                0x0000000008002686                HAL_DMA_Abort
 *fill*         0x00000000080026fa        0x2 
 .text.HAL_DMA_Abort_IT
                0x00000000080026fc       0xec Drivers/STM32F1xx_HAL_Driver/Src/stm32f1xx_hal_dma.o
                0x00000000080026fc                HAL_DMA_Abort_IT
 .text.HAL_DMA_IRQHandler
                0x00000000080027e8      0x20c Drivers/STM32F1xx_HAL_Driver/Src/stm32f1xx_hal_dma.o
                0x00000000080027e8                HAL_DMA_IRQHandler
 .text.DMA_SetConfig
                0x00000000080029f4       0x5a Drivers/STM32F1xx_HAL_Driver/Src/stm32f1xx_hal_dma.o
 *fill*         0x0000000008002a4e        0x2 
 .text.HAL_GPIO_Init
                0x0000000008002a50      0x2b4 Drivers/STM32F1xx_HAL_Driver/Src/stm32f1xx_hal_gpio.o
                0x0000000008002a50                HAL_GPIO_Init
 .text.HAL_GPIO_WritePin
                0x0000000008002d04       0x30 Drivers/STM32F1xx_HAL_Driver/Src/stm32f1xx_hal_gpio.o
                0x0000000008002d04                HAL_GPIO_WritePin
 .text.HAL_I2C_Init
                0x0000000008002d34      0x250 Drivers/STM32F1xx_HAL_Driver/Src/stm32f1xx_hal_i2c.o
                0x0000000008002d34                HAL_I2C_Init
 .text.HAL_PCD_Init
                0x0000000008002f84      0x1c2 Drivers/STM32F1xx_HAL_Driver/Src/stm32f1xx_hal_pcd.o
                0x0000000008002f84                HAL_PCD_Init
 .text.HAL_PCD_Start
                0x0000000008003146       0x4c Drivers/STM32F1xx_HAL_Driver/Src/stm32f1xx_hal_pcd.o
                0x0000000008003146                HAL_PCD_Start
 .text.HAL_PCD_IRQHandler
                0x0000000008003192      0x21c Drivers/STM32F1xx_HAL_Driver/Src/stm32f1xx_hal_pcd.o
                0x0000000008003192                HAL_PCD_IRQHandler
 .text.HAL_PCD_SetAddress
                0x00000000080033ae       0x4a Drivers/STM32F1xx_HAL_Driver/Src/stm32f1xx_hal_pcd.o
                0x00000000080033ae                HAL_PCD_SetAddress
 .text.HAL_PCD_EP_Open
                0x00000000080033f8       0xc0 Drivers/STM32F1xx_HAL_Driver/Src/stm32f1xx_hal_pcd.o
                0x00000000080033f8                HAL_PCD_EP_Open
 .text.HAL_PCD_EP_Close
                0x00000000080034b8       0x84 Drivers/STM32F1xx_HAL_Driver/Src/stm32f1xx_hal_pcd.o
                0x00000000080034b8                HAL_PCD_EP_Close
 .text.HAL_PCD_EP_Receive
                0x000000000800353c       0x74 Drivers/STM32F1xx_HAL_Driver/Src/stm32f1xx_hal_pcd.o
                0x000000000800353c                HAL_PCD_EP_Receive
 .text.HAL_PCD_EP_GetRxCount
                0x00000000080035b0       0x28 Drivers/STM32F1xx_HAL_Driver/Src/stm32f1xx_hal_pcd.o
                0x00000000080035b0                HAL_PCD_EP_GetRxCount
 .text.HAL_PCD_EP_Transmit
                0x00000000080035d8       0x72 Drivers/STM32F1xx_HAL_Driver/Src/stm32f1xx_hal_pcd.o
                0x00000000080035d8                HAL_PCD_EP_Transmit
 .text.HAL_PCD_EP_SetStall
                0x000000000800364a       0xb4 Drivers/STM32F1xx_HAL_Driver/Src/stm32f1xx_hal_pcd.o
                0x000000000800364a                HAL_PCD_EP_SetStall
 .text.HAL_PCD_EP_ClrStall
                0x00000000080036fe       0x9c Drivers/STM32F1xx_HAL_Driver/Src/stm32f1xx_hal_pcd.o
                0x00000000080036fe                HAL_PCD_EP_ClrStall
 *fill*         0x000000000800379a        0x2 
 .text.PCD_EP_ISR_Handler
                0x000000000800379c      0x534 Drivers/STM32F1xx_HAL_Driver/Src/stm32f1xx_hal_pcd.o
 .text.HAL_PCDEx_PMAConfig
                0x0000000008003cd0       0x78 Drivers/STM32F1xx_HAL_Driver/Src/stm32f1xx_hal_pcd_ex.o
                0x0000000008003cd0                HAL_PCDEx_PMAConfig
 .text.HAL_RCC_OscConfig
                0x0000000008003d48      0x500 Drivers/STM32F1xx_HAL_Driver/Src/stm32f1xx_hal_rcc.o
                0x0000000008003d48                HAL_RCC_OscConfig
 .text.HAL_RCC_ClockConfig
                0x0000000008004248      0x1d4 Drivers/STM32F1xx_HAL_Driver/Src/stm32f1xx_hal_rcc.o
                0x0000000008004248                HAL_RCC_ClockConfig
 .text.HAL_RCC_GetSysClockFreq
                0x000000000800441c       0xc4 Drivers/STM32F1xx_HAL_Driver/Src/stm32f1xx_hal_rcc.o
                0x000000000800441c                HAL_RCC_GetSysClockFreq
 .text.HAL_RCC_GetHCLKFreq
                0x00000000080044e0       0x14 Drivers/STM32F1xx_HAL_Driver/Src/stm32f1xx_hal_rcc.o
                0x00000000080044e0                HAL_RCC_GetHCLKFreq
 .text.HAL_RCC_GetPCLK1Freq
                0x00000000080044f4       0x28 Drivers/STM32F1xx_HAL_Driver/Src/stm32f1xx_hal_rcc.o
                0x00000000080044f4                HAL_RCC_GetPCLK1Freq
 .text.HAL_RCC_GetPCLK2Freq
                0x000000000800451c       0x28 Drivers/STM32F1xx_HAL_Driver/Src/stm32f1xx_hal_rcc.o
                0x000000000800451c                HAL_RCC_GetPCLK2Freq
 .text.HAL_RCC_GetClockConfig
                0x0000000008004544       0x60 Drivers/STM32F1xx_HAL_Driver/Src/stm32f1xx_hal_rcc.o
                0x0000000008004544                HAL_RCC_GetClockConfig
 .text.RCC_Delay
                0x00000000080045a4       0x3c Drivers/STM32F1xx_HAL_Driver/Src/stm32f1xx_hal_rcc.o
 .text.HAL_RCCEx_PeriphCLKConfig
                0x00000000080045e0      0x16c Drivers/STM32F1xx_HAL_Driver/Src/stm32f1xx_hal_rcc_ex.o
                0x00000000080045e0                HAL_RCCEx_PeriphCLKConfig
 .text.HAL_SPI_Init
                0x000000000800474c       0xc2 Drivers/STM32F1xx_HAL_Driver/Src/stm32f1xx_hal_spi.o
                0x000000000800474c                HAL_SPI_Init
 .text.HAL_SPI_Receive
                0x000000000800480e      0x212 Drivers/STM32F1xx_HAL_Driver/Src/stm32f1xx_hal_spi.o
                0x000000000800480e                HAL_SPI_Receive
 .text.HAL_SPI_TransmitReceive
                0x0000000008004a20      0x344 Drivers/STM32F1xx_HAL_Driver/Src/stm32f1xx_hal_spi.o
                0x0000000008004a20                HAL_SPI_TransmitReceive
 .text.SPI_WaitFlagStateUntilTimeout
                0x0000000008004d64       0xd4 Drivers/STM32F1xx_HAL_Driver/Src/stm32f1xx_hal_spi.o
 .text.SPI_EndRxTransaction
                0x0000000008004e38       0xa4 Drivers/STM32F1xx_HAL_Driver/Src/stm32f1xx_hal_spi.o
 .text.SPI_EndRxTxTransaction
                0x0000000008004edc       0x3c Drivers/STM32F1xx_HAL_Driver/Src/stm32f1xx_hal_spi.o
 .text.HAL_TIM_Base_Init
                0x0000000008004f18       0x56 Drivers/STM32F1xx_HAL_Driver/Src/stm32f1xx_hal_tim.o
                0x0000000008004f18                HAL_TIM_Base_Init
 .text.HAL_TIM_Base_MspInit
                0x0000000008004f6e       0x12 Drivers/STM32F1xx_HAL_Driver/Src/stm32f1xx_hal_tim.o
                0x0000000008004f6e                HAL_TIM_Base_MspInit
 .text.HAL_TIM_Base_Start_IT
                0x0000000008004f80       0x46 Drivers/STM32F1xx_HAL_Driver/Src/stm32f1xx_hal_tim.o
                0x0000000008004f80                HAL_TIM_Base_Start_IT
 .text.HAL_TIM_IRQHandler
                0x0000000008004fc6      0x210 Drivers/STM32F1xx_HAL_Driver/Src/stm32f1xx_hal_tim.o
                0x0000000008004fc6                HAL_TIM_IRQHandler
 .text.HAL_TIM_OC_DelayElapsedCallback
                0x00000000080051d6       0x12 Drivers/STM32F1xx_HAL_Driver/Src/stm32f1xx_hal_tim.o
                0x00000000080051d6                HAL_TIM_OC_DelayElapsedCallback
 .text.HAL_TIM_IC_CaptureCallback
                0x00000000080051e8       0x12 Drivers/STM32F1xx_HAL_Driver/Src/stm32f1xx_hal_tim.o
                0x00000000080051e8                HAL_TIM_IC_CaptureCallback
 .text.HAL_TIM_PWM_PulseFinishedCallback
                0x00000000080051fa       0x12 Drivers/STM32F1xx_HAL_Driver/Src/stm32f1xx_hal_tim.o
                0x00000000080051fa                HAL_TIM_PWM_PulseFinishedCallback
 .text.HAL_TIM_TriggerCallback
                0x000000000800520c       0x12 Drivers/STM32F1xx_HAL_Driver/Src/stm32f1xx_hal_tim.o
                0x000000000800520c                HAL_TIM_TriggerCallback
 *fill*         0x000000000800521e        0x2 
 .text.TIM_Base_SetConfig
                0x0000000008005220       0xc4 Drivers/STM32F1xx_HAL_Driver/Src/stm32f1xx_hal_tim.o
                0x0000000008005220                TIM_Base_SetConfig
 .text.HAL_TIMEx_CommutCallback
                0x00000000080052e4       0x12 Drivers/STM32F1xx_HAL_Driver/Src/stm32f1xx_hal_tim_ex.o
                0x00000000080052e4                HAL_TIMEx_CommutCallback
 .text.HAL_TIMEx_BreakCallback
                0x00000000080052f6       0x12 Drivers/STM32F1xx_HAL_Driver/Src/stm32f1xx_hal_tim_ex.o
                0x00000000080052f6                HAL_TIMEx_BreakCallback
 .text.HAL_UART_Init
                0x0000000008005308       0x9a Drivers/STM32F1xx_HAL_Driver/Src/stm32f1xx_hal_uart.o
                0x0000000008005308                HAL_UART_Init
 .text.HAL_UART_Transmit
                0x00000000080053a2      0x132 Drivers/STM32F1xx_HAL_Driver/Src/stm32f1xx_hal_uart.o
                0x00000000080053a2                HAL_UART_Transmit
 .text.HAL_UART_Receive_DMA
                0x00000000080054d4      0x100 Drivers/STM32F1xx_HAL_Driver/Src/stm32f1xx_hal_uart.o
                0x00000000080054d4                HAL_UART_Receive_DMA
 .text.HAL_UART_DMAStop
                0x00000000080055d4       0xb6 Drivers/STM32F1xx_HAL_Driver/Src/stm32f1xx_hal_uart.o
                0x00000000080055d4                HAL_UART_DMAStop
 *fill*         0x000000000800568a        0x2 
 .text.HAL_UART_IRQHandler
                0x000000000800568c      0x1f8 Drivers/STM32F1xx_HAL_Driver/Src/stm32f1xx_hal_uart.o
                0x000000000800568c                HAL_UART_IRQHandler
 .text.HAL_UART_TxCpltCallback
                0x0000000008005884       0x12 Drivers/STM32F1xx_HAL_Driver/Src/stm32f1xx_hal_uart.o
                0x0000000008005884                HAL_UART_TxCpltCallback
 .text.HAL_UART_ErrorCallback
                0x0000000008005896       0x12 Drivers/STM32F1xx_HAL_Driver/Src/stm32f1xx_hal_uart.o
                0x0000000008005896                HAL_UART_ErrorCallback
 .text.UART_DMAReceiveCplt
                0x00000000080058a8       0x68 Drivers/STM32F1xx_HAL_Driver/Src/stm32f1xx_hal_uart.o
 .text.UART_DMARxHalfCplt
                0x0000000008005910       0x1c Drivers/STM32F1xx_HAL_Driver/Src/stm32f1xx_hal_uart.o
 .text.UART_DMAError
                0x000000000800592c       0x94 Drivers/STM32F1xx_HAL_Driver/Src/stm32f1xx_hal_uart.o
 .text.UART_WaitOnFlagUntilTimeout
                0x00000000080059c0       0x94 Drivers/STM32F1xx_HAL_Driver/Src/stm32f1xx_hal_uart.o
 .text.UART_EndTxTransfer
                0x0000000008005a54       0x2a Drivers/STM32F1xx_HAL_Driver/Src/stm32f1xx_hal_uart.o
 .text.UART_EndRxTransfer
                0x0000000008005a7e       0x3a Drivers/STM32F1xx_HAL_Driver/Src/stm32f1xx_hal_uart.o
 .text.UART_DMAAbortOnError
                0x0000000008005ab8       0x28 Drivers/STM32F1xx_HAL_Driver/Src/stm32f1xx_hal_uart.o
 .text.UART_Transmit_IT
                0x0000000008005ae0       0xaa Drivers/STM32F1xx_HAL_Driver/Src/stm32f1xx_hal_uart.o
 .text.UART_EndTransmit_IT
                0x0000000008005b8a       0x30 Drivers/STM32F1xx_HAL_Driver/Src/stm32f1xx_hal_uart.o
 .text.UART_Receive_IT
                0x0000000008005bba      0x102 Drivers/STM32F1xx_HAL_Driver/Src/stm32f1xx_hal_uart.o
 .text.UART_SetConfig
                0x0000000008005cbc      0x1b4 Drivers/STM32F1xx_HAL_Driver/Src/stm32f1xx_hal_uart.o
 .text.USB_CoreInit
                0x0000000008005e70       0x20 Drivers/STM32F1xx_HAL_Driver/Src/stm32f1xx_ll_usb.o
                0x0000000008005e70                USB_CoreInit
 .text.USB_EnableGlobalInt
                0x0000000008005e90       0x2e Drivers/STM32F1xx_HAL_Driver/Src/stm32f1xx_ll_usb.o
                0x0000000008005e90                USB_EnableGlobalInt
 .text.USB_DisableGlobalInt
                0x0000000008005ebe       0x38 Drivers/STM32F1xx_HAL_Driver/Src/stm32f1xx_ll_usb.o
                0x0000000008005ebe                USB_DisableGlobalInt
 .text.USB_SetCurrentMode
                0x0000000008005ef6       0x18 Drivers/STM32F1xx_HAL_Driver/Src/stm32f1xx_ll_usb.o
                0x0000000008005ef6                USB_SetCurrentMode
 .text.USB_DevInit
                0x0000000008005f0e       0x48 Drivers/STM32F1xx_HAL_Driver/Src/stm32f1xx_ll_usb.o
                0x0000000008005f0e                USB_DevInit
 *fill*         0x0000000008005f56        0x2 
 .text.USB_ActivateEndpoint
                0x0000000008005f58      0x5dc Drivers/STM32F1xx_HAL_Driver/Src/stm32f1xx_ll_usb.o
                0x0000000008005f58                USB_ActivateEndpoint
 .text.USB_DeactivateEndpoint
                0x0000000008006534      0x32c Drivers/STM32F1xx_HAL_Driver/Src/stm32f1xx_ll_usb.o
                0x0000000008006534                USB_DeactivateEndpoint
 .text.USB_EPStartXfer
                0x0000000008006860      0x570 Drivers/STM32F1xx_HAL_Driver/Src/stm32f1xx_ll_usb.o
                0x0000000008006860                USB_EPStartXfer
 .text.USB_EPSetStall
                0x0000000008006dd0       0x84 Drivers/STM32F1xx_HAL_Driver/Src/stm32f1xx_ll_usb.o
                0x0000000008006dd0                USB_EPSetStall
 .text.USB_EPClearStall
                0x0000000008006e54      0x128 Drivers/STM32F1xx_HAL_Driver/Src/stm32f1xx_ll_usb.o
                0x0000000008006e54                USB_EPClearStall
 .text.USB_SetDevAddress
                0x0000000008006f7c       0x26 Drivers/STM32F1xx_HAL_Driver/Src/stm32f1xx_ll_usb.o
                0x0000000008006f7c                USB_SetDevAddress
 .text.USB_DevConnect
                0x0000000008006fa2       0x14 Drivers/STM32F1xx_HAL_Driver/Src/stm32f1xx_ll_usb.o
                0x0000000008006fa2                USB_DevConnect
 .text.USB_DevDisconnect
                0x0000000008006fb6       0x14 Drivers/STM32F1xx_HAL_Driver/Src/stm32f1xx_ll_usb.o
                0x0000000008006fb6                USB_DevDisconnect
 .text.USB_ReadInterrupts
                0x0000000008006fca       0x1e Drivers/STM32F1xx_HAL_Driver/Src/stm32f1xx_ll_usb.o
                0x0000000008006fca                USB_ReadInterrupts
 .text.USB_EP0_OutStart
                0x0000000008006fe8       0x16 Drivers/STM32F1xx_HAL_Driver/Src/stm32f1xx_ll_usb.o
                0x0000000008006fe8                USB_EP0_OutStart
 .text.USB_WritePMA
                0x0000000008006ffe       0x88 Drivers/STM32F1xx_HAL_Driver/Src/stm32f1xx_ll_usb.o
                0x0000000008006ffe                USB_WritePMA
 .text.USB_ReadPMA
                0x0000000008007086       0x9e Drivers/STM32F1xx_HAL_Driver/Src/stm32f1xx_ll_usb.o
                0x0000000008007086                USB_ReadPMA
 .text.USBD_CDC_Init
                0x0000000008007124       0xf4 Middlewares/ST/STM32_USB_Device_Library/Class/CDC/Src/usbd_cdc.o
 .text.USBD_CDC_DeInit
                0x0000000008007218       0x6e Middlewares/ST/STM32_USB_Device_Library/Class/CDC/Src/usbd_cdc.o
 .text.USBD_CDC_Setup
                0x0000000008007286      0x140 Middlewares/ST/STM32_USB_Device_Library/Class/CDC/Src/usbd_cdc.o
 .text.USBD_CDC_DataIn
                0x00000000080073c6       0xa0 Middlewares/ST/STM32_USB_Device_Library/Class/CDC/Src/usbd_cdc.o
 .text.USBD_CDC_DataOut
                0x0000000008007466       0x56 Middlewares/ST/STM32_USB_Device_Library/Class/CDC/Src/usbd_cdc.o
 .text.USBD_CDC_EP0_RxReady
                0x00000000080074bc       0x50 Middlewares/ST/STM32_USB_Device_Library/Class/CDC/Src/usbd_cdc.o
 .text.USBD_CDC_GetFSCfgDesc
                0x000000000800750c       0x20 Middlewares/ST/STM32_USB_Device_Library/Class/CDC/Src/usbd_cdc.o
 .text.USBD_CDC_GetHSCfgDesc
                0x000000000800752c       0x20 Middlewares/ST/STM32_USB_Device_Library/Class/CDC/Src/usbd_cdc.o
 .text.USBD_CDC_GetOtherSpeedCfgDesc
                0x000000000800754c       0x20 Middlewares/ST/STM32_USB_Device_Library/Class/CDC/Src/usbd_cdc.o
 .text.USBD_CDC_GetDeviceQualifierDescriptor
                0x000000000800756c       0x20 Middlewares/ST/STM32_USB_Device_Library/Class/CDC/Src/usbd_cdc.o
                0x000000000800756c                USBD_CDC_GetDeviceQualifierDescriptor
 .text.USBD_CDC_RegisterInterface
                0x000000000800758c       0x2c Middlewares/ST/STM32_USB_Device_Library/Class/CDC/Src/usbd_cdc.o
                0x000000000800758c                USBD_CDC_RegisterInterface
 .text.USBD_CDC_SetTxBuffer
                0x00000000080075b8       0x32 Middlewares/ST/STM32_USB_Device_Library/Class/CDC/Src/usbd_cdc.o
                0x00000000080075b8                USBD_CDC_SetTxBuffer
 .text.USBD_CDC_SetRxBuffer
                0x00000000080075ea       0x26 Middlewares/ST/STM32_USB_Device_Library/Class/CDC/Src/usbd_cdc.o
                0x00000000080075ea                USBD_CDC_SetRxBuffer
 .text.USBD_CDC_TransmitPacket
                0x0000000008007610       0x5e Middlewares/ST/STM32_USB_Device_Library/Class/CDC/Src/usbd_cdc.o
                0x0000000008007610                USBD_CDC_TransmitPacket
 .text.USBD_CDC_ReceivePacket
                0x000000000800766e       0x54 Middlewares/ST/STM32_USB_Device_Library/Class/CDC/Src/usbd_cdc.o
                0x000000000800766e                USBD_CDC_ReceivePacket
 .text.USBD_Init
                0x00000000080076c2       0x56 Middlewares/ST/STM32_USB_Device_Library/Core/Src/usbd_core.o
                0x00000000080076c2                USBD_Init
 .text.USBD_RegisterClass
                0x0000000008007718       0x32 Middlewares/ST/STM32_USB_Device_Library/Core/Src/usbd_core.o
                0x0000000008007718                USBD_RegisterClass
 .text.USBD_Start
                0x000000000800774a       0x18 Middlewares/ST/STM32_USB_Device_Library/Core/Src/usbd_core.o
                0x000000000800774a                USBD_Start
 .text.USBD_RunTestMode
                0x0000000008007762       0x14 Middlewares/ST/STM32_USB_Device_Library/Core/Src/usbd_core.o
                0x0000000008007762                USBD_RunTestMode
 .text.USBD_SetClassConfig
                0x0000000008007776       0x3e Middlewares/ST/STM32_USB_Device_Library/Core/Src/usbd_core.o
                0x0000000008007776                USBD_SetClassConfig
 .text.USBD_ClrClassConfig
                0x00000000080077b4       0x26 Middlewares/ST/STM32_USB_Device_Library/Core/Src/usbd_core.o
                0x00000000080077b4                USBD_ClrClassConfig
 .text.USBD_LL_SetupStage
                0x00000000080077da       0x96 Middlewares/ST/STM32_USB_Device_Library/Core/Src/usbd_core.o
                0x00000000080077da                USBD_LL_SetupStage
 .text.USBD_LL_DataOutStage
                0x0000000008007870       0xe2 Middlewares/ST/STM32_USB_Device_Library/Core/Src/usbd_core.o
                0x0000000008007870                USBD_LL_DataOutStage
 .text.USBD_LL_DataInStage
                0x0000000008007952      0x14a Middlewares/ST/STM32_USB_Device_Library/Core/Src/usbd_core.o
                0x0000000008007952                USBD_LL_DataInStage
 .text.USBD_LL_Reset
                0x0000000008007a9c       0x82 Middlewares/ST/STM32_USB_Device_Library/Core/Src/usbd_core.o
                0x0000000008007a9c                USBD_LL_Reset
 .text.USBD_LL_SetSpeed
                0x0000000008007b1e       0x1e Middlewares/ST/STM32_USB_Device_Library/Core/Src/usbd_core.o
                0x0000000008007b1e                USBD_LL_SetSpeed
 .text.USBD_LL_Suspend
                0x0000000008007b3c       0x28 Middlewares/ST/STM32_USB_Device_Library/Core/Src/usbd_core.o
                0x0000000008007b3c                USBD_LL_Suspend
 .text.USBD_LL_Resume
                0x0000000008007b64       0x2a Middlewares/ST/STM32_USB_Device_Library/Core/Src/usbd_core.o
                0x0000000008007b64                USBD_LL_Resume
 .text.USBD_LL_SOF
                0x0000000008007b8e       0x34 Middlewares/ST/STM32_USB_Device_Library/Core/Src/usbd_core.o
                0x0000000008007b8e                USBD_LL_SOF
 *fill*         0x0000000008007bc2        0x2 
 .text.USBD_StdDevReq
                0x0000000008007bc4       0xd4 Middlewares/ST/STM32_USB_Device_Library/Core/Src/usbd_ctlreq.o
                0x0000000008007bc4                USBD_StdDevReq
 .text.USBD_StdItfReq
                0x0000000008007c98       0x8c Middlewares/ST/STM32_USB_Device_Library/Core/Src/usbd_ctlreq.o
                0x0000000008007c98                USBD_StdItfReq
 .text.USBD_StdEPReq
                0x0000000008007d24      0x2ba Middlewares/ST/STM32_USB_Device_Library/Core/Src/usbd_ctlreq.o
                0x0000000008007d24                USBD_StdEPReq
 *fill*         0x0000000008007fde        0x2 
 .text.USBD_GetDescriptor
                0x0000000008007fe0      0x2d0 Middlewares/ST/STM32_USB_Device_Library/Core/Src/usbd_ctlreq.o
 .text.USBD_SetAddress
                0x00000000080082b0       0x84 Middlewares/ST/STM32_USB_Device_Library/Core/Src/usbd_ctlreq.o
 .text.USBD_SetConfig
                0x0000000008008334      0x11c Middlewares/ST/STM32_USB_Device_Library/Core/Src/usbd_ctlreq.o
 .text.USBD_GetConfig
                0x0000000008008450       0x68 Middlewares/ST/STM32_USB_Device_Library/Core/Src/usbd_ctlreq.o
 .text.USBD_GetStatus
                0x00000000080084b8       0x66 Middlewares/ST/STM32_USB_Device_Library/Core/Src/usbd_ctlreq.o
 .text.USBD_SetFeature
                0x000000000800851e       0x28 Middlewares/ST/STM32_USB_Device_Library/Core/Src/usbd_ctlreq.o
 .text.USBD_ClrFeature
                0x0000000008008546       0x42 Middlewares/ST/STM32_USB_Device_Library/Core/Src/usbd_ctlreq.o
 .text.USBD_ParseSetupRequest
                0x0000000008008588       0x78 Middlewares/ST/STM32_USB_Device_Library/Core/Src/usbd_ctlreq.o
                0x0000000008008588                USBD_ParseSetupRequest
 .text.USBD_CtlError
                0x0000000008008600       0x22 Middlewares/ST/STM32_USB_Device_Library/Core/Src/usbd_ctlreq.o
                0x0000000008008600                USBD_CtlError
 .text.USBD_GetString
                0x0000000008008622       0x84 Middlewares/ST/STM32_USB_Device_Library/Core/Src/usbd_ctlreq.o
                0x0000000008008622                USBD_GetString
 .text.USBD_GetLen
                0x00000000080086a6       0x2e Middlewares/ST/STM32_USB_Device_Library/Core/Src/usbd_ctlreq.o
 .text.USBD_CtlSendData
                0x00000000080086d4       0x38 Middlewares/ST/STM32_USB_Device_Library/Core/Src/usbd_ioreq.o
                0x00000000080086d4                USBD_CtlSendData
 .text.USBD_CtlContinueSendData
                0x000000000800870c       0x24 Middlewares/ST/STM32_USB_Device_Library/Core/Src/usbd_ioreq.o
                0x000000000800870c                USBD_CtlContinueSendData
 .text.USBD_CtlPrepareRx
                0x0000000008008730       0x3c Middlewares/ST/STM32_USB_Device_Library/Core/Src/usbd_ioreq.o
                0x0000000008008730                USBD_CtlPrepareRx
 .text.USBD_CtlContinueRx
                0x000000000800876c       0x24 Middlewares/ST/STM32_USB_Device_Library/Core/Src/usbd_ioreq.o
                0x000000000800876c                USBD_CtlContinueRx
 .text.USBD_CtlSendStatus
                0x0000000008008790       0x26 Middlewares/ST/STM32_USB_Device_Library/Core/Src/usbd_ioreq.o
                0x0000000008008790                USBD_CtlSendStatus
 .text.USBD_CtlReceiveStatus
                0x00000000080087b6       0x26 Middlewares/ST/STM32_USB_Device_Library/Core/Src/usbd_ioreq.o
                0x00000000080087b6                USBD_CtlReceiveStatus
 .text.MX_USB_DEVICE_Init
                0x00000000080087dc       0x60 USB_DEVICE/App/usb_device.o
                0x00000000080087dc                MX_USB_DEVICE_Init
 .text.CDC_Init_FS
                0x000000000800883c       0x28 USB_DEVICE/App/usbd_cdc_if.o
 .text.CDC_DeInit_FS
                0x0000000008008864        0xe USB_DEVICE/App/usbd_cdc_if.o
 *fill*         0x0000000008008872        0x2 
 .text.CDC_Control_FS
                0x0000000008008874       0xf4 USB_DEVICE/App/usbd_cdc_if.o
 .text.CDC_Receive_FS
                0x0000000008008968       0x34 USB_DEVICE/App/usbd_cdc_if.o
 .text.CDC_Transmit_FS
                0x000000000800899c       0x4c USB_DEVICE/App/usbd_cdc_if.o
                0x000000000800899c                CDC_Transmit_FS
 .text.USBD_FS_DeviceDescriptor
                0x00000000080089e8       0x24 USB_DEVICE/App/usbd_desc.o
                0x00000000080089e8                USBD_FS_DeviceDescriptor
 .text.USBD_FS_LangIDStrDescriptor
                0x0000000008008a0c       0x24 USB_DEVICE/App/usbd_desc.o
                0x0000000008008a0c                USBD_FS_LangIDStrDescriptor
 .text.USBD_FS_ProductStrDescriptor
                0x0000000008008a30       0x3c USB_DEVICE/App/usbd_desc.o
                0x0000000008008a30                USBD_FS_ProductStrDescriptor
 .text.USBD_FS_ManufacturerStrDescriptor
                0x0000000008008a6c       0x28 USB_DEVICE/App/usbd_desc.o
                0x0000000008008a6c                USBD_FS_ManufacturerStrDescriptor
 .text.USBD_FS_SerialStrDescriptor
                0x0000000008008a94       0x24 USB_DEVICE/App/usbd_desc.o
                0x0000000008008a94                USBD_FS_SerialStrDescriptor
 .text.USBD_FS_ConfigStrDescriptor
                0x0000000008008ab8       0x3c USB_DEVICE/App/usbd_desc.o
                0x0000000008008ab8                USBD_FS_ConfigStrDescriptor
 .text.USBD_FS_InterfaceStrDescriptor
                0x0000000008008af4       0x3c USB_DEVICE/App/usbd_desc.o
                0x0000000008008af4                USBD_FS_InterfaceStrDescriptor
 .text.Get_SerialNum
                0x0000000008008b30       0x58 USB_DEVICE/App/usbd_desc.o
 .text.IntToUnicode
                0x0000000008008b88       0x7a USB_DEVICE/App/usbd_desc.o
 *fill*         0x0000000008008c02        0x2 
 .text.HAL_PCD_MspInit
                0x0000000008008c04       0x4c USB_DEVICE/Target/usbd_conf.o
                0x0000000008008c04                HAL_PCD_MspInit
 .text.HAL_PCD_SetupStageCallback
                0x0000000008008c50       0x24 USB_DEVICE/Target/usbd_conf.o
                0x0000000008008c50                HAL_PCD_SetupStageCallback
 .text.HAL_PCD_DataOutStageCallback
                0x0000000008008c74       0x30 USB_DEVICE/Target/usbd_conf.o
                0x0000000008008c74                HAL_PCD_DataOutStageCallback
 .text.HAL_PCD_DataInStageCallback
                0x0000000008008ca4       0x2e USB_DEVICE/Target/usbd_conf.o
                0x0000000008008ca4                HAL_PCD_DataInStageCallback
 .text.HAL_PCD_SOFCallback
                0x0000000008008cd2       0x1c USB_DEVICE/Target/usbd_conf.o
                0x0000000008008cd2                HAL_PCD_SOFCallback
 .text.HAL_PCD_ResetCallback
                0x0000000008008cee       0x3c USB_DEVICE/Target/usbd_conf.o
                0x0000000008008cee                HAL_PCD_ResetCallback
 *fill*         0x0000000008008d2a        0x2 
 .text.HAL_PCD_SuspendCallback
                0x0000000008008d2c       0x34 USB_DEVICE/Target/usbd_conf.o
                0x0000000008008d2c                HAL_PCD_SuspendCallback
 .text.HAL_PCD_ResumeCallback
                0x0000000008008d60       0x1c USB_DEVICE/Target/usbd_conf.o
                0x0000000008008d60                HAL_PCD_ResumeCallback
 .text.USBD_LL_Init
                0x0000000008008d7c       0xb4 USB_DEVICE/Target/usbd_conf.o
                0x0000000008008d7c                USBD_LL_Init
 .text.USBD_LL_Start
                0x0000000008008e30       0x36 USB_DEVICE/Target/usbd_conf.o
                0x0000000008008e30                USBD_LL_Start
 .text.USBD_LL_OpenEP
                0x0000000008008e66       0x4c USB_DEVICE/Target/usbd_conf.o
                0x0000000008008e66                USBD_LL_OpenEP
 .text.USBD_LL_CloseEP
                0x0000000008008eb2       0x3e USB_DEVICE/Target/usbd_conf.o
                0x0000000008008eb2                USBD_LL_CloseEP
 .text.USBD_LL_StallEP
                0x0000000008008ef0       0x3e USB_DEVICE/Target/usbd_conf.o
                0x0000000008008ef0                USBD_LL_StallEP
 .text.USBD_LL_ClearStallEP
                0x0000000008008f2e       0x3e USB_DEVICE/Target/usbd_conf.o
                0x0000000008008f2e                USBD_LL_ClearStallEP
 .text.USBD_LL_IsStallEP
                0x0000000008008f6c       0x4a USB_DEVICE/Target/usbd_conf.o
                0x0000000008008f6c                USBD_LL_IsStallEP
 .text.USBD_LL_SetUSBAddress
                0x0000000008008fb6       0x3e USB_DEVICE/Target/usbd_conf.o
                0x0000000008008fb6                USBD_LL_SetUSBAddress
 .text.USBD_LL_Transmit
                0x0000000008008ff4       0x46 USB_DEVICE/Target/usbd_conf.o
                0x0000000008008ff4                USBD_LL_Transmit
 .text.USBD_LL_PrepareReceive
                0x000000000800903a       0x46 USB_DEVICE/Target/usbd_conf.o
                0x000000000800903a                USBD_LL_PrepareReceive
 .text.USBD_LL_GetRxDataSize
                0x0000000008009080       0x26 USB_DEVICE/Target/usbd_conf.o
                0x0000000008009080                USBD_LL_GetRxDataSize
 *fill*         0x00000000080090a6        0x2 
 .text.USBD_static_malloc
                0x00000000080090a8       0x18 USB_DEVICE/Target/usbd_conf.o
                0x00000000080090a8                USBD_static_malloc
 .text.USBD_static_free
                0x00000000080090c0       0x12 USB_DEVICE/Target/usbd_conf.o
                0x00000000080090c0                USBD_static_free
 .text.HAL_PCDEx_SetConnectionState
                0x00000000080090d2       0x16 USB_DEVICE/Target/usbd_conf.o
                0x00000000080090d2                HAL_PCDEx_SetConnectionState
 .text.USBD_Get_USB_Status
                0x00000000080090e8       0x58 USB_DEVICE/Target/usbd_conf.o
 .text.__libc_init_array
                0x0000000008009140       0x48 c:/st/stm32cubeide_1.3.0/stm32cubeide/plugins/com.st.stm32cube.ide.mcu.externaltools.gnu-tools-for-stm32.7-2018-q2-update.win32_1.0.0.201904181610/tools/bin/../lib/gcc/arm-none-eabi/7.3.1/../../../../arm-none-eabi/lib/thumb/v7-m\libc_nano.a(lib_a-init.o)
                0x0000000008009140                __libc_init_array
 .text.memcpy   0x0000000008009188       0x16 c:/st/stm32cubeide_1.3.0/stm32cubeide/plugins/com.st.stm32cube.ide.mcu.externaltools.gnu-tools-for-stm32.7-2018-q2-update.win32_1.0.0.201904181610/tools/bin/../lib/gcc/arm-none-eabi/7.3.1/../../../../arm-none-eabi/lib/thumb/v7-m\libc_nano.a(lib_a-memcpy-stub.o)
                0x0000000008009188                memcpy
 .text.memset   0x000000000800919e       0x10 c:/st/stm32cubeide_1.3.0/stm32cubeide/plugins/com.st.stm32cube.ide.mcu.externaltools.gnu-tools-for-stm32.7-2018-q2-update.win32_1.0.0.201904181610/tools/bin/../lib/gcc/arm-none-eabi/7.3.1/../../../../arm-none-eabi/lib/thumb/v7-m\libc_nano.a(lib_a-memset.o)
                0x000000000800919e                memset
 *(.glue_7)
 .glue_7        0x00000000080091ae        0x0 linker stubs
 *(.glue_7t)
 .glue_7t       0x00000000080091ae        0x0 linker stubs
 *(.eh_frame)
 *fill*         0x00000000080091ae        0x2 
 .eh_frame      0x00000000080091b0        0x0 c:/st/stm32cubeide_1.3.0/stm32cubeide/plugins/com.st.stm32cube.ide.mcu.externaltools.gnu-tools-for-stm32.7-2018-q2-update.win32_1.0.0.201904181610/tools/bin/../lib/gcc/arm-none-eabi/7.3.1/thumb/v7-m/crtbegin.o
 *(.init)
 .init          0x00000000080091b0        0x4 c:/st/stm32cubeide_1.3.0/stm32cubeide/plugins/com.st.stm32cube.ide.mcu.externaltools.gnu-tools-for-stm32.7-2018-q2-update.win32_1.0.0.201904181610/tools/bin/../lib/gcc/arm-none-eabi/7.3.1/thumb/v7-m/crti.o
                0x00000000080091b0                _init
 .init          0x00000000080091b4        0x8 c:/st/stm32cubeide_1.3.0/stm32cubeide/plugins/com.st.stm32cube.ide.mcu.externaltools.gnu-tools-for-stm32.7-2018-q2-update.win32_1.0.0.201904181610/tools/bin/../lib/gcc/arm-none-eabi/7.3.1/thumb/v7-m/crtn.o
 *(.fini)
 .fini          0x00000000080091bc        0x4 c:/st/stm32cubeide_1.3.0/stm32cubeide/plugins/com.st.stm32cube.ide.mcu.externaltools.gnu-tools-for-stm32.7-2018-q2-update.win32_1.0.0.201904181610/tools/bin/../lib/gcc/arm-none-eabi/7.3.1/thumb/v7-m/crti.o
                0x00000000080091bc                _fini
 .fini          0x00000000080091c0        0x8 c:/st/stm32cubeide_1.3.0/stm32cubeide/plugins/com.st.stm32cube.ide.mcu.externaltools.gnu-tools-for-stm32.7-2018-q2-update.win32_1.0.0.201904181610/tools/bin/../lib/gcc/arm-none-eabi/7.3.1/thumb/v7-m/crtn.o
                0x00000000080091c8                . = ALIGN (0x4)
                0x00000000080091c8                _etext = .

.vfp11_veneer   0x00000000080091c8        0x0
 .vfp11_veneer  0x00000000080091c8        0x0 linker stubs

.v4_bx          0x00000000080091c8        0x0
 .v4_bx         0x00000000080091c8        0x0 linker stubs

.iplt           0x00000000080091c8        0x0
 .iplt          0x00000000080091c8        0x0 c:/st/stm32cubeide_1.3.0/stm32cubeide/plugins/com.st.stm32cube.ide.mcu.externaltools.gnu-tools-for-stm32.7-2018-q2-update.win32_1.0.0.201904181610/tools/bin/../lib/gcc/arm-none-eabi/7.3.1/thumb/v7-m/crtbegin.o

.rodata         0x00000000080091c8       0x4c
                0x00000000080091c8                . = ALIGN (0x4)
 *(.rodata)
 .rodata        0x00000000080091c8       0x12 Drivers/STM32F1xx_HAL_Driver/Src/stm32f1xx_hal_rcc.o
 *fill*         0x00000000080091da        0x2 
 .rodata        0x00000000080091dc       0x1e USB_DEVICE/App/usbd_desc.o
 *(.rodata*)
 *fill*         0x00000000080091fa        0x2 
 .rodata.AHBPrescTable
                0x00000000080091fc       0x10 Core/Src/system_stm32f1xx.o
                0x00000000080091fc                AHBPrescTable
 .rodata.APBPrescTable
                0x000000000800920c        0x8 Core/Src/system_stm32f1xx.o
                0x000000000800920c                APBPrescTable
                0x0000000008009214                . = ALIGN (0x4)

.rel.dyn        0x0000000008009214        0x0
 .rel.iplt      0x0000000008009214        0x0 c:/st/stm32cubeide_1.3.0/stm32cubeide/plugins/com.st.stm32cube.ide.mcu.externaltools.gnu-tools-for-stm32.7-2018-q2-update.win32_1.0.0.201904181610/tools/bin/../lib/gcc/arm-none-eabi/7.3.1/thumb/v7-m/crtbegin.o

.ARM.extab      0x0000000008009214        0x0
                0x0000000008009214                . = ALIGN (0x4)
 *(.ARM.extab* .gnu.linkonce.armextab.*)
                0x0000000008009214                . = ALIGN (0x4)

.ARM            0x0000000008009214        0x0
                0x0000000008009214                . = ALIGN (0x4)
                0x0000000008009214                __exidx_start = .
 *(.ARM.exidx*)
                0x0000000008009214                __exidx_end = .
                0x0000000008009214                . = ALIGN (0x4)

.preinit_array  0x0000000008009214        0x0
                0x0000000008009214                . = ALIGN (0x4)
                0x0000000008009214                PROVIDE (__preinit_array_start = .)
 *(.preinit_array*)
                0x0000000008009214                PROVIDE (__preinit_array_end = .)
                0x0000000008009214                . = ALIGN (0x4)

.init_array     0x0000000008009214        0x4
                0x0000000008009214                . = ALIGN (0x4)
                0x0000000008009214                PROVIDE (__init_array_start = .)
 *(SORT_BY_NAME(.init_array.*))
 *(.init_array*)
 .init_array    0x0000000008009214        0x4 c:/st/stm32cubeide_1.3.0/stm32cubeide/plugins/com.st.stm32cube.ide.mcu.externaltools.gnu-tools-for-stm32.7-2018-q2-update.win32_1.0.0.201904181610/tools/bin/../lib/gcc/arm-none-eabi/7.3.1/thumb/v7-m/crtbegin.o
                0x0000000008009218                PROVIDE (__init_array_end = .)
                0x0000000008009218                . = ALIGN (0x4)

.fini_array     0x0000000008009218        0x4
                0x0000000008009218                . = ALIGN (0x4)
                [!provide]                        PROVIDE (__fini_array_start = .)
 *(SORT_BY_NAME(.fini_array.*))
 *(.fini_array*)
 .fini_array    0x0000000008009218        0x4 c:/st/stm32cubeide_1.3.0/stm32cubeide/plugins/com.st.stm32cube.ide.mcu.externaltools.gnu-tools-for-stm32.7-2018-q2-update.win32_1.0.0.201904181610/tools/bin/../lib/gcc/arm-none-eabi/7.3.1/thumb/v7-m/crtbegin.o
                [!provide]                        PROVIDE (__fini_array_end = .)
                0x000000000800921c                . = ALIGN (0x4)
                0x000000000800921c                _sidata = LOADADDR (.data)

.data           0x0000000020000000      0x194 load address 0x000000000800921c
                0x0000000020000000                . = ALIGN (0x4)
                0x0000000020000000                _sdata = .
 *(.data)
 *(.data*)
 .data.linecode
                0x0000000020000000        0xc APP/userapp.o
                0x0000000020000000                linecode
 .data.spi_cmd_data
                0x000000002000000c        0xc APP/userspi.o
                0x000000002000000c                spi_cmd_data
 .data.SystemCoreClock
                0x0000000020000018        0x4 Core/Src/system_stm32f1xx.o
                0x0000000020000018                SystemCoreClock
 .data.uwTickPrio
                0x000000002000001c        0x4 Drivers/STM32F1xx_HAL_Driver/Src/stm32f1xx_hal.o
                0x000000002000001c                uwTickPrio
 .data.uwTickFreq
                0x0000000020000020        0x1 Drivers/STM32F1xx_HAL_Driver/Src/stm32f1xx_hal.o
                0x0000000020000020                uwTickFreq
 *fill*         0x0000000020000021        0x3 
 .data.USBD_CDC_DeviceQualifierDesc
                0x0000000020000024        0xa Middlewares/ST/STM32_USB_Device_Library/Class/CDC/Src/usbd_cdc.o
 *fill*         0x000000002000002e        0x2 
 .data.USBD_CDC
                0x0000000020000030       0x38 Middlewares/ST/STM32_USB_Device_Library/Class/CDC/Src/usbd_cdc.o
                0x0000000020000030                USBD_CDC
 .data.USBD_CDC_CfgHSDesc
                0x0000000020000068       0x43 Middlewares/ST/STM32_USB_Device_Library/Class/CDC/Src/usbd_cdc.o
                0x0000000020000068                USBD_CDC_CfgHSDesc
 *fill*         0x00000000200000ab        0x1 
 .data.USBD_CDC_CfgFSDesc
                0x00000000200000ac       0x43 Middlewares/ST/STM32_USB_Device_Library/Class/CDC/Src/usbd_cdc.o
                0x00000000200000ac                USBD_CDC_CfgFSDesc
 *fill*         0x00000000200000ef        0x1 
 .data.USBD_CDC_OtherSpeedCfgDesc
                0x00000000200000f0       0x43 Middlewares/ST/STM32_USB_Device_Library/Class/CDC/Src/usbd_cdc.o
                0x00000000200000f0                USBD_CDC_OtherSpeedCfgDesc
 *fill*         0x0000000020000133        0x1 
 .data.USBD_Interface_fops_FS
                0x0000000020000134       0x10 USB_DEVICE/App/usbd_cdc_if.o
                0x0000000020000134                USBD_Interface_fops_FS
 .data.FS_Desc  0x0000000020000144       0x1c USB_DEVICE/App/usbd_desc.o
                0x0000000020000144                FS_Desc
 .data.USBD_FS_DeviceDesc
                0x0000000020000160       0x12 USB_DEVICE/App/usbd_desc.o
                0x0000000020000160                USBD_FS_DeviceDesc
 *fill*         0x0000000020000172        0x2 
 .data.USBD_LangIDDesc
                0x0000000020000174        0x4 USB_DEVICE/App/usbd_desc.o
                0x0000000020000174                USBD_LangIDDesc
 .data.USBD_StringSerial
                0x0000000020000178       0x1a USB_DEVICE/App/usbd_desc.o
                0x0000000020000178                USBD_StringSerial
                0x0000000020000194                . = ALIGN (0x4)
 *fill*         0x0000000020000192        0x2 
                0x0000000020000194                _edata = .

.igot.plt       0x0000000020000194        0x0 load address 0x00000000080093b0
 .igot.plt      0x0000000020000194        0x0 c:/st/stm32cubeide_1.3.0/stm32cubeide/plugins/com.st.stm32cube.ide.mcu.externaltools.gnu-tools-for-stm32.7-2018-q2-update.win32_1.0.0.201904181610/tools/bin/../lib/gcc/arm-none-eabi/7.3.1/thumb/v7-m/crtbegin.o
                0x0000000020000194                . = ALIGN (0x4)

.bss            0x0000000020000194     0x1af4 load address 0x00000000080093b0
                0x0000000020000194                _sbss = .
                0x0000000020000194                __bss_start__ = _sbss
 *(.bss)
 .bss           0x0000000020000194       0x1c c:/st/stm32cubeide_1.3.0/stm32cubeide/plugins/com.st.stm32cube.ide.mcu.externaltools.gnu-tools-for-stm32.7-2018-q2-update.win32_1.0.0.201904181610/tools/bin/../lib/gcc/arm-none-eabi/7.3.1/thumb/v7-m/crtbegin.o
 *(.bss*)
 .bss.WorkMode  0x00000000200001b0        0x1 APP/userapp.o
                0x00000000200001b0                WorkMode
 *fill*         0x00000000200001b1        0x3 
 .bss.spi_rx_buff
                0x00000000200001b4      0x3e8 APP/userspi.o
 .bss.cfgidx.8617
                0x000000002000059c        0x1 Middlewares/ST/STM32_USB_Device_Library/Core/Src/usbd_ctlreq.o
 *fill*         0x000000002000059d        0x3 
 .bss.mem.8682  0x00000000200005a0      0x220 USB_DEVICE/Target/usbd_conf.o
 *(COMMON)
 COMMON         0x00000000200007c0       0x28 3rdparty/w25qxx/w25qxx.o
                0x00000000200007c0                w25qxx
 COMMON         0x00000000200007e8      0x3e8 APP/useruart.o
                0x00000000200007e8                uart_rx_buff
 COMMON         0x0000000020000bd0      0x174 Core/Src/main.o
                0x0000000020000bd0                hdma_usart2_rx
                0x0000000020000c14                hi2c1
                0x0000000020000c68                hdma_usart2_tx
                0x0000000020000cac                hspi1
                0x0000000020000d04                huart2
 COMMON         0x0000000020000d44       0x40 Core/Src/stm32f1xx_hal_timebase_tim.o
                0x0000000020000d44                htim4
 COMMON         0x0000000020000d84        0x4 Drivers/STM32F1xx_HAL_Driver/Src/stm32f1xx_hal.o
                0x0000000020000d84                uwTick
 COMMON         0x0000000020000d88      0x2c4 USB_DEVICE/App/usb_device.o
                0x0000000020000d88                hUsbDeviceFS
 COMMON         0x000000002000104c      0x7d0 USB_DEVICE/App/usbd_cdc_if.o
                0x000000002000104c                UserRxBufferFS
                0x0000000020001434                UserTxBufferFS
 COMMON         0x000000002000181c      0x200 USB_DEVICE/App/usbd_desc.o
                0x000000002000181c                USBD_StrDesc
 COMMON         0x0000000020001a1c      0x26c USB_DEVICE/Target/usbd_conf.o
                0x0000000020001a1c                hpcd_USB_FS
                0x0000000020001c88                . = ALIGN (0x4)
                0x0000000020001c88                _ebss = .
                0x0000000020001c88                __bss_end__ = _ebss

._user_heap_stack
                0x0000000020001c88      0x600 load address 0x00000000080093b0
                0x0000000020001c88                . = ALIGN (0x8)
                0x0000000020001c88                PROVIDE (end = .)
                [!provide]                        PROVIDE (_end = .)
                0x0000000020001e88                . = (. + _Min_Heap_Size)
 *fill*         0x0000000020001c88      0x200 
                0x0000000020002288                . = (. + _Min_Stack_Size)
 *fill*         0x0000000020001e88      0x400 
                0x0000000020002288                . = ALIGN (0x8)

/DISCARD/
 libc.a(*)
 libm.a(*)
 libgcc.a(*)

.ARM.attributes
                0x0000000000000000       0x29
 *(.ARM.attributes)
 .ARM.attributes
                0x0000000000000000       0x1d c:/st/stm32cubeide_1.3.0/stm32cubeide/plugins/com.st.stm32cube.ide.mcu.externaltools.gnu-tools-for-stm32.7-2018-q2-update.win32_1.0.0.201904181610/tools/bin/../lib/gcc/arm-none-eabi/7.3.1/thumb/v7-m/crti.o
 .ARM.attributes
                0x000000000000001d       0x2d c:/st/stm32cubeide_1.3.0/stm32cubeide/plugins/com.st.stm32cube.ide.mcu.externaltools.gnu-tools-for-stm32.7-2018-q2-update.win32_1.0.0.201904181610/tools/bin/../lib/gcc/arm-none-eabi/7.3.1/thumb/v7-m/crtbegin.o
 .ARM.attributes
                0x000000000000004a       0x33 3rdparty/w25qxx/w25qxx.o
 .ARM.attributes
                0x000000000000007d       0x33 APP/userapp.o
 .ARM.attributes
                0x00000000000000b0       0x33 APP/userspi.o
 .ARM.attributes
                0x00000000000000e3       0x33 APP/useruart.o
 .ARM.attributes
                0x0000000000000116       0x33 Core/Src/main.o
 .ARM.attributes
                0x0000000000000149       0x33 Core/Src/stm32f1xx_hal_msp.o
 .ARM.attributes
                0x000000000000017c       0x33 Core/Src/stm32f1xx_hal_timebase_tim.o
 .ARM.attributes
                0x00000000000001af       0x33 Core/Src/stm32f1xx_it.o
 .ARM.attributes
                0x00000000000001e2       0x33 Core/Src/system_stm32f1xx.o
 .ARM.attributes
                0x0000000000000215       0x21 Core/Startup/startup_stm32f103c8tx.o
 .ARM.attributes
                0x0000000000000236       0x33 Drivers/STM32F1xx_HAL_Driver/Src/stm32f1xx_hal.o
 .ARM.attributes
                0x0000000000000269       0x33 Drivers/STM32F1xx_HAL_Driver/Src/stm32f1xx_hal_cortex.o
 .ARM.attributes
                0x000000000000029c       0x33 Drivers/STM32F1xx_HAL_Driver/Src/stm32f1xx_hal_dma.o
 .ARM.attributes
                0x00000000000002cf       0x33 Drivers/STM32F1xx_HAL_Driver/Src/stm32f1xx_hal_gpio.o
 .ARM.attributes
                0x0000000000000302       0x33 Drivers/STM32F1xx_HAL_Driver/Src/stm32f1xx_hal_i2c.o
 .ARM.attributes
                0x0000000000000335       0x33 Drivers/STM32F1xx_HAL_Driver/Src/stm32f1xx_hal_pcd.o
 .ARM.attributes
                0x0000000000000368       0x33 Drivers/STM32F1xx_HAL_Driver/Src/stm32f1xx_hal_pcd_ex.o
 .ARM.attributes
                0x000000000000039b       0x33 Drivers/STM32F1xx_HAL_Driver/Src/stm32f1xx_hal_rcc.o
 .ARM.attributes
                0x00000000000003ce       0x33 Drivers/STM32F1xx_HAL_Driver/Src/stm32f1xx_hal_rcc_ex.o
 .ARM.attributes
                0x0000000000000401       0x33 Drivers/STM32F1xx_HAL_Driver/Src/stm32f1xx_hal_spi.o
 .ARM.attributes
                0x0000000000000434       0x33 Drivers/STM32F1xx_HAL_Driver/Src/stm32f1xx_hal_tim.o
 .ARM.attributes
                0x0000000000000467       0x33 Drivers/STM32F1xx_HAL_Driver/Src/stm32f1xx_hal_tim_ex.o
 .ARM.attributes
                0x000000000000049a       0x33 Drivers/STM32F1xx_HAL_Driver/Src/stm32f1xx_hal_uart.o
 .ARM.attributes
                0x00000000000004cd       0x33 Drivers/STM32F1xx_HAL_Driver/Src/stm32f1xx_ll_usb.o
 .ARM.attributes
                0x0000000000000500       0x33 Middlewares/ST/STM32_USB_Device_Library/Class/CDC/Src/usbd_cdc.o
 .ARM.attributes
                0x0000000000000533       0x33 Middlewares/ST/STM32_USB_Device_Library/Core/Src/usbd_core.o
 .ARM.attributes
                0x0000000000000566       0x33 Middlewares/ST/STM32_USB_Device_Library/Core/Src/usbd_ctlreq.o
 .ARM.attributes
                0x0000000000000599       0x33 Middlewares/ST/STM32_USB_Device_Library/Core/Src/usbd_ioreq.o
 .ARM.attributes
                0x00000000000005cc       0x33 USB_DEVICE/App/usb_device.o
 .ARM.attributes
                0x00000000000005ff       0x33 USB_DEVICE/App/usbd_cdc_if.o
 .ARM.attributes
                0x0000000000000632       0x33 USB_DEVICE/App/usbd_desc.o
 .ARM.attributes
                0x0000000000000665       0x33 USB_DEVICE/Target/usbd_conf.o
 .ARM.attributes
                0x0000000000000698       0x2d c:/st/stm32cubeide_1.3.0/stm32cubeide/plugins/com.st.stm32cube.ide.mcu.externaltools.gnu-tools-for-stm32.7-2018-q2-update.win32_1.0.0.201904181610/tools/bin/../lib/gcc/arm-none-eabi/7.3.1/../../../../arm-none-eabi/lib/thumb/v7-m\libc_nano.a(lib_a-init.o)
 .ARM.attributes
                0x00000000000006c5       0x2d c:/st/stm32cubeide_1.3.0/stm32cubeide/plugins/com.st.stm32cube.ide.mcu.externaltools.gnu-tools-for-stm32.7-2018-q2-update.win32_1.0.0.201904181610/tools/bin/../lib/gcc/arm-none-eabi/7.3.1/../../../../arm-none-eabi/lib/thumb/v7-m\libc_nano.a(lib_a-memcpy-stub.o)
 .ARM.attributes
                0x00000000000006f2       0x2d c:/st/stm32cubeide_1.3.0/stm32cubeide/plugins/com.st.stm32cube.ide.mcu.externaltools.gnu-tools-for-stm32.7-2018-q2-update.win32_1.0.0.201904181610/tools/bin/../lib/gcc/arm-none-eabi/7.3.1/../../../../arm-none-eabi/lib/thumb/v7-m\libc_nano.a(lib_a-memset.o)
 .ARM.attributes
                0x000000000000071f       0x1d c:/st/stm32cubeide_1.3.0/stm32cubeide/plugins/com.st.stm32cube.ide.mcu.externaltools.gnu-tools-for-stm32.7-2018-q2-update.win32_1.0.0.201904181610/tools/bin/../lib/gcc/arm-none-eabi/7.3.1/thumb/v7-m\libgcc.a(_arm_addsubdf3.o)
 .ARM.attributes
                0x000000000000073c       0x1d c:/st/stm32cubeide_1.3.0/stm32cubeide/plugins/com.st.stm32cube.ide.mcu.externaltools.gnu-tools-for-stm32.7-2018-q2-update.win32_1.0.0.201904181610/tools/bin/../lib/gcc/arm-none-eabi/7.3.1/thumb/v7-m\libgcc.a(_arm_muldivdf3.o)
 .ARM.attributes
                0x0000000000000759       0x1d c:/st/stm32cubeide_1.3.0/stm32cubeide/plugins/com.st.stm32cube.ide.mcu.externaltools.gnu-tools-for-stm32.7-2018-q2-update.win32_1.0.0.201904181610/tools/bin/../lib/gcc/arm-none-eabi/7.3.1/thumb/v7-m\libgcc.a(_arm_fixunsdfsi.o)
 .ARM.attributes
                0x0000000000000776       0x1d c:/st/stm32cubeide_1.3.0/stm32cubeide/plugins/com.st.stm32cube.ide.mcu.externaltools.gnu-tools-for-stm32.7-2018-q2-update.win32_1.0.0.201904181610/tools/bin/../lib/gcc/arm-none-eabi/7.3.1/thumb/v7-m/crtn.o
OUTPUT(STM32F103C8.elf elf32-littlearm)

.debug_info     0x0000000000000000    0x224c9
 .debug_info    0x0000000000000000     0x1d0d 3rdparty/w25qxx/w25qxx.o
 .debug_info    0x0000000000001d0d     0x143d APP/userapp.o
 .debug_info    0x000000000000314a     0x15eb APP/userspi.o
 .debug_info    0x0000000000004735     0x145e APP/useruart.o
 .debug_info    0x0000000000005b93     0x1bbd Core/Src/main.o
 .debug_info    0x0000000000007750      0xf94 Core/Src/stm32f1xx_hal_msp.o
 .debug_info    0x00000000000086e4      0x8e8 Core/Src/stm32f1xx_hal_timebase_tim.o
 .debug_info    0x0000000000008fcc     0x1212 Core/Src/stm32f1xx_it.o
 .debug_info    0x000000000000a1de      0x433 Core/Src/system_stm32f1xx.o
 .debug_info    0x000000000000a611       0x22 Core/Startup/startup_stm32f103c8tx.o
 .debug_info    0x000000000000a633      0x6fe Drivers/STM32F1xx_HAL_Driver/Src/stm32f1xx_hal.o
 .debug_info    0x000000000000ad31      0xb46 Drivers/STM32F1xx_HAL_Driver/Src/stm32f1xx_hal_cortex.o
 .debug_info    0x000000000000b877      0x7a6 Drivers/STM32F1xx_HAL_Driver/Src/stm32f1xx_hal_dma.o
 .debug_info    0x000000000000c01d      0x681 Drivers/STM32F1xx_HAL_Driver/Src/stm32f1xx_hal_gpio.o
 .debug_info    0x000000000000c69e     0x2457 Drivers/STM32F1xx_HAL_Driver/Src/stm32f1xx_hal_i2c.o
 .debug_info    0x000000000000eaf5      0xe38 Drivers/STM32F1xx_HAL_Driver/Src/stm32f1xx_hal_pcd.o
 .debug_info    0x000000000000f92d      0x760 Drivers/STM32F1xx_HAL_Driver/Src/stm32f1xx_hal_pcd_ex.o
 .debug_info    0x000000000001008d      0x804 Drivers/STM32F1xx_HAL_Driver/Src/stm32f1xx_hal_rcc.o
 .debug_info    0x0000000000010891      0x439 Drivers/STM32F1xx_HAL_Driver/Src/stm32f1xx_hal_rcc_ex.o
 .debug_info    0x0000000000010cca     0x153a Drivers/STM32F1xx_HAL_Driver/Src/stm32f1xx_hal_spi.o
 .debug_info    0x0000000000012204     0x2456 Drivers/STM32F1xx_HAL_Driver/Src/stm32f1xx_hal_tim.o
 .debug_info    0x000000000001465a     0x1104 Drivers/STM32F1xx_HAL_Driver/Src/stm32f1xx_hal_tim_ex.o
 .debug_info    0x000000000001575e     0x11e3 Drivers/STM32F1xx_HAL_Driver/Src/stm32f1xx_hal_uart.o
 .debug_info    0x0000000000016941     0x14f9 Drivers/STM32F1xx_HAL_Driver/Src/stm32f1xx_ll_usb.o
 .debug_info    0x0000000000017e3a     0x1791 Middlewares/ST/STM32_USB_Device_Library/Class/CDC/Src/usbd_cdc.o
 .debug_info    0x00000000000195cb     0x11c2 Middlewares/ST/STM32_USB_Device_Library/Core/Src/usbd_core.o
 .debug_info    0x000000000001a78d     0x1132 Middlewares/ST/STM32_USB_Device_Library/Core/Src/usbd_ctlreq.o
 .debug_info    0x000000000001b8bf      0xf23 Middlewares/ST/STM32_USB_Device_Library/Core/Src/usbd_ioreq.o
 .debug_info    0x000000000001c7e2     0x1848 USB_DEVICE/App/usb_device.o
 .debug_info    0x000000000001e02a     0x1a03 USB_DEVICE/App/usbd_cdc_if.o
 .debug_info    0x000000000001fa2d      0xd07 USB_DEVICE/App/usbd_desc.o
 .debug_info    0x0000000000020734     0x1d95 USB_DEVICE/Target/usbd_conf.o

.debug_abbrev   0x0000000000000000     0x428d
 .debug_abbrev  0x0000000000000000      0x2d8 3rdparty/w25qxx/w25qxx.o
 .debug_abbrev  0x00000000000002d8      0x1f1 APP/userapp.o
 .debug_abbrev  0x00000000000004c9      0x236 APP/userspi.o
 .debug_abbrev  0x00000000000006ff      0x229 APP/useruart.o
 .debug_abbrev  0x0000000000000928      0x2b4 Core/Src/main.o
 .debug_abbrev  0x0000000000000bdc      0x1be Core/Src/stm32f1xx_hal_msp.o
 .debug_abbrev  0x0000000000000d9a      0x19d Core/Src/stm32f1xx_hal_timebase_tim.o
 .debug_abbrev  0x0000000000000f37      0x19d Core/Src/stm32f1xx_it.o
 .debug_abbrev  0x00000000000010d4      0x134 Core/Src/system_stm32f1xx.o
 .debug_abbrev  0x0000000000001208       0x12 Core/Startup/startup_stm32f103c8tx.o
 .debug_abbrev  0x000000000000121a      0x1d8 Drivers/STM32F1xx_HAL_Driver/Src/stm32f1xx_hal.o
 .debug_abbrev  0x00000000000013f2      0x2d5 Drivers/STM32F1xx_HAL_Driver/Src/stm32f1xx_hal_cortex.o
 .debug_abbrev  0x00000000000016c7      0x1fe Drivers/STM32F1xx_HAL_Driver/Src/stm32f1xx_hal_dma.o
 .debug_abbrev  0x00000000000018c5      0x1c0 Drivers/STM32F1xx_HAL_Driver/Src/stm32f1xx_hal_gpio.o
 .debug_abbrev  0x0000000000001a85      0x258 Drivers/STM32F1xx_HAL_Driver/Src/stm32f1xx_hal_i2c.o
 .debug_abbrev  0x0000000000001cdd      0x263 Drivers/STM32F1xx_HAL_Driver/Src/stm32f1xx_hal_pcd.o
 .debug_abbrev  0x0000000000001f40      0x188 Drivers/STM32F1xx_HAL_Driver/Src/stm32f1xx_hal_pcd_ex.o
 .debug_abbrev  0x00000000000020c8      0x243 Drivers/STM32F1xx_HAL_Driver/Src/stm32f1xx_hal_rcc.o
 .debug_abbrev  0x000000000000230b      0x175 Drivers/STM32F1xx_HAL_Driver/Src/stm32f1xx_hal_rcc_ex.o
 .debug_abbrev  0x0000000000002480      0x240 Drivers/STM32F1xx_HAL_Driver/Src/stm32f1xx_hal_spi.o
 .debug_abbrev  0x00000000000026c0      0x230 Drivers/STM32F1xx_HAL_Driver/Src/stm32f1xx_hal_tim.o
 .debug_abbrev  0x00000000000028f0      0x21e Drivers/STM32F1xx_HAL_Driver/Src/stm32f1xx_hal_tim_ex.o
 .debug_abbrev  0x0000000000002b0e      0x242 Drivers/STM32F1xx_HAL_Driver/Src/stm32f1xx_hal_uart.o
 .debug_abbrev  0x0000000000002d50      0x1c5 Drivers/STM32F1xx_HAL_Driver/Src/stm32f1xx_ll_usb.o
 .debug_abbrev  0x0000000000002f15      0x2b6 Middlewares/ST/STM32_USB_Device_Library/Class/CDC/Src/usbd_cdc.o
 .debug_abbrev  0x00000000000031cb      0x270 Middlewares/ST/STM32_USB_Device_Library/Core/Src/usbd_core.o
 .debug_abbrev  0x000000000000343b      0x2a0 Middlewares/ST/STM32_USB_Device_Library/Core/Src/usbd_ctlreq.o
 .debug_abbrev  0x00000000000036db      0x1e0 Middlewares/ST/STM32_USB_Device_Library/Core/Src/usbd_ioreq.o
 .debug_abbrev  0x00000000000038bb      0x1d0 USB_DEVICE/App/usb_device.o
 .debug_abbrev  0x0000000000003a8b      0x297 USB_DEVICE/App/usbd_cdc_if.o
 .debug_abbrev  0x0000000000003d22      0x290 USB_DEVICE/App/usbd_desc.o
 .debug_abbrev  0x0000000000003fb2      0x2db USB_DEVICE/Target/usbd_conf.o

.debug_aranges  0x0000000000000000     0x1860
 .debug_aranges
                0x0000000000000000      0x100 3rdparty/w25qxx/w25qxx.o
 .debug_aranges
                0x0000000000000100       0x38 APP/userapp.o
 .debug_aranges
                0x0000000000000138       0x38 APP/userspi.o
 .debug_aranges
                0x0000000000000170       0x40 APP/useruart.o
 .debug_aranges
                0x00000000000001b0       0x60 Core/Src/main.o
 .debug_aranges
                0x0000000000000210       0x50 Core/Src/stm32f1xx_hal_msp.o
 .debug_aranges
                0x0000000000000260       0x30 Core/Src/stm32f1xx_hal_timebase_tim.o
 .debug_aranges
                0x0000000000000290       0x88 Core/Src/stm32f1xx_it.o
 .debug_aranges
                0x0000000000000318       0x28 Core/Src/system_stm32f1xx.o
 .debug_aranges
                0x0000000000000340       0x28 Core/Startup/startup_stm32f103c8tx.o
 .debug_aranges
                0x0000000000000368       0xe0 Drivers/STM32F1xx_HAL_Driver/Src/stm32f1xx_hal.o
 .debug_aranges
                0x0000000000000448      0x100 Drivers/STM32F1xx_HAL_Driver/Src/stm32f1xx_hal_cortex.o
 .debug_aranges
                0x0000000000000548       0x80 Drivers/STM32F1xx_HAL_Driver/Src/stm32f1xx_hal_dma.o
 .debug_aranges
                0x00000000000005c8       0x58 Drivers/STM32F1xx_HAL_Driver/Src/stm32f1xx_hal_gpio.o
 .debug_aranges
                0x0000000000000620      0x290 Drivers/STM32F1xx_HAL_Driver/Src/stm32f1xx_hal_i2c.o
 .debug_aranges
                0x00000000000008b0      0x120 Drivers/STM32F1xx_HAL_Driver/Src/stm32f1xx_hal_pcd.o
 .debug_aranges
                0x00000000000009d0       0x38 Drivers/STM32F1xx_HAL_Driver/Src/stm32f1xx_hal_pcd_ex.o
 .debug_aranges
                0x0000000000000a08       0x90 Drivers/STM32F1xx_HAL_Driver/Src/stm32f1xx_hal_rcc.o
 .debug_aranges
                0x0000000000000a98       0x30 Drivers/STM32F1xx_HAL_Driver/Src/stm32f1xx_hal_rcc_ex.o
 .debug_aranges
                0x0000000000000ac8      0x1d0 Drivers/STM32F1xx_HAL_Driver/Src/stm32f1xx_hal_spi.o
 .debug_aranges
                0x0000000000000c98      0x3a8 Drivers/STM32F1xx_HAL_Driver/Src/stm32f1xx_hal_tim.o
 .debug_aranges
                0x0000000000001040      0x150 Drivers/STM32F1xx_HAL_Driver/Src/stm32f1xx_hal_tim_ex.o
 .debug_aranges
                0x0000000000001190      0x1d0 Drivers/STM32F1xx_HAL_Driver/Src/stm32f1xx_hal_uart.o
 .debug_aranges
                0x0000000000001360      0x108 Drivers/STM32F1xx_HAL_Driver/Src/stm32f1xx_ll_usb.o
 .debug_aranges
                0x0000000000001468       0x90 Middlewares/ST/STM32_USB_Device_Library/Class/CDC/Src/usbd_cdc.o
 .debug_aranges
                0x00000000000014f8       0xb8 Middlewares/ST/STM32_USB_Device_Library/Core/Src/usbd_core.o
 .debug_aranges
                0x00000000000015b0       0x88 Middlewares/ST/STM32_USB_Device_Library/Core/Src/usbd_ctlreq.o
 .debug_aranges
                0x0000000000001638       0x50 Middlewares/ST/STM32_USB_Device_Library/Core/Src/usbd_ioreq.o
 .debug_aranges
                0x0000000000001688       0x20 USB_DEVICE/App/usb_device.o
 .debug_aranges
                0x00000000000016a8       0x40 USB_DEVICE/App/usbd_cdc_if.o
 .debug_aranges
                0x00000000000016e8       0x60 USB_DEVICE/App/usbd_desc.o
 .debug_aranges
                0x0000000000001748      0x118 USB_DEVICE/Target/usbd_conf.o

.debug_ranges   0x0000000000000000     0x16d0
 .debug_ranges  0x0000000000000000      0x138 3rdparty/w25qxx/w25qxx.o
 .debug_ranges  0x0000000000000138       0x28 APP/userapp.o
 .debug_ranges  0x0000000000000160       0x28 APP/userspi.o
 .debug_ranges  0x0000000000000188       0x30 APP/useruart.o
 .debug_ranges  0x00000000000001b8       0x50 Core/Src/main.o
 .debug_ranges  0x0000000000000208       0x40 Core/Src/stm32f1xx_hal_msp.o
 .debug_ranges  0x0000000000000248       0x20 Core/Src/stm32f1xx_hal_timebase_tim.o
 .debug_ranges  0x0000000000000268       0x78 Core/Src/stm32f1xx_it.o
 .debug_ranges  0x00000000000002e0       0x18 Core/Src/system_stm32f1xx.o
 .debug_ranges  0x00000000000002f8       0x20 Core/Startup/startup_stm32f103c8tx.o
 .debug_ranges  0x0000000000000318       0xd0 Drivers/STM32F1xx_HAL_Driver/Src/stm32f1xx_hal.o
 .debug_ranges  0x00000000000003e8       0xf0 Drivers/STM32F1xx_HAL_Driver/Src/stm32f1xx_hal_cortex.o
 .debug_ranges  0x00000000000004d8       0x70 Drivers/STM32F1xx_HAL_Driver/Src/stm32f1xx_hal_dma.o
 .debug_ranges  0x0000000000000548       0x48 Drivers/STM32F1xx_HAL_Driver/Src/stm32f1xx_hal_gpio.o
 .debug_ranges  0x0000000000000590      0x2a0 Drivers/STM32F1xx_HAL_Driver/Src/stm32f1xx_hal_i2c.o
 .debug_ranges  0x0000000000000830      0x110 Drivers/STM32F1xx_HAL_Driver/Src/stm32f1xx_hal_pcd.o
 .debug_ranges  0x0000000000000940       0x28 Drivers/STM32F1xx_HAL_Driver/Src/stm32f1xx_hal_pcd_ex.o
 .debug_ranges  0x0000000000000968       0x80 Drivers/STM32F1xx_HAL_Driver/Src/stm32f1xx_hal_rcc.o
 .debug_ranges  0x00000000000009e8       0x20 Drivers/STM32F1xx_HAL_Driver/Src/stm32f1xx_hal_rcc_ex.o
 .debug_ranges  0x0000000000000a08      0x1c0 Drivers/STM32F1xx_HAL_Driver/Src/stm32f1xx_hal_spi.o
 .debug_ranges  0x0000000000000bc8      0x398 Drivers/STM32F1xx_HAL_Driver/Src/stm32f1xx_hal_tim.o
 .debug_ranges  0x0000000000000f60      0x140 Drivers/STM32F1xx_HAL_Driver/Src/stm32f1xx_hal_tim_ex.o
 .debug_ranges  0x00000000000010a0      0x1c0 Drivers/STM32F1xx_HAL_Driver/Src/stm32f1xx_hal_uart.o
 .debug_ranges  0x0000000000001260       0xf8 Drivers/STM32F1xx_HAL_Driver/Src/stm32f1xx_ll_usb.o
 .debug_ranges  0x0000000000001358       0x80 Middlewares/ST/STM32_USB_Device_Library/Class/CDC/Src/usbd_cdc.o
 .debug_ranges  0x00000000000013d8       0xa8 Middlewares/ST/STM32_USB_Device_Library/Core/Src/usbd_core.o
 .debug_ranges  0x0000000000001480       0x78 Middlewares/ST/STM32_USB_Device_Library/Core/Src/usbd_ctlreq.o
 .debug_ranges  0x00000000000014f8       0x40 Middlewares/ST/STM32_USB_Device_Library/Core/Src/usbd_ioreq.o
 .debug_ranges  0x0000000000001538       0x10 USB_DEVICE/App/usb_device.o
 .debug_ranges  0x0000000000001548       0x30 USB_DEVICE/App/usbd_cdc_if.o
 .debug_ranges  0x0000000000001578       0x50 USB_DEVICE/App/usbd_desc.o
 .debug_ranges  0x00000000000015c8      0x108 USB_DEVICE/Target/usbd_conf.o

.debug_macro    0x0000000000000000     0x616a
 .debug_macro   0x0000000000000000      0x316 3rdparty/w25qxx/w25qxx.o
 .debug_macro   0x0000000000000316       0x28 3rdparty/w25qxx/w25qxx.o
 .debug_macro   0x000000000000033e      0x2ee APP/userapp.o
 .debug_macro   0x000000000000062c      0x305 APP/userspi.o
 .debug_macro   0x0000000000000931      0x2ee APP/useruart.o
 .debug_macro   0x0000000000000c1f      0x3e1 Core/Src/main.o
 .debug_macro   0x0000000000001000       0xc3 Core/Src/main.o
 .debug_macro   0x00000000000010c3      0x174 Core/Src/main.o
 .debug_macro   0x0000000000001237       0x5a Core/Src/main.o
 .debug_macro   0x0000000000001291       0x16 Core/Src/main.o
 .debug_macro   0x00000000000012a7      0x32a Core/Src/main.o
 .debug_macro   0x00000000000015d1       0x10 Core/Src/main.o
 .debug_macro   0x00000000000015e1       0x10 Core/Src/main.o
 .debug_macro   0x00000000000015f1       0x1c Core/Src/main.o
 .debug_macro   0x000000000000160d       0x52 Core/Src/main.o
 .debug_macro   0x000000000000165f       0x40 Core/Src/main.o
 .debug_macro   0x000000000000169f       0x10 Core/Src/main.o
 .debug_macro   0x00000000000016af       0x40 Core/Src/main.o
 .debug_macro   0x00000000000016ef       0xd7 Core/Src/main.o
 .debug_macro   0x00000000000017c6       0x1c Core/Src/main.o
 .debug_macro   0x00000000000017e2       0x3d Core/Src/main.o
 .debug_macro   0x000000000000181f       0x16 Core/Src/main.o
 .debug_macro   0x0000000000001835      0x145 Core/Src/main.o
 .debug_macro   0x000000000000197a       0x60 Core/Src/main.o
 .debug_macro   0x00000000000019da      0x1c8 Core/Src/main.o
 .debug_macro   0x0000000000001ba2      0x1dc Core/Src/stm32f1xx_hal_msp.o
 .debug_macro   0x0000000000001d7e      0x1d2 Core/Src/stm32f1xx_hal_timebase_tim.o
 .debug_macro   0x0000000000001f50      0x1e6 Core/Src/stm32f1xx_it.o
 .debug_macro   0x0000000000002136      0x1d8 Core/Src/system_stm32f1xx.o
 .debug_macro   0x000000000000230e      0x1f6 Drivers/STM32F1xx_HAL_Driver/Src/stm32f1xx_hal.o
 .debug_macro   0x0000000000002504      0x1d2 Drivers/STM32F1xx_HAL_Driver/Src/stm32f1xx_hal_cortex.o
 .debug_macro   0x00000000000026d6      0x1d2 Drivers/STM32F1xx_HAL_Driver/Src/stm32f1xx_hal_dma.o
 .debug_macro   0x00000000000028a8      0x23d Drivers/STM32F1xx_HAL_Driver/Src/stm32f1xx_hal_gpio.o
 .debug_macro   0x0000000000002ae5      0x212 Drivers/STM32F1xx_HAL_Driver/Src/stm32f1xx_hal_i2c.o
 .debug_macro   0x0000000000002cf7      0x1de Drivers/STM32F1xx_HAL_Driver/Src/stm32f1xx_hal_pcd.o
 .debug_macro   0x0000000000002ed5      0x1d2 Drivers/STM32F1xx_HAL_Driver/Src/stm32f1xx_hal_pcd_ex.o
 .debug_macro   0x00000000000030a7      0x1e4 Drivers/STM32F1xx_HAL_Driver/Src/stm32f1xx_hal_rcc.o
 .debug_macro   0x000000000000328b      0x1d2 Drivers/STM32F1xx_HAL_Driver/Src/stm32f1xx_hal_rcc_ex.o
 .debug_macro   0x000000000000345d      0x1da Drivers/STM32F1xx_HAL_Driver/Src/stm32f1xx_hal_spi.o
 .debug_macro   0x0000000000003637      0x1d3 Drivers/STM32F1xx_HAL_Driver/Src/stm32f1xx_hal_tim.o
 .debug_macro   0x000000000000380a      0x1d2 Drivers/STM32F1xx_HAL_Driver/Src/stm32f1xx_hal_tim_ex.o
 .debug_macro   0x00000000000039dc      0x1d3 Drivers/STM32F1xx_HAL_Driver/Src/stm32f1xx_hal_uart.o
 .debug_macro   0x0000000000003baf      0x1d2 Drivers/STM32F1xx_HAL_Driver/Src/stm32f1xx_ll_usb.o
 .debug_macro   0x0000000000003d81      0x3e9 Middlewares/ST/STM32_USB_Device_Library/Class/CDC/Src/usbd_cdc.o
 .debug_macro   0x000000000000416a       0x97 Middlewares/ST/STM32_USB_Device_Library/Class/CDC/Src/usbd_cdc.o
 .debug_macro   0x0000000000004201       0xfd Middlewares/ST/STM32_USB_Device_Library/Class/CDC/Src/usbd_cdc.o
 .debug_macro   0x00000000000042fe       0x8f Middlewares/ST/STM32_USB_Device_Library/Class/CDC/Src/usbd_cdc.o
 .debug_macro   0x000000000000438d      0x3d0 Middlewares/ST/STM32_USB_Device_Library/Core/Src/usbd_core.o
 .debug_macro   0x000000000000475d      0x1ce Middlewares/ST/STM32_USB_Device_Library/Core/Src/usbd_core.o
 .debug_macro   0x000000000000492b      0x3da Middlewares/ST/STM32_USB_Device_Library/Core/Src/usbd_ctlreq.o
 .debug_macro   0x0000000000004d05      0x3d6 Middlewares/ST/STM32_USB_Device_Library/Core/Src/usbd_ioreq.o
 .debug_macro   0x00000000000050db      0x433 USB_DEVICE/App/usb_device.o
 .debug_macro   0x000000000000550e       0x22 USB_DEVICE/App/usb_device.o
 .debug_macro   0x0000000000005530      0x41e USB_DEVICE/App/usbd_cdc_if.o
 .debug_macro   0x000000000000594e      0x40d USB_DEVICE/App/usbd_desc.o
 .debug_macro   0x0000000000005d5b       0x1c USB_DEVICE/App/usbd_desc.o
 .debug_macro   0x0000000000005d77      0x3f3 USB_DEVICE/Target/usbd_conf.o

.debug_line     0x0000000000000000    0x15ae8
 .debug_line    0x0000000000000000      0xd8a 3rdparty/w25qxx/w25qxx.o
 .debug_line    0x0000000000000d8a      0x8ab APP/userapp.o
 .debug_line    0x0000000000001635      0x972 APP/userspi.o
 .debug_line    0x0000000000001fa7      0x8a9 APP/useruart.o
 .debug_line    0x0000000000002850      0xa63 Core/Src/main.o
 .debug_line    0x00000000000032b3      0x75a Core/Src/stm32f1xx_hal_msp.o
 .debug_line    0x0000000000003a0d      0x6df Core/Src/stm32f1xx_hal_timebase_tim.o
 .debug_line    0x00000000000040ec      0x7aa Core/Src/stm32f1xx_it.o
 .debug_line    0x0000000000004896      0x6dc Core/Src/system_stm32f1xx.o
 .debug_line    0x0000000000004f72       0x84 Core/Startup/startup_stm32f103c8tx.o
 .debug_line    0x0000000000004ff6      0x884 Drivers/STM32F1xx_HAL_Driver/Src/stm32f1xx_hal.o
 .debug_line    0x000000000000587a      0x95d Drivers/STM32F1xx_HAL_Driver/Src/stm32f1xx_hal_cortex.o
 .debug_line    0x00000000000061d7      0xaeb Drivers/STM32F1xx_HAL_Driver/Src/stm32f1xx_hal_dma.o
 .debug_line    0x0000000000006cc2      0x884 Drivers/STM32F1xx_HAL_Driver/Src/stm32f1xx_hal_gpio.o
 .debug_line    0x0000000000007546     0x1b47 Drivers/STM32F1xx_HAL_Driver/Src/stm32f1xx_hal_i2c.o
 .debug_line    0x000000000000908d      0xb77 Drivers/STM32F1xx_HAL_Driver/Src/stm32f1xx_hal_pcd.o
 .debug_line    0x0000000000009c04      0x6f7 Drivers/STM32F1xx_HAL_Driver/Src/stm32f1xx_hal_pcd_ex.o
 .debug_line    0x000000000000a2fb      0x946 Drivers/STM32F1xx_HAL_Driver/Src/stm32f1xx_hal_rcc.o
 .debug_line    0x000000000000ac41      0x764 Drivers/STM32F1xx_HAL_Driver/Src/stm32f1xx_hal_rcc_ex.o
 .debug_line    0x000000000000b3a5     0x1052 Drivers/STM32F1xx_HAL_Driver/Src/stm32f1xx_hal_spi.o
 .debug_line    0x000000000000c3f7     0x174a Drivers/STM32F1xx_HAL_Driver/Src/stm32f1xx_hal_tim.o
 .debug_line    0x000000000000db41      0xc97 Drivers/STM32F1xx_HAL_Driver/Src/stm32f1xx_hal_tim_ex.o
 .debug_line    0x000000000000e7d8      0xf8f Drivers/STM32F1xx_HAL_Driver/Src/stm32f1xx_hal_uart.o
 .debug_line    0x000000000000f767      0xb90 Drivers/STM32F1xx_HAL_Driver/Src/stm32f1xx_ll_usb.o
 .debug_line    0x00000000000102f7      0xb62 Middlewares/ST/STM32_USB_Device_Library/Class/CDC/Src/usbd_cdc.o
 .debug_line    0x0000000000010e59      0xb9d Middlewares/ST/STM32_USB_Device_Library/Core/Src/usbd_core.o
 .debug_line    0x00000000000119f6      0xc26 Middlewares/ST/STM32_USB_Device_Library/Core/Src/usbd_ctlreq.o
 .debug_line    0x000000000001261c      0xa06 Middlewares/ST/STM32_USB_Device_Library/Core/Src/usbd_ioreq.o
 .debug_line    0x0000000000013022      0xa17 USB_DEVICE/App/usb_device.o
 .debug_line    0x0000000000013a39      0xa52 USB_DEVICE/App/usbd_cdc_if.o
 .debug_line    0x000000000001448b      0xa3a USB_DEVICE/App/usbd_desc.o
 .debug_line    0x0000000000014ec5      0xc23 USB_DEVICE/Target/usbd_conf.o

.debug_str      0x0000000000000000    0x7b629
 .debug_str     0x0000000000000000    0x73bbd 3rdparty/w25qxx/w25qxx.o
                                      0x73fdf (size before relaxing)
 .debug_str     0x0000000000073bbd       0x78 APP/userapp.o
                                      0x739aa (size before relaxing)
 .debug_str     0x0000000000073c35       0x55 APP/userspi.o
                                      0x73aff (size before relaxing)
 .debug_str     0x0000000000073c8a       0x81 APP/useruart.o
                                      0x739df (size before relaxing)
 .debug_str     0x0000000000073d0b     0x220d Core/Src/main.o
                                      0x75c59 (size before relaxing)
 .debug_str     0x0000000000075f18       0xcc Core/Src/stm32f1xx_hal_msp.o